01-15 16:33:38.504  1389  1389 D WifiService: [FCC]STATE_OUT_OF_SERVICE & Airplane off, setFccChannel(0)!!!

01-15 16:33:38.534  1389  1606 V BroadcastQueue: [background] Process cur broadcast BroadcastRecord{6f519c u-1 android.intent.action.SERVICE_STATE qIdx=4}, state= (APP_RECEIVE) DELIVERED for app ProcessRecord{c23eda7 25781:com.sec.android.app.mt/1000}

01-15 16:33:38.554  1389  3118 V BroadcastQueue: [background] Process cur broadcast BroadcastRecord{6f519c u-1 android.intent.action.SERVICE_STATE qIdx=4}, state= (APP_RECEIVE) DELIVERED for app ProcessRecord{2ff3c2e 20273:com.verizon.messaging.vzmsgs/u0a90}

01-15 16:33:38.604  1389  3694 I Telecom : PhoneAccountRegistrar: [ComponentInfo{com.android.phone/com.android.services.telephony.TelephonyConnectionService}, [406b9cce917dceae5a392405bf42879017fb8c6e], UserHandle{0}(icon: Icon(typ=BITMAP size=96x96) -> Icon(typ=BITMAP size=96x96))(lbl: Searching for Service -> Verizon Wireless)(desc: Searching for Service -> Verizon Wireless)]

01-15 16:33:38.624  1389  3694 I Telecom : : Sending phone-account intent as user

01-15 16:33:38.634  1389  1606 V BroadcastQueue: [background] Process cur broadcast BroadcastRecord{4eb77a5 u-1 android.telecom.action.PHONE_ACCOUNT_REGISTERED qIdx=4}, state= (APP_RECEIVE) DELIVERED for app ProcessRecord{32b9a9d 3060:android.process.acore/u0a47}

01-15 16:33:38.644  1389  3397 W Telecom : : No account found for the calling user

01-15 16:33:38.664  1389  3406 I Telecom : PhoneAccountRegistrar: [ComponentInfo{com.android.phone/com.android.services.telephony.TelephonyConnectionService}, [406b9cce917dceae5a392405bf42879017fb8c6e], UserHandle{0}(icon: Icon(typ=BITMAP size=96x96) -> Icon(typ=BITMAP size=96x96))]

01-15 16:33:38.674  1389  3406 I Telecom : : Sending phone-account intent as user

01-15 16:33:38.684  1389  1606 V BroadcastQueue: [background] Process cur broadcast BroadcastRecord{9d814a3 u-1 android.telecom.action.PHONE_ACCOUNT_REGISTERED qIdx=4}, state= (APP_RECEIVE) DELIVERED for app ProcessRecord{32b9a9d 3060:android.process.acore/u0a47}

01-15 16:33:39.424  1389  6516 D SSRM:n  : SIOP:: AP = 260, PST = 260 (W:30), CUR = -1, LCD = 0

01-15 16:33:42.554  3232  3232 D MccTable: updateMccMncConfiguration mccmnc='311480' fromServiceState=true

01-15 16:33:42.554  3232  3232 D MccTable: updateMccMncConfiguration defaultMccMnc=311480

01-15 16:33:42.554  3232  3232 D MccTable: updateMccMncConfiguration: mcc=311, mnc=480

01-15 16:33:42.554  3232  3232 D MccTable: WIFI_COUNTRY_CODE set to us

01-15 16:33:42.554  1389  3255 I WifiService: WifiService trying to set country code to us with persist set to true

01-15 16:33:42.574  1389  1407 D AlarmManager: setTimeZone : America/Denver calling from uid: 1001 pid :3232

01-15 16:33:42.614  1389  1606 V BroadcastQueue: [background] Process cur broadcast BroadcastRecord{5ca3a0 u-1 android.intent.action.NETWORK_SET_TIMEZONE qIdx=4}, state= (APP_RECEIVE) DELIVERED for app ProcessRecord{ab9c74 13002:com.sec.android.app.popupuireceiver/1000}

01-15 16:33:42.724  1389  1389 D WifiService: onServiceStateChanged : 0

01-15 16:33:42.804  1389  1606 V BroadcastQueue: [background] Process cur broadcast BroadcastRecord{f0c9b59 u-1 android.intent.action.SERVICE_STATE qIdx=4}, state= (APP_RECEIVE) DELIVERED for app ProcessRecord{c23eda7 25781:com.sec.android.app.mt/1000}

01-15 16:33:42.824  1389  3694 V BroadcastQueue: [background] Process cur broadcast BroadcastRecord{f0c9b59 u-1 android.intent.action.SERVICE_STATE qIdx=4}, state= (APP_RECEIVE) DELIVERED for app ProcessRecord{2ff3c2e 20273:com.verizon.messaging.vzmsgs/u0a90}

01-15 16:33:42.874  1389  3605 I Telecom : PhoneAccountRegistrar: [ComponentInfo{com.android.phone/com.android.services.telephony.TelephonyConnectionService}, [406b9cce917dceae5a392405bf42879017fb8c6e], UserHandle{0}(icon: Icon(typ=BITMAP size=96x96) -> Icon(typ=BITMAP size=96x96))(lbl: Verizon Wireless -> Searching for Service)(desc: Verizon Wireless -> Searching for Service)]

01-15 16:33:42.884  1389  3605 I Telecom : : Sending phone-account intent as user

01-15 16:33:42.894  1389  1606 V BroadcastQueue: [background] Process cur broadcast BroadcastRecord{f89731e u-1 android.telecom.action.PHONE_ACCOUNT_REGISTERED qIdx=4}, state= (APP_RECEIVE) DELIVERED for app ProcessRecord{32b9a9d 3060:android.process.acore/u0a47}

01-15 16:33:42.904  1389  3694 W Telecom : : No account found for the calling user

01-15 16:33:42.934  1389  1408 I Telecom : PhoneAccountRegistrar: [ComponentInfo{com.android.phone/com.android.services.telephony.TelephonyConnectionService}, [406b9cce917dceae5a392405bf42879017fb8c6e], UserHandle{0}(icon: Icon(typ=BITMAP size=96x96) -> Icon(typ=BITMAP size=96x96))]

01-15 16:33:42.944  1389  1408 I Telecom : : Sending phone-account intent as user

01-15 16:33:42.954  1389  1606 V BroadcastQueue: [background] Process cur broadcast BroadcastRecord{2f61664 u-1 android.telecom.action.PHONE_ACCOUNT_REGISTERED qIdx=4}, state= (APP_RECEIVE) DELIVERED for app ProcessRecord{32b9a9d 3060:android.process.acore/u0a47}

01-15 16:33:42.974  1389  3605 W Telecom : : No account found for the calling user

01-15 16:33:42.984  1389  3118 I Telecom : PhoneAccountRegistrar: [ComponentInfo{com.android.phone/com.android.services.telephony.TelephonyConnectionService}, [406b9cce917dceae5a392405bf42879017fb8c6e], UserHandle{0}(icon: Icon(typ=BITMAP size=96x96) -> Icon(typ=BITMAP size=96x96))]

01-15 16:33:42.994  1389  3118 I Telecom : : Sending phone-account intent as user

01-15 16:33:43.004  1389  3058 I Telecom : PhoneAccountRegistrar: [ComponentInfo{com.android.phone/com.android.services.telephony.TelephonyConnectionService}, [406b9cce917dceae5a392405bf42879017fb8c6e], UserHandle{0}(icon: Icon(typ=BITMAP size=96x96) -> Icon(typ=BITMAP size=96x96))]

01-15 16:33:43.004  1389  1606 V BroadcastQueue: [background] Process cur broadcast BroadcastRecord{1b52ada u-1 android.telecom.action.PHONE_ACCOUNT_REGISTERED qIdx=4}, state= (APP_RECEIVE) DELIVERED for app ProcessRecord{32b9a9d 3060:android.process.acore/u0a47}

01-15 16:33:43.014  1389  3058 I Telecom : : Sending phone-account intent as user

01-15 16:33:43.024  1389  1606 V BroadcastQueue: [background] Process cur broadcast BroadcastRecord{bcddb0b u-1 android.telecom.action.PHONE_ACCOUNT_REGISTERED qIdx=4}, state= (APP_RECEIVE) DELIVERED for app ProcessRecord{32b9a9d 3060:android.process.acore/u0a47}

01-15 16:33:49.514  1389  6516 D SSRM:n  : SIOP:: AP = 260, PST = 260 (W:30), CUR = -1, LCD = 0

01-15 16:33:50.154  1389  3119 E Watchdog: !@Sync 7495 [01-15 16:33:50.155]

01-15 16:33:58.654  1389  3397 D BatteryService: !@BatteryListener : batteryPropertiesChanged!

01-15 16:33:58.664  1389  3397 D BatteryService: level:100, scale:100, status:5, health:2, present:true, voltage: 4354, temperature: 243, technology: Li-ion, AC powered:false, USB powered:true, POGO powered:false, Wireless powered:false, icon:17303590, invalid charger:0, maxChargingCurrent:0

01-15 16:33:58.664  1389  3397 D BatteryService: online:4, current avg:0, charge type:0, power sharing:false, high voltage charger:false, capacity:280000, batterySWSelfDischarging:false, current_now:0

01-15 16:33:58.664  1389  3397 D BatteryService: stay LED for fully charged

01-15 16:33:58.664  1389  1389 D BatteryService: Sending ACTION_BATTERY_CHANGED.

01-15 16:33:58.664  1389  1389 I MotionRecognitionService: Plugged

01-15 16:33:58.664  1389  1389 D MotionRecognitionService:   cableConnection= 1

01-15 16:33:58.664  1389  1389 D MotionRecognitionService: setPowerConnected | current backoffstate  = 1024 , state =1024

01-15 16:33:58.664  1389  1389 D MotionRecognitionService: skip setTransmitPower. 

01-15 16:33:58.694  2701  2701 D BatteryMeterView: ACTION_BATTERY_CHANGED : level:100 status:5 health:2

01-15 16:33:58.694  2701  2701 D BatteryMeterView: ACTION_BATTERY_CHANGED : level:100 status:5 health:2

01-15 16:33:58.694  2701  2701 D BatteryMeterView: ACTION_BATTERY_CHANGED : level:100 status:5 health:2

01-15 16:33:58.744  1389  3695 V AlarmManager:  remove PendingIntent] PendingIntent{4e5cde8: PendingIntentRecord{d20f27f com.android.phone broadcastIntent}}

01-15 16:33:58.824  1389  2626 D WifiP2pService: InactiveState{ what=147461 }

01-15 16:33:58.824  1389  2626 D WifiP2pService: P2pEnabledState{ what=147461 }

01-15 16:33:58.824  1389  2626 D WifiP2pService: DefaultState{ what=147461 }

01-15 16:33:58.934  1389  1606 V BroadcastQueue: [background] Process cur broadcast BroadcastRecord{4058c01 u-1 android.net.wifi.SCAN_RESULTS qIdx=4}, state= (APP_RECEIVE) DELIVERED for app ProcessRecord{658e338 2701:com.android.systemui/u0a29}

01-15 16:33:59.594  1389  6516 D SSRM:n  : SIOP:: AP = 260, PST = 260 (W:30), LCD = 0

01-15 16:33:59.994  1389  2382 V AlarmManager: Expired Alarm result :8

01-15 16:34:07.734  1389  2382 V AlarmManager: Expired Alarm result :4

01-15 16:34:09.674  1389  6516 D SSRM:n  : SIOP:: AP = 260, PST = 260 (W:30), LCD = 0

01-15 16:34:14.204  3232  3232 D MccTable: updateMccMncConfiguration mccmnc='00000' fromServiceState=true

01-15 16:34:14.204  3232  3232 D MccTable: updateMccMncConfiguration defaultMccMnc=311480

01-15 16:34:14.214  3232  3232 D MccTable: updateMccMncConfiguration: mcc=0, mnc=0

01-15 16:34:14.214  3232  3232 D MccTable: WIFI_COUNTRY_CODE set to 

01-15 16:34:14.214  1389  3605 I WifiService: WifiService trying to set country code to  with persist set to true

01-15 16:34:14.304  1389  1389 D WifiService: onServiceStateChanged : 1

01-15 16:34:14.304  1389  1389 D WifiService: [FCC]STATE_OUT_OF_SERVICE & Airplane off, setFccChannel(0)!!!

01-15 16:34:14.404  1389  1606 V BroadcastQueue: [background] Process cur broadcast BroadcastRecord{e3de094 u-1 android.intent.action.SERVICE_STATE qIdx=4}, state= (APP_RECEIVE) DELIVERED for app ProcessRecord{c23eda7 25781:com.sec.android.app.mt/1000}

01-15 16:34:14.434  1389  3058 V BroadcastQueue: [background] Process cur broadcast BroadcastRecord{e3de094 u-1 android.intent.action.SERVICE_STATE qIdx=4}, state= (APP_RECEIVE) DELIVERED for app ProcessRecord{2ff3c2e 20273:com.verizon.messaging.vzmsgs/u0a90}

01-15 16:34:14.534  1389  3058 I Telecom : PhoneAccountRegistrar: [ComponentInfo{com.android.phone/com.android.services.telephony.TelephonyConnectionService}, [406b9cce917dceae5a392405bf42879017fb8c6e], UserHandle{0}(icon: Icon(typ=BITMAP size=96x96) -> Icon(typ=BITMAP size=96x96))(lbl: Searching for Service -> Verizon Wireless)(desc: Searching for Service -> Verizon Wireless)]

01-15 16:34:14.564  1389  3058 I Telecom : : Sending phone-account intent as user

01-15 16:34:14.574  1389  1606 V BroadcastQueue: [background] Process cur broadcast BroadcastRecord{13de73d u-1 android.telecom.action.PHONE_ACCOUNT_REGISTERED qIdx=4}, state= (APP_RECEIVE) DELIVERED for app ProcessRecord{32b9a9d 3060:android.process.acore/u0a47}

01-15 16:34:14.594  1389  2745 W Telecom : : No account found for the calling user

01-15 16:34:14.614  1389  1407 I Telecom : PhoneAccountRegistrar: [ComponentInfo{com.android.phone/com.android.services.telephony.TelephonyConnectionService}, [406b9cce917dceae5a392405bf42879017fb8c6e], UserHandle{0}(icon: Icon(typ=BITMAP size=96x96) -> Icon(typ=BITMAP size=96x96))]

01-15 16:34:14.624  1389  1407 I Telecom : : Sending phone-account intent as user

01-15 16:34:14.634  1389  1606 V BroadcastQueue: [background] Process cur broadcast BroadcastRecord{38f9cfb u-1 android.telecom.action.PHONE_ACCOUNT_REGISTERED qIdx=4}, state= (APP_RECEIVE) DELIVERED for app ProcessRecord{32b9a9d 3060:android.process.acore/u0a47}

01-15 16:34:17.604  3232  3232 D MccTable: updateMccMncConfiguration mccmnc='311480' fromServiceState=true

01-15 16:34:17.604  3232  3232 D MccTable: updateMccMncConfiguration defaultMccMnc=311480

01-15 16:34:17.604  3232  3232 D MccTable: updateMccMncConfiguration: mcc=311, mnc=480

01-15 16:34:17.604  3232  3232 D MccTable: WIFI_COUNTRY_CODE set to us

01-15 16:34:17.604  1389  3605 I WifiService: WifiService trying to set country code to us with persist set to true

01-15 16:34:17.634  1389  3257 D AlarmManager: setTimeZone : America/Denver calling from uid: 1001 pid :3232

01-15 16:34:17.674  1389  1606 V BroadcastQueue: [background] Process cur broadcast BroadcastRecord{b1c8118 u-1 android.intent.action.NETWORK_SET_TIMEZONE qIdx=4}, state= (APP_RECEIVE) DELIVERED for app ProcessRecord{ab9c74 13002:com.sec.android.app.popupuireceiver/1000}

01-15 16:34:17.714  1389  1389 D WifiService: onServiceStateChanged : 0

01-15 16:34:17.744  1389  1606 V BroadcastQueue: [background] Process cur broadcast BroadcastRecord{b087771 u-1 android.intent.action.SERVICE_STATE qIdx=4}, state= (APP_RECEIVE) DELIVERED for app ProcessRecord{c23eda7 25781:com.sec.android.app.mt/1000}

01-15 16:34:17.774  1389  2357 V BroadcastQueue: [background] Process cur broadcast BroadcastRecord{b087771 u-1 android.intent.action.SERVICE_STATE qIdx=4}, state= (APP_RECEIVE) DELIVERED for app ProcessRecord{2ff3c2e 20273:com.verizon.messaging.vzmsgs/u0a90}

01-15 16:34:17.814  1389  3257 I Telecom : PhoneAccountRegistrar: [ComponentInfo{com.android.phone/com.android.services.telephony.TelephonyConnectionService}, [406b9cce917dceae5a392405bf42879017fb8c6e], UserHandle{0}(icon: Icon(typ=BITMAP size=96x96) -> Icon(typ=BITMAP size=96x96))(lbl: Verizon Wireless -> Searching for Service)(desc: Verizon Wireless -> Searching for Service)]

01-15 16:34:17.824  1389  3257 I Telecom : : Sending phone-account intent as user

01-15 16:34:17.834  1389  1606 V BroadcastQueue: [background] Process cur broadcast BroadcastRecord{9657956 u-1 android.telecom.action.PHONE_ACCOUNT_REGISTERED qIdx=4}, state= (APP_RECEIVE) DELIVERED for app ProcessRecord{32b9a9d 3060:android.process.acore/u0a47}

01-15 16:34:17.854  1389  3260 W Telecom : : No account found for the calling user

01-15 16:34:17.884  1389  3602 I Telecom : PhoneAccountRegistrar: [ComponentInfo{com.android.phone/com.android.services.telephony.TelephonyConnectionService}, [406b9cce917dceae5a392405bf42879017fb8c6e], UserHandle{0}(icon: Icon(typ=BITMAP size=96x96) -> Icon(typ=BITMAP size=96x96))]

01-15 16:34:17.894  1389  3602 I Telecom : : Sending phone-account intent as user

01-15 16:34:17.894  1389  1606 V BroadcastQueue: [background] Process cur broadcast BroadcastRecord{a1dfa5c u-1 android.telecom.action.PHONE_ACCOUNT_REGISTERED qIdx=4}, state= (APP_RECEIVE) DELIVERED for app ProcessRecord{32b9a9d 3060:android.process.acore/u0a47}

01-15 16:34:17.914  1389  3255 W Telecom : : No account found for the calling user

01-15 16:34:17.934  1389  3118 I Telecom : PhoneAccountRegistrar: [ComponentInfo{com.android.phone/com.android.services.telephony.TelephonyConnectionService}, [406b9cce917dceae5a392405bf42879017fb8c6e], UserHandle{0}(icon: Icon(typ=BITMAP size=96x96) -> Icon(typ=BITMAP size=96x96))]

01-15 16:34:17.954  1389  3118 I Telecom : : Sending phone-account intent as user

01-15 16:34:17.964  1389  1606 V BroadcastQueue: [background] Process cur broadcast BroadcastRecord{2e33a92 u-1 android.telecom.action.PHONE_ACCOUNT_REGISTERED qIdx=4}, state= (APP_RECEIVE) DELIVERED for app ProcessRecord{32b9a9d 3060:android.process.acore/u0a47}

01-15 16:34:17.974  1389  2357 I Telecom : PhoneAccountRegistrar: [ComponentInfo{com.android.phone/com.android.services.telephony.TelephonyConnectionService}, [406b9cce917dceae5a392405bf42879017fb8c6e], UserHandle{0}(icon: Icon(typ=BITMAP size=96x96) -> Icon(typ=BITMAP size=96x96))]

01-15 16:34:17.984  1389  2357 I Telecom : : Sending phone-account intent as user

01-15 16:34:17.984  1389  1606 V BroadcastQueue: [background] Process cur broadcast BroadcastRecord{5849c63 u-1 android.telecom.action.PHONE_ACCOUNT_REGISTERED qIdx=4}, state= (APP_RECEIVE) DELIVERED for app ProcessRecord{32b9a9d 3060:android.process.acore/u0a47}

01-15 16:34:19.754  1389  6516 D SSRM:n  : SIOP:: AP = 260, PST = 260 (W:30), LCD = 0

01-15 16:34:20.154  1389  3119 E Watchdog: !@Sync 7496 [01-15 16:34:20.157]

01-15 16:34:25.224  3232  3232 D MccTable: updateMccMncConfiguration mccmnc='00000' fromServiceState=true

01-15 16:34:25.224  3232  3232 D MccTable: updateMccMncConfiguration defaultMccMnc=311480

01-15 16:34:25.224  3232  3232 D MccTable: updateMccMncConfiguration: mcc=0, mnc=0

01-15 16:34:25.224  3232  3232 D MccTable: WIFI_COUNTRY_CODE set to 

01-15 16:34:25.224  1389  1407 I WifiService: WifiService trying to set country code to  with persist set to true

01-15 16:34:25.324  1389  1389 D WifiService: onServiceStateChanged : 1

01-15 16:34:25.334  1389  1389 D WifiService: [FCC]STATE_OUT_OF_SERVICE & Airplane off, setFccChannel(0)!!!

01-15 16:34:25.424  1389  1606 V BroadcastQueue: [background] Process cur broadcast BroadcastRecord{8aef060 u-1 android.intent.action.SERVICE_STATE qIdx=4}, state= (APP_RECEIVE) DELIVERED for app ProcessRecord{c23eda7 25781:com.sec.android.app.mt/1000}

01-15 16:34:25.464  1389  2745 V BroadcastQueue: [background] Process cur broadcast BroadcastRecord{8aef060 u-1 android.intent.action.SERVICE_STATE qIdx=4}, state= (APP_RECEIVE) DELIVERED for app ProcessRecord{2ff3c2e 20273:com.verizon.messaging.vzmsgs/u0a90}

01-15 16:34:25.604  1389  2745 I Telecom : PhoneAccountRegistrar: [ComponentInfo{com.android.phone/com.android.services.telephony.TelephonyConnectionService}, [406b9cce917dceae5a392405bf42879017fb8c6e], UserHandle{0}(icon: Icon(typ=BITMAP size=96x96) -> Icon(typ=BITMAP size=96x96))(lbl: Searching for Service -> Verizon Wireless)(desc: Searching for Service -> Verizon Wireless)]

01-15 16:34:25.644  1389  2745 I Telecom : : Sending phone-account intent as user

01-15 16:34:25.664  1389  1606 V BroadcastQueue: [background] Process cur broadcast BroadcastRecord{9f9c919 u-1 android.telecom.action.PHONE_ACCOUNT_REGISTERED qIdx=4}, state= (APP_RECEIVE) DELIVERED for app ProcessRecord{32b9a9d 3060:android.process.acore/u0a47}

01-15 16:34:25.694  1389  3255 W Telecom : : No account found for the calling user

01-15 16:34:25.714  1389  3260 I Telecom : PhoneAccountRegistrar: [ComponentInfo{com.android.phone/com.android.services.telephony.TelephonyConnectionService}, [406b9cce917dceae5a392405bf42879017fb8c6e], UserHandle{0}(icon: Icon(typ=BITMAP size=96x96) -> Icon(typ=BITMAP size=96x96))]

01-15 16:34:25.734  1389  3260 I Telecom : : Sending phone-account intent as user

01-15 16:34:25.764  1389  1606 V BroadcastQueue: [background] Process cur broadcast BroadcastRecord{51a43b7 u-1 android.telecom.action.PHONE_ACCOUNT_REGISTERED qIdx=4}, state= (APP_RECEIVE) DELIVERED for app ProcessRecord{32b9a9d 3060:android.process.acore/u0a47}

01-15 16:34:28.414  3232  3232 D MccTable: updateMccMncConfiguration mccmnc='311480' fromServiceState=true

01-15 16:34:28.414  3232  3232 D MccTable: updateMccMncConfiguration defaultMccMnc=311480

01-15 16:34:28.414  3232  3232 D MccTable: updateMccMncConfiguration: mcc=311, mnc=480

01-15 16:34:28.414  3232  3232 D MccTable: WIFI_COUNTRY_CODE set to us

01-15 16:34:28.414  1389  2357 I WifiService: WifiService trying to set country code to us with persist set to true

01-15 16:34:28.434  1389  3058 D AlarmManager: setTimeZone : America/Denver calling from uid: 1001 pid :3232

01-15 16:34:28.474  1389  1606 V BroadcastQueue: [background] Process cur broadcast BroadcastRecord{35ac724 u-1 android.intent.action.NETWORK_SET_TIMEZONE qIdx=4}, state= (APP_RECEIVE) DELIVERED for app ProcessRecord{ab9c74 13002:com.sec.android.app.popupuireceiver/1000}

01-15 16:34:28.564  1389  1389 D WifiService: onServiceStateChanged : 0

01-15 16:34:28.654  1389  1606 V BroadcastQueue: [background] Process cur broadcast BroadcastRecord{2bf28d u-1 android.intent.action.SERVICE_STATE qIdx=4}, state= (APP_RECEIVE) DELIVERED for app ProcessRecord{c23eda7 25781:com.sec.android.app.mt/1000}

01-15 16:34:28.704  1389  3605 V BroadcastQueue: [background] Process cur broadcast BroadcastRecord{2bf28d u-1 android.intent.action.SERVICE_STATE qIdx=4}, state= (APP_RECEIVE) DELIVERED for app ProcessRecord{2ff3c2e 20273:com.verizon.messaging.vzmsgs/u0a90}

01-15 16:34:28.774  1389  3406 I Telecom : PhoneAccountRegistrar: [ComponentInfo{com.android.phone/com.android.services.telephony.TelephonyConnectionService}, [406b9cce917dceae5a392405bf42879017fb8c6e], UserHandle{0}(icon: Icon(typ=BITMAP size=96x96) -> Icon(typ=BITMAP size=96x96))(lbl: Verizon Wireless -> Searching for Service)(desc: Verizon Wireless -> Searching for Service)]

01-15 16:34:28.794  1389  3406 I Telecom : : Sending phone-account intent as user

01-15 16:34:28.804  1389  1606 V BroadcastQueue: [background] Process cur broadcast BroadcastRecord{cab6c42 u-1 android.telecom.action.PHONE_ACCOUNT_REGISTERED qIdx=4}, state= (APP_RECEIVE) DELIVERED for app ProcessRecord{32b9a9d 3060:android.process.acore/u0a47}

01-15 16:34:28.824  1389  3257 W Telecom : : No account found for the calling user

01-15 16:34:28.844  1389  2357 I Telecom : PhoneAccountRegistrar: [ComponentInfo{com.android.phone/com.android.services.telephony.TelephonyConnectionService}, [406b9cce917dceae5a392405bf42879017fb8c6e], UserHandle{0}(icon: Icon(typ=BITMAP size=96x96) -> Icon(typ=BITMAP size=96x96))]

01-15 16:34:28.854  1389  2357 I Telecom : : Sending phone-account intent as user

01-15 16:34:28.864  1389  1606 V BroadcastQueue: [background] Process cur broadcast BroadcastRecord{f8fa2a8 u-1 android.telecom.action.PHONE_ACCOUNT_REGISTERED qIdx=4}, state= (APP_RECEIVE) DELIVERED for app ProcessRecord{32b9a9d 3060:android.process.acore/u0a47}

01-15 16:34:28.884  1389  3406 W Telecom : : No account found for the calling user

01-15 16:34:28.894  1389  2357 I Telecom : PhoneAccountRegistrar: [ComponentInfo{com.android.phone/com.android.services.telephony.TelephonyConnectionService}, [406b9cce917dceae5a392405bf42879017fb8c6e], UserHandle{0}(icon: Icon(typ=BITMAP size=96x96) -> Icon(typ=BITMAP size=96x96))]

01-15 16:34:28.904  1389  2357 I Telecom : : Sending phone-account intent as user

01-15 16:34:28.914  1389  1606 V BroadcastQueue: [background] Process cur broadcast BroadcastRecord{4d2333e u-1 android.telecom.action.PHONE_ACCOUNT_REGISTERED qIdx=4}, state= (APP_RECEIVE) DELIVERED for app ProcessRecord{32b9a9d 3060:android.process.acore/u0a47}

01-15 16:34:28.924  1389  3058 I Telecom : PhoneAccountRegistrar: [ComponentInfo{com.android.phone/com.android.services.telephony.TelephonyConnectionService}, [406b9cce917dceae5a392405bf42879017fb8c6e], UserHandle{0}(icon: Icon(typ=BITMAP size=96x96) -> Icon(typ=BITMAP size=96x96))]

01-15 16:34:28.934  1389  3058 I Telecom : : Sending phone-account intent as user

01-15 16:34:28.944  1389  1606 V BroadcastQueue: [background] Process cur broadcast BroadcastRecord{910e59f u-1 android.telecom.action.PHONE_ACCOUNT_REGISTERED qIdx=4}, state= (APP_RECEIVE) DELIVERED for app ProcessRecord{32b9a9d 3060:android.process.acore/u0a47}

01-15 16:34:28.994  1389  3260 D BatteryService: !@BatteryListener : batteryPropertiesChanged!

01-15 16:34:29.834  1389  6516 D SSRM:n  : SIOP:: AP = 260, PST = 260 (W:30), LCD = 0

01-15 16:34:36.244  3232  3232 D MccTable: updateMccMncConfiguration mccmnc='00000' fromServiceState=true

01-15 16:34:36.244  3232  3232 D MccTable: updateMccMncConfiguration defaultMccMnc=311480

01-15 16:34:36.244  3232  3232 D MccTable: updateMccMncConfiguration: mcc=0, mnc=0

01-15 16:34:36.244  3232  3232 D MccTable: WIFI_COUNTRY_CODE set to 

01-15 16:34:36.244  1389  1408 I WifiService: WifiService trying to set country code to  with persist set to true

01-15 16:34:36.334  1389  1389 D WifiService: onServiceStateChanged : 1

01-15 16:34:36.334  1389  1389 D WifiService: [FCC]STATE_OUT_OF_SERVICE & Airplane off, setFccChannel(0)!!!

01-15 16:34:36.414  1389  1606 V BroadcastQueue: [background] Process cur broadcast BroadcastRecord{a2266ec u-1 android.intent.action.SERVICE_STATE qIdx=4}, state= (APP_RECEIVE) DELIVERED for app ProcessRecord{c23eda7 25781:com.sec.android.app.mt/1000}

01-15 16:34:36.424  1389  3406 V BroadcastQueue: [background] Process cur broadcast BroadcastRecord{a2266ec u-1 android.intent.action.SERVICE_STATE qIdx=4}, state= (APP_RECEIVE) DELIVERED for app ProcessRecord{2ff3c2e 20273:com.verizon.messaging.vzmsgs/u0a90}

01-15 16:34:36.474  1389  3406 I Telecom : PhoneAccountRegistrar: [ComponentInfo{com.android.phone/com.android.services.telephony.TelephonyConnectionService}, [406b9cce917dceae5a392405bf42879017fb8c6e], UserHandle{0}(icon: Icon(typ=BITMAP size=96x96) -> Icon(typ=BITMAP size=96x96))(lbl: Searching for Service -> Verizon Wireless)(desc: Searching for Service -> Verizon Wireless)]

01-15 16:34:36.484  1389  3406 I Telecom : : Sending phone-account intent as user

01-15 16:34:36.494  1389  1606 V BroadcastQueue: [background] Process cur broadcast BroadcastRecord{289eab5 u-1 android.telecom.action.PHONE_ACCOUNT_REGISTERED qIdx=4}, state= (APP_RECEIVE) DELIVERED for app ProcessRecord{32b9a9d 3060:android.process.acore/u0a47}

01-15 16:34:36.514  1389  3058 W Telecom : : No account found for the calling user

01-15 16:34:36.544  1389  3257 I Telecom : PhoneAccountRegistrar: [ComponentInfo{com.android.phone/com.android.services.telephony.TelephonyConnectionService}, [406b9cce917dceae5a392405bf42879017fb8c6e], UserHandle{0}(icon: Icon(typ=BITMAP size=96x96) -> Icon(typ=BITMAP size=96x96))]

01-15 16:34:36.564  1389  3257 I Telecom : : Sending phone-account intent as user

01-15 16:34:36.574  1389  1606 V BroadcastQueue: [background] Process cur broadcast BroadcastRecord{7a38833 u-1 android.telecom.action.PHONE_ACCOUNT_REGISTERED qIdx=4}, state= (APP_RECEIVE) DELIVERED for app ProcessRecord{32b9a9d 3060:android.process.acore/u0a47}

01-15 16:34:39.464  3232  3232 D MccTable: updateMccMncConfiguration mccmnc='311480' fromServiceState=true

01-15 16:34:39.464  3232  3232 D MccTable: updateMccMncConfiguration defaultMccMnc=311480

01-15 16:34:39.464  3232  3232 D MccTable: updateMccMncConfiguration: mcc=311, mnc=480

01-15 16:34:39.464  3232  3232 D MccTable: WIFI_COUNTRY_CODE set to us

01-15 16:34:39.464  1389  1407 I WifiService: WifiService trying to set country code to us with persist set to true

01-15 16:34:39.494  1389  3373 D AlarmManager: setTimeZone : America/Denver calling from uid: 1001 pid :3232

01-15 16:34:39.524  1389  1606 V BroadcastQueue: [background] Process cur broadcast BroadcastRecord{e92b7f0 u-1 android.intent.action.NETWORK_SET_TIMEZONE qIdx=4}, state= (APP_RECEIVE) DELIVERED for app ProcessRecord{ab9c74 13002:com.sec.android.app.popupuireceiver/1000}

01-15 16:34:39.624  1389  1389 D WifiService: onServiceStateChanged : 0

01-15 16:34:39.704  1389  1606 V BroadcastQueue: [background] Process cur broadcast BroadcastRecord{c23a169 u-1 android.intent.action.SERVICE_STATE qIdx=4}, state= (APP_RECEIVE) DELIVERED for app ProcessRecord{c23eda7 25781:com.sec.android.app.mt/1000}

01-15 16:34:39.744  1389  3406 V BroadcastQueue: [background] Process cur broadcast BroadcastRecord{c23a169 u-1 android.intent.action.SERVICE_STATE qIdx=4}, state= (APP_RECEIVE) DELIVERED for app ProcessRecord{2ff3c2e 20273:com.verizon.messaging.vzmsgs/u0a90}

01-15 16:34:39.834  1389  1408 I Telecom : PhoneAccountRegistrar: [ComponentInfo{com.android.phone/com.android.services.telephony.TelephonyConnectionService}, [406b9cce917dceae5a392405bf42879017fb8c6e], UserHandle{0}(icon: Icon(typ=BITMAP size=96x96) -> Icon(typ=BITMAP size=96x96))(lbl: Verizon Wireless -> Searching for Service)(desc: Verizon Wireless -> Searching for Service)]

01-15 16:34:39.854  1389  1408 I Telecom : : Sending phone-account intent as user

01-15 16:34:39.874  1389  1606 V BroadcastQueue: [background] Process cur broadcast BroadcastRecord{68fe7ee u-1 android.telecom.action.PHONE_ACCOUNT_REGISTERED qIdx=4}, state= (APP_RECEIVE) DELIVERED for app ProcessRecord{32b9a9d 3060:android.process.acore/u0a47}

01-15 16:34:39.894  1389  2357 W Telecom : : No account found for the calling user

01-15 16:34:39.904  1389  6516 D SSRM:n  : SIOP:: AP = 260, PST = 260 (W:30), LCD = 0

01-15 16:34:39.924  1389  3373 I Telecom : PhoneAccountRegistrar: [ComponentInfo{com.android.phone/com.android.services.telephony.TelephonyConnectionService}, [406b9cce917dceae5a392405bf42879017fb8c6e], UserHandle{0}(icon: Icon(typ=BITMAP size=96x96) -> Icon(typ=BITMAP size=96x96))]

01-15 16:34:39.934  1389  3373 I Telecom : : Sending phone-account intent as user

01-15 16:34:39.944  1389  1606 V BroadcastQueue: [background] Process cur broadcast BroadcastRecord{b0ef9b4 u-1 android.telecom.action.PHONE_ACCOUNT_REGISTERED qIdx=4}, state= (APP_RECEIVE) DELIVERED for app ProcessRecord{32b9a9d 3060:android.process.acore/u0a47}

01-15 16:34:39.964  1389  1408 W Telecom : : No account found for the calling user

01-15 16:34:39.974  1389  3373 I Telecom : PhoneAccountRegistrar: [ComponentInfo{com.android.phone/com.android.services.telephony.TelephonyConnectionService}, [406b9cce917dceae5a392405bf42879017fb8c6e], UserHandle{0}(icon: Icon(typ=BITMAP size=96x96) -> Icon(typ=BITMAP size=96x96))]

01-15 16:34:39.984  1389  3373 I Telecom : : Sending phone-account intent as user

01-15 16:34:39.994  1389  2745 I Telecom : PhoneAccountRegistrar: [ComponentInfo{com.android.phone/com.android.services.telephony.TelephonyConnectionService}, [406b9cce917dceae5a392405bf42879017fb8c6e], UserHandle{0}(icon: Icon(typ=BITMAP size=96x96) -> Icon(typ=BITMAP size=96x96))]

01-15 16:34:40.004  1389  1606 V BroadcastQueue: [background] Process cur broadcast BroadcastRecord{73e30aa u-1 android.telecom.action.PHONE_ACCOUNT_REGISTERED qIdx=4}, state= (APP_RECEIVE) DELIVERED for app ProcessRecord{32b9a9d 3060:android.process.acore/u0a47}

01-15 16:34:40.014  1389  2745 I Telecom : : Sending phone-account intent as user

01-15 16:34:40.024  1389  1606 V BroadcastQueue: [background] Process cur broadcast BroadcastRecord{5cab49b u-1 android.telecom.action.PHONE_ACCOUNT_REGISTERED qIdx=4}, state= (APP_RECEIVE) DELIVERED for app ProcessRecord{32b9a9d 3060:android.process.acore/u0a47}

01-15 16:34:50.004  1389  6516 D SSRM:n  : SIOP:: AP = 260, PST = 260 (W:30), LCD = 0

01-15 16:34:50.154  1389  3119 E Watchdog: !@Sync 7497 [01-15 16:34:50.159]

01-15 16:34:59.374  1389  3695 D BatteryService: !@BatteryListener : batteryPropertiesChanged!

01-15 16:34:59.374  1389  3695 D BatteryService: level:100, scale:100, status:5, health:2, present:true, voltage: 4353, temperature: 243, technology: Li-ion, AC powered:false, USB powered:true, POGO powered:false, Wireless powered:false, icon:17303590, invalid charger:0, maxChargingCurrent:0

01-15 16:34:59.374  1389  3695 D BatteryService: online:4, current avg:0, charge type:0, power sharing:false, high voltage charger:false, capacity:280000, batterySWSelfDischarging:false, current_now:0

01-15 16:34:59.374  1389  3695 D BatteryService: stay LED for fully charged

01-15 16:34:59.374  1389  1389 D BatteryService: Sending ACTION_BATTERY_CHANGED.

01-15 16:34:59.374  1389  1389 I MotionRecognitionService: Plugged

01-15 16:34:59.374  1389  1389 D MotionRecognitionService:   cableConnection= 1

01-15 16:34:59.374  1389  1389 D MotionRecognitionService: setPowerConnected | current backoffstate  = 1024 , state =1024

01-15 16:34:59.374  1389  1389 D MotionRecognitionService: skip setTransmitPower. 

01-15 16:34:59.404  2701  2701 D BatteryMeterView: ACTION_BATTERY_CHANGED : level:100 status:5 health:2

01-15 16:34:59.404  2701  2701 D BatteryMeterView: ACTION_BATTERY_CHANGED : level:100 status:5 health:2

01-15 16:34:59.404  2701  2701 D BatteryMeterView: ACTION_BATTERY_CHANGED : level:100 status:5 health:2

01-15 16:34:59.434  1389  3373 V AlarmManager:  remove PendingIntent] PendingIntent{5385038: PendingIntentRecord{d20f27f com.android.phone broadcastIntent}}

01-15 16:34:59.994  1389  2382 V AlarmManager: Expired Alarm result :8

01-15 16:35:00.084  1389  6516 D SSRM:n  : SIOP:: AP = 260, PST = 260 (W:30), LCD = 0

01-15 16:35:09.224  1389  1622 D BatteryStatsImpl: poolsize= 1, curBatteryRealtime= 1275240000, mUpdateTime= 0, mTimeout= 0, mNesting= 0, mTotalTime= 0

01-15 16:35:10.164  1389  6516 D SSRM:n  : SIOP:: AP = 260, PST = 260 (W:30), LCD = 0

01-15 16:35:16.324  1389  2370 D TimaService: TIMA: TimaService scheduler is intialized. 

01-15 16:35:16.324  1389  2370 D TimaService: TIMA: checkEvent, operation: 50000 subject: 10000

01-15 16:35:16.324  1389  2369 D TimaService: TimaServiceHandler.handleMessage what =1

01-15 16:35:19.464  1389  2370 D TimaService: TIMA MEASUREMENT Result: TIMA_STATUS=0;MSG=Kernel Verification Success;

01-15 16:35:19.464  1389  2370 D TimaService: TIMA MEASUREMENT success status: TIMA_STATUS=0;MSG=Kernel Verification Success;

01-15 16:35:20.154  1389  3119 E Watchdog: !@Sync 7498 [01-15 16:35:20.161]

01-15 16:35:20.254  1389  6516 D SSRM:n  : SIOP:: AP = 260, PST = 260 (W:30), LCD = 0

01-15 16:35:23.354  1389  2382 V AlarmManager: Expired Alarm result :4

01-15 16:35:23.364  1389  1389 V AlarmManager: ___SyncScheduler (v3) ACTIVATED___

01-15 16:35:23.364  1389  1389 V AlarmManagerEXT: <AppSync3 Whitelist>

01-15 16:35:23.364  1389  1389 V AlarmManagerEXT: (AppSync) ### 0 added ###

01-15 16:35:23.424  1389  1606 I ProcessStatsService: Prepared write state in 14ms

01-15 16:35:23.454  1389  1606 I ProcessStatsService: Prepared write state in 6ms

01-15 16:35:29.734  1389  3694 D BatteryService: !@BatteryListener : batteryPropertiesChanged!

01-15 16:35:29.734  1389  3694 D BatteryService: level:100, scale:100, status:5, health:2, present:true, voltage: 4355, temperature: 243, technology: Li-ion, AC powered:false, USB powered:true, POGO powered:false, Wireless powered:false, icon:17303590, invalid charger:0, maxChargingCurrent:0

01-15 16:35:29.734  1389  3694 D BatteryService: online:4, current avg:0, charge type:0, power sharing:false, high voltage charger:false, capacity:280000, batterySWSelfDischarging:false, current_now:0

01-15 16:35:29.734  1389  3694 D BatteryService: stay LED for fully charged

01-15 16:35:29.734  1389  1389 D BatteryService: Sending ACTION_BATTERY_CHANGED.

01-15 16:35:29.744  1389  1389 I MotionRecognitionService: Plugged

01-15 16:35:29.744  1389  1389 D MotionRecognitionService:   cableConnection= 1

01-15 16:35:29.744  1389  1389 D MotionRecognitionService: setPowerConnected | current backoffstate  = 1024 , state =1024

01-15 16:35:29.744  1389  1389 D MotionRecognitionService: skip setTransmitPower. 

01-15 16:35:29.774  2701  2701 D BatteryMeterView: ACTION_BATTERY_CHANGED : level:100 status:5 health:2

01-15 16:35:29.774  2701  2701 D BatteryMeterView: ACTION_BATTERY_CHANGED : level:100 status:5 health:2

01-15 16:35:29.774  2701  2701 D BatteryMeterView: ACTION_BATTERY_CHANGED : level:100 status:5 health:2

01-15 16:35:29.814  1389  2745 V AlarmManager:  remove PendingIntent] PendingIntent{e15ff77: PendingIntentRecord{d20f27f com.android.phone broadcastIntent}}

01-15 16:35:30.334  1389  6516 D SSRM:n  : SIOP:: AP = 260, PST = 260 (W:30), LCD = 0

01-15 16:35:40.424  1389  6516 D SSRM:n  : SIOP:: AP = 260, PST = 260 (W:30), LCD = 0

01-15 16:35:45.114  3232  3232 D MccTable: updateMccMncConfiguration mccmnc='00000' fromServiceState=true

01-15 16:35:45.114  3232  3232 D MccTable: updateMccMncConfiguration defaultMccMnc=311480

01-15 16:35:45.114  3232  3232 D MccTable: updateMccMncConfiguration: mcc=0, mnc=0

01-15 16:35:45.114  3232  3232 D MccTable: WIFI_COUNTRY_CODE set to 

01-15 16:35:45.114  1389  3255 I WifiService: WifiService trying to set country code to  with persist set to true

01-15 16:35:45.214  1389  1389 D WifiService: onServiceStateChanged : 1

01-15 16:35:45.224  1389  1389 D WifiService: [FCC]STATE_OUT_OF_SERVICE & Airplane off, setFccChannel(0)!!!

01-15 16:35:45.254  1389  1606 V BroadcastQueue: [background] Process cur broadcast BroadcastRecord{3e37e4 u-1 android.intent.action.SERVICE_STATE qIdx=4}, state= (APP_RECEIVE) DELIVERED for app ProcessRecord{c23eda7 25781:com.sec.android.app.mt/1000}

01-15 16:35:45.284  1389  3605 V BroadcastQueue: [background] Process cur broadcast BroadcastRecord{3e37e4 u-1 android.intent.action.SERVICE_STATE qIdx=4}, state= (APP_RECEIVE) DELIVERED for app ProcessRecord{2ff3c2e 20273:com.verizon.messaging.vzmsgs/u0a90}

01-15 16:35:45.344  1389  3118 I Telecom : PhoneAccountRegistrar: [ComponentInfo{com.android.phone/com.android.services.telephony.TelephonyConnectionService}, [406b9cce917dceae5a392405bf42879017fb8c6e], UserHandle{0}(icon: Icon(typ=BITMAP size=96x96) -> Icon(typ=BITMAP size=96x96))(lbl: Searching for Service -> Verizon Wireless)(desc: Searching for Service -> Verizon Wireless)]

01-15 16:35:45.364  1389  3118 I Telecom : : Sending phone-account intent as user

01-15 16:35:45.374  1389  1606 V BroadcastQueue: [background] Process cur broadcast BroadcastRecord{ddd744d u-1 android.telecom.action.PHONE_ACCOUNT_REGISTERED qIdx=4}, state= (APP_RECEIVE) DELIVERED for app ProcessRecord{32b9a9d 3060:android.process.acore/u0a47}

01-15 16:35:45.394  1389  3695 W Telecom : : No account found for the calling user

01-15 16:35:45.414  1389  3257 I Telecom : PhoneAccountRegistrar: [ComponentInfo{com.android.phone/com.android.services.telephony.TelephonyConnectionService}, [406b9cce917dceae5a392405bf42879017fb8c6e], UserHandle{0}(icon: Icon(typ=BITMAP size=96x96) -> Icon(typ=BITMAP size=96x96))]

01-15 16:35:45.424  1389  3257 I Telecom : : Sending phone-account intent as user

01-15 16:35:45.434  1389  1606 V BroadcastQueue: [background] Process cur broadcast BroadcastRecord{87dfa8b u-1 android.telecom.action.PHONE_ACCOUNT_REGISTERED qIdx=4}, state= (APP_RECEIVE) DELIVERED for app ProcessRecord{32b9a9d 3060:android.process.acore/u0a47}

01-15 16:35:48.564  3232  3232 D MccTable: updateMccMncConfiguration mccmnc='311480' fromServiceState=true

01-15 16:35:48.574  3232  3232 D MccTable: updateMccMncConfiguration defaultMccMnc=311480

01-15 16:35:48.574  3232  3232 D MccTable: updateMccMncConfiguration: mcc=311, mnc=480

01-15 16:35:48.574  3232  3232 D MccTable: WIFI_COUNTRY_CODE set to us

01-15 16:35:48.574  1389  1407 I WifiService: WifiService trying to set country code to us with persist set to true

01-15 16:35:48.594  1389  3058 D AlarmManager: setTimeZone : America/Denver calling from uid: 1001 pid :3232

01-15 16:35:48.644  1389  1606 V BroadcastQueue: [background] Process cur broadcast BroadcastRecord{27c3768 u-1 android.intent.action.NETWORK_SET_TIMEZONE qIdx=4}, state= (APP_RECEIVE) DELIVERED for app ProcessRecord{ab9c74 13002:com.sec.android.app.popupuireceiver/1000}

01-15 16:35:48.704  1389  1757 W ProcessCpuTracker: Skipping unknown process pid 11232

01-15 16:35:48.704  1389  1389 D WifiService: onServiceStateChanged : 0

01-15 16:35:48.734  1389  1606 V BroadcastQueue: [background] Process cur broadcast BroadcastRecord{a357781 u-1 android.intent.action.SERVICE_STATE qIdx=4}, state= (APP_RECEIVE) DELIVERED for app ProcessRecord{c23eda7 25781:com.sec.android.app.mt/1000}

01-15 16:35:48.744  1389  3373 V BroadcastQueue: [background] Process cur broadcast BroadcastRecord{a357781 u-1 android.intent.action.SERVICE_STATE qIdx=4}, state= (APP_RECEIVE) DELIVERED for app ProcessRecord{2ff3c2e 20273:com.verizon.messaging.vzmsgs/u0a90}

01-15 16:35:48.794  1389  3373 I Telecom : PhoneAccountRegistrar: [ComponentInfo{com.android.phone/com.android.services.telephony.TelephonyConnectionService}, [406b9cce917dceae5a392405bf42879017fb8c6e], UserHandle{0}(icon: Icon(typ=BITMAP size=96x96) -> Icon(typ=BITMAP size=96x96))(lbl: Verizon Wireless -> Searching for Service)(desc: Verizon Wireless -> Searching for Service)]

01-15 16:35:48.804  1389  3373 I Telecom : : Sending phone-account intent as user

01-15 16:35:48.814  1389  1606 V BroadcastQueue: [background] Process cur broadcast BroadcastRecord{1f36026 u-1 android.telecom.action.PHONE_ACCOUNT_REGISTERED qIdx=4}, state= (APP_RECEIVE) DELIVERED for app ProcessRecord{32b9a9d 3060:android.process.acore/u0a47}

01-15 16:35:48.824  1389  3058 W Telecom : : No account found for the calling user

01-15 16:35:48.854  1389  3397 I Telecom : PhoneAccountRegistrar: [ComponentInfo{com.android.phone/com.android.services.telephony.TelephonyConnectionService}, [406b9cce917dceae5a392405bf42879017fb8c6e], UserHandle{0}(icon: Icon(typ=BITMAP size=96x96) -> Icon(typ=BITMAP size=96x96))]

01-15 16:35:48.854  1389  3397 I Telecom : : Sending phone-account intent as user

01-15 16:35:48.864  1389  1606 V BroadcastQueue: [background] Process cur broadcast BroadcastRecord{78edfac u-1 android.telecom.action.PHONE_ACCOUNT_REGISTERED qIdx=4}, state= (APP_RECEIVE) DELIVERED for app ProcessRecord{32b9a9d 3060:android.process.acore/u0a47}

01-15 16:35:48.884  1389  1407 W Telecom : : No account found for the calling user

01-15 16:35:48.894  1389  3255 I Telecom : PhoneAccountRegistrar: [ComponentInfo{com.android.phone/com.android.services.telephony.TelephonyConnectionService}, [406b9cce917dceae5a392405bf42879017fb8c6e], UserHandle{0}(icon: Icon(typ=BITMAP size=96x96) -> Icon(typ=BITMAP size=96x96))]

01-15 16:35:48.904  1389  3255 I Telecom : : Sending phone-account intent as user

01-15 16:35:48.914  1389  3695 I Telecom : PhoneAccountRegistrar: [ComponentInfo{com.android.phone/com.android.services.telephony.TelephonyConnectionService}, [406b9cce917dceae5a392405bf42879017fb8c6e], UserHandle{0}(icon: Icon(typ=BITMAP size=96x96) -> Icon(typ=BITMAP size=96x96))]

01-15 16:35:48.914  1389  1606 V BroadcastQueue: [background] Process cur broadcast BroadcastRecord{d415262 u-1 android.telecom.action.PHONE_ACCOUNT_REGISTERED qIdx=4}, state= (APP_RECEIVE) DELIVERED for app ProcessRecord{32b9a9d 3060:android.process.acore/u0a47}

01-15 16:35:48.924  1389  3695 I Telecom : : Sending phone-account intent as user

01-15 16:35:48.934  1389  1606 V BroadcastQueue: [background] Process cur broadcast BroadcastRecord{5b61ff3 u-1 android.telecom.action.PHONE_ACCOUNT_REGISTERED qIdx=4}, state= (APP_RECEIVE) DELIVERED for app ProcessRecord{32b9a9d 3060:android.process.acore/u0a47}

01-15 16:35:50.164  1389  3119 E Watchdog: !@Sync 7499 [01-15 16:35:50.163]

01-15 16:35:50.494  1389  6516 D SSRM:n  : SIOP:: AP = 260, PST = 260 (W:30), LCD = 0

01-15 16:35:59.994  1389  2382 V AlarmManager: Expired Alarm result :8

01-15 16:36:00.094  1389  3260 D BatteryService: !@BatteryListener : batteryPropertiesChanged!

01-15 16:36:00.094  1389  3260 D BatteryService: level:100, scale:100, status:5, health:2, present:true, voltage: 4354, temperature: 244, technology: Li-ion, AC powered:false, USB powered:true, POGO powered:false, Wireless powered:false, icon:17303590, invalid charger:0, maxChargingCurrent:0

01-15 16:36:00.094  1389  3260 D BatteryService: online:4, current avg:-1, charge type:0, power sharing:false, high voltage charger:false, capacity:280000, batterySWSelfDischarging:false, current_now:0

01-15 16:36:00.094  1389  3260 D BatteryService: stay LED for fully charged

01-15 16:36:00.094  1389  1389 D BatteryService: Sending ACTION_BATTERY_CHANGED.

01-15 16:36:00.104  1389  1389 I MotionRecognitionService: Plugged

01-15 16:36:00.104  1389  1389 D MotionRecognitionService:   cableConnection= 1

01-15 16:36:00.104  1389  1389 D MotionRecognitionService: setPowerConnected | current backoffstate  = 1024 , state =1024

01-15 16:36:00.104  1389  1389 D MotionRecognitionService: skip setTransmitPower. 

01-15 16:36:00.134  2701  2701 D BatteryMeterView: ACTION_BATTERY_CHANGED : level:100 status:5 health:2

01-15 16:36:00.134  2701  2701 D BatteryMeterView: ACTION_BATTERY_CHANGED : level:100 status:5 health:2

01-15 16:36:00.134  2701  2701 D BatteryMeterView: ACTION_BATTERY_CHANGED : level:100 status:5 health:2

01-15 16:36:00.174  1389  3255 V AlarmManager:  remove PendingIntent] PendingIntent{539d4b0: PendingIntentRecord{88d5f29 com.android.phone broadcastIntent}}

01-15 16:36:00.574  1389  6516 D SSRM:n  : SIOP:: AP = 260, PST = 260 (W:30), CUR = -1, LCD = 0

01-15 16:36:10.664  1389  6516 D SSRM:n  : SIOP:: AP = 260, PST = 260 (W:30), CUR = -1, LCD = 0

01-15 16:36:10.794  1389  2626 D WifiP2pService: InactiveState{ what=147461 }

01-15 16:36:10.794  1389  2626 D WifiP2pService: P2pEnabledState{ what=147461 }

01-15 16:36:10.794  1389  2626 D WifiP2pService: DefaultState{ what=147461 }

01-15 16:36:10.864  1389  1606 V BroadcastQueue: [background] Process cur broadcast BroadcastRecord{9e632ae u-1 android.net.wifi.SCAN_RESULTS qIdx=4}, state= (APP_RECEIVE) DELIVERED for app ProcessRecord{658e338 2701:com.android.systemui/u0a29}

01-15 16:36:20.164  1389  3119 E Watchdog: !@Sync 7500 [01-15 16:36:20.166]

01-15 16:36:20.784  1389  6516 D SSRM:n  : SIOP:: AP = 260, PST = 260 (W:30), CUR = -1, LCD = 0

01-15 16:36:30.474  1389  2357 D BatteryService: !@BatteryListener : batteryPropertiesChanged!

01-15 16:36:30.474  1389  2357 D BatteryService: level:100, scale:100, status:5, health:2, present:true, voltage: 4354, temperature: 244, technology: Li-ion, AC powered:false, USB powered:true, POGO powered:false, Wireless powered:false, icon:17303590, invalid charger:0, maxChargingCurrent:0

01-15 16:36:30.474  1389  2357 D BatteryService: online:4, current avg:0, charge type:0, power sharing:false, high voltage charger:false, capacity:280000, batterySWSelfDischarging:false, current_now:0

01-15 16:36:30.474  1389  2357 D BatteryService: stay LED for fully charged

01-15 16:36:30.474  1389  1389 D BatteryService: Sending ACTION_BATTERY_CHANGED.

01-15 16:36:30.484  1389  1389 I MotionRecognitionService: Plugged

01-15 16:36:30.484  1389  1389 D MotionRecognitionService:   cableConnection= 1

01-15 16:36:30.484  1389  1389 D MotionRecognitionService: setPowerConnected | current backoffstate  = 1024 , state =1024

01-15 16:36:30.484  1389  1389 D MotionRecognitionService: skip setTransmitPower. 

01-15 16:36:30.494  2701  2701 D BatteryMeterView: ACTION_BATTERY_CHANGED : level:100 status:5 health:2

01-15 16:36:30.514  2701  2701 D BatteryMeterView: ACTION_BATTERY_CHANGED : level:100 status:5 health:2

01-15 16:36:30.514  2701  2701 D BatteryMeterView: ACTION_BATTERY_CHANGED : level:100 status:5 health:2

01-15 16:36:30.544  1389  3373 V AlarmManager:  remove PendingIntent] PendingIntent{b08c84f: PendingIntentRecord{88d5f29 com.android.phone broadcastIntent}}

01-15 16:36:30.864  1389  6516 D SSRM:n  : SIOP:: AP = 260, PST = 260 (W:30), LCD = 0

01-15 16:36:40.954  1389  6516 D SSRM:n  : SIOP:: AP = 260, PST = 260 (W:30), LCD = 0

01-15 16:36:50.164  1389  3119 E Watchdog: !@Sync 7501 [01-15 16:36:50.168]

01-15 16:36:51.074  1389  6516 D SSRM:n  : SIOP:: AP = 260, PST = 260 (W:30), LCD = 0

01-15 16:37:00.844  1389  3605 D BatteryService: !@BatteryListener : batteryPropertiesChanged!

01-15 16:37:00.844  1389  3605 D BatteryService: level:100, scale:100, status:5, health:2, present:true, voltage: 4354, temperature: 243, technology: Li-ion, AC powered:false, USB powered:true, POGO powered:false, Wireless powered:false, icon:17303590, invalid charger:0, maxChargingCurrent:0

01-15 16:37:00.844  1389  3605 D BatteryService: online:4, current avg:0, charge type:0, power sharing:false, high voltage charger:false, capacity:280000, batterySWSelfDischarging:false, current_now:0

01-15 16:37:00.844  1389  1389 D BatteryService: Sending ACTION_BATTERY_CHANGED.

01-15 16:37:00.844  1389  3605 D BatteryService: stay LED for fully charged

01-15 16:37:00.844  1389  1389 I MotionRecognitionService: Plugged

01-15 16:37:00.844  1389  1389 D MotionRecognitionService:   cableConnection= 1

01-15 16:37:00.844  1389  1389 D MotionRecognitionService: setPowerConnected | current backoffstate  = 1024 , state =1024

01-15 16:37:00.844  1389  1389 D MotionRecognitionService: skip setTransmitPower. 

01-15 16:37:00.854  2701  2701 D BatteryMeterView: ACTION_BATTERY_CHANGED : level:100 status:5 health:2

01-15 16:37:00.884  2701  2701 D BatteryMeterView: ACTION_BATTERY_CHANGED : level:100 status:5 health:2

01-15 16:37:00.884  2701  2701 D BatteryMeterView: ACTION_BATTERY_CHANGED : level:100 status:5 health:2

01-15 16:37:00.904  1389  3695 V AlarmManager:  remove PendingIntent] PendingIntent{bdf8bdc: PendingIntentRecord{88d5f29 com.android.phone broadcastIntent}}

01-15 16:37:01.154  1389  6516 D SSRM:n  : SIOP:: AP = 260, PST = 260 (W:30), LCD = 0

01-15 16:37:11.244  1389  6516 D SSRM:n  : SIOP:: AP = 260, PST = 260 (W:30), LCD = 0

01-15 16:37:20.164  1389  3119 E Watchdog: !@Sync 7502 [01-15 16:37:20.172]

01-15 16:37:21.354  1389  6516 D SSRM:n  : SIOP:: AP = 260, PST = 260 (W:30), LCD = 0

01-15 16:37:23.754  1389  2382 V AlarmManager: Expired Alarm result :4

01-15 16:37:31.194  1389  3406 D BatteryService: !@BatteryListener : batteryPropertiesChanged!

01-15 16:37:31.194  1389  3406 D BatteryService: level:100, scale:100, status:5, health:2, present:true, voltage: 4355, temperature: 243, technology: Li-ion, AC powered:false, USB powered:true, POGO powered:false, Wireless powered:false, icon:17303590, invalid charger:0, maxChargingCurrent:0

01-15 16:37:31.194  1389  3406 D BatteryService: online:4, current avg:0, charge type:0, power sharing:false, high voltage charger:false, capacity:280000, batterySWSelfDischarging:false, current_now:0

01-15 16:37:31.194  1389  3406 D BatteryService: stay LED for fully charged

01-15 16:37:31.194  1389  1389 D BatteryService: Sending ACTION_BATTERY_CHANGED.

01-15 16:37:31.204  1389  1389 I MotionRecognitionService: Plugged

01-15 16:37:31.204  1389  1389 D MotionRecognitionService:   cableConnection= 1

01-15 16:37:31.204  1389  1389 D MotionRecognitionService: setPowerConnected | current backoffstate  = 1024 , state =1024

01-15 16:37:31.204  1389  1389 D MotionRecognitionService: skip setTransmitPower. 

01-15 16:37:31.224  2701  2701 D BatteryMeterView: ACTION_BATTERY_CHANGED : level:100 status:5 health:2

01-15 16:37:31.224  2701  2701 D BatteryMeterView: ACTION_BATTERY_CHANGED : level:100 status:5 health:2

01-15 16:37:31.224  2701  2701 D BatteryMeterView: ACTION_BATTERY_CHANGED : level:100 status:5 health:2

