01-15 16:48:07.234  1389  4809 D EPDG -- [RILRECEIVER]: [Rx]: Main: IPC_NET_CMD Sub: IPC_NET_REGIST

01-15 16:48:07.234  1389  4809 D EPDG -- [RILRECEIVER]: [Rx]: Param: FF 03 

01-15 16:48:07.234  1389  4809 I EPDG -- [RILRECEIVER]: RX [NET_REGIST] -- RESPONSE -- EPDG NOT AVAILABLE

01-15 16:48:07.234  1389  4809 D EPDG -- [NETIPCMESSAGE]: encodeNetRegist

01-15 16:48:07.234  1389  4809 D EPDG -- [UTILS]: isUSerBinary: true

01-15 16:48:07.234  1389  4809 D EPDG -- [IPCDISPATCHER]: [Tx]: Main: IPC_NET_CMD Sub: IPC_NET_REGIST Cmd Type: IPC_CMD_RESP

01-15 16:48:07.234  1389  4809 D EPDG -- [IPCDISPATCHER]: [Tx]: Param: 30 03 01 00 00 00 00 00 00 00 00 00 00 

01-15 16:48:07.234  1389  4809 D EPDG -- [MODEM]: EpdgModem instance already exists !

01-15 16:48:07.234  1389  2637 D EPDG -- [EPDGService]: Event received: RIL_EPDG_STATUS_QUERY

01-15 16:48:07.234  1389  2637 D EPDG -- [EPDGService]: handleMessage: cid - 1

01-15 16:48:07.244  1389  4807 D EPDG -- [MODEM]: Successfully written to RIL

01-15 16:48:07.284  3344  3344 D PdnController: onCellLocationChanged:

01-15 16:48:07.284  3344  3344 D RegistrationManagerBase: onCellLocationChanged:

01-15 16:48:07.284  3344  3344 D VolteServiceModule: onCellLocationChanged:

01-15 16:48:07.284  3344  3437 D ResipRegistrationManager: handleMessage(): 24

01-15 16:48:07.284  3344  3437 D RegistrationManagerBase: handleMessage: what 24

01-15 16:48:07.294  1389  2637 D EPDG -- [EPDGService]: Trigger Move for PDN's from WIFI networktype = 6

01-15 16:48:07.294  1389  2637 D EPDG -- [EPDGService]: Higher priority RAT handling done. No action taken for current N/w Type6

01-15 16:48:07.294  3344  3437 D PaniGenerator: generate: network=6, fallbackPlmn=null

01-15 16:48:07.304  2701  2701 D StatusBar.NetworkController: Invisible Data Activity Icon

01-15 16:48:07.304  3344  3437 D PaniGenerator: Don't use getDataPlmn if not in CS:1x and PS:LTE

01-15 16:48:07.304  2701  2701 D StatusBar.NetworkController: refreshViews connected={ data } level=3 combinedSignalIconId=0x7f02085f/com.android.systemui:drawable/tw_stat_sys_5_level_signal_3_auto_rotate mobileLabel=Verizon Wireless wifiLabel= emergencyOnly=false combinedLabel=Verizon Wireless mAirplaneMode=false mDataActivity=0 mPhoneSignalIconId=0x7f02085f/com.android.systemui:drawable/tw_stat_sys_5_level_signal_3_auto_rotate mQSPhoneSignalIconId=0x7f0201b9/com.android.systemui:drawable/ic_qs_signal_3 mDataDirectionIconId=0x0/(null) mDataSignalIconId=0x7f02085f/com.android.systemui:drawable/tw_stat_sys_5_level_signal_3_auto_rotate mDataTypeIconId=0x7f0204d5/com.android.systemui:drawable/stat_sys_data_connected_disabled_3g mQSDataTypeIconId=0x0/(null) mNoSimIconId=0x0/(null) mWifiIconId=0x7f020709/com.android.systemui:drawable/stat_sys_wifi_signal_0 mQSWifiIconId=0x7f0201d9/com.android.systemui:drawable/ic_qs_wifi_no_network mWifiActivityIconId=0x0/(null) mBluetoothTetherIconId=0x7f0206ec/com.android.systemui:drawable/stat_sys_tether_bluetooth

01-15 16:48:07.304  2701  2701 D StatusBar.NetworkController: refreshNwBoosterIndicator - setNWBoosterIndicators(false)

01-15 16:48:07.304  2701  2701 D StatusBar.NetworkController: applyVZW

01-15 16:48:07.314  3344  3437 E PaniGenerator: PaniGenerator: Not supported network.6

01-15 16:48:07.314  2701  2701 D StatusBar.NetworkController: applyVZW : mDataTypeDisabledIconIdcom.android.systemui:drawable/stat_sys_data_connected_disabled_3g

01-15 16:48:07.314  2701  2701 D StatusBar.NetworkController: refreshNwBoosterIndicator - setNWBoosterIndicators(false)

01-15 16:48:07.314  2701  2701 D StatusBar.NetworkController: applyVZW

01-15 16:48:07.324  2701  2701 D StatusBar.NetworkController: applyVZW : mDataTypeDisabledIconIdcom.android.systemui:drawable/stat_sys_data_connected_disabled_3g

01-15 16:48:07.324  2701  2701 D StatusBar.NetworkController: refreshNwBoosterIndicator - setNWBoosterIndicators(false)

01-15 16:48:07.324  2701  2701 D StatusBar.NetworkController: applyVZW

01-15 16:48:07.324  3344  3437 E OmcCode : OMC is empty

01-15 16:48:07.324  3344  3437 E OmcCode : salesCode is loaded :VZW

01-15 16:48:07.324  3344  3437 D Mno     : fromSim: operator=311480

01-15 16:48:07.324  3344  3437 D Mno     : getCountryCode: mcc=310

01-15 16:48:07.324  3344  3437 D Mno     : choose mno : 311, 480, Verizon Wirelss, us

01-15 16:48:07.324  2701  2701 D StatusBar.NetworkController: applyVZW : mDataTypeDisabledIconIdcom.android.systemui:drawable/stat_sys_data_connected_disabled_3g

01-15 16:48:07.324  2701  2701 D StatusBar.NetworkController: refreshNwBoosterIndicator - setNWBoosterIndicators(false)

01-15 16:48:07.324  2701  2701 D StatusBar.NetworkController: applyVZW

01-15 16:48:07.334  2701  2701 D StatusBar.NetworkController: applyVZW : mDataTypeDisabledIconIdcom.android.systemui:drawable/stat_sys_data_connected_disabled_3g

01-15 16:48:07.524  1389  6516 D SSRM:n  : SIOP:: AP = 260, PST = 260 (W:30), CUR = 86, LCD = 0

01-15 16:48:09.364  3232  3232 D PhoneApp: PhoneAppBroadcastReceiver onReceive android.intent.action.ANY_DATA_STATE

01-15 16:48:09.364  3232  3232 D FileWriteThread_Telephony: FileWriteThread : threadType = 3

01-15 16:48:09.884  2701  2701 D StatusBar.NetworkController: onSignalStrengthsChanged signalStrength=SignalStrength: 99 99 -92 -70 -87 -25 6 99 2147483647 2147483647 2147483647 -1 2147483647 0x330 cdma level=3

01-15 16:48:09.884  2701  2701 D StatusBar.NetworkController: updateTelephonySignalStrength: hasService=true ss=SignalStrength: 99 99 -92 -70 -87 -25 6 99 2147483647 2147483647 2147483647 -1 2147483647 0x330 cdma

01-15 16:48:09.884  2701  2701 D StatusBar.NetworkController: updateTelephonySignalStrength: iconLevel=3

01-15 16:48:09.884  2701  2701 D StatusBar.NetworkController: updateTelephonySignalStrength, No signal level. mPhoneSignalIconId = com.android.systemui:drawable/tw_stat_sys_5_level_signal_3_auto_rotate mDataSignalIconId = com.android.systemui:drawable/tw_stat_sys_5_level_signal_3_auto_rotate mQSPhoneSignalIconId = com.android.systemui:drawable/ic_qs_signal_3 mContentDescriptionPhoneSignal = Three bars of phone signal

01-15 16:48:09.904  2701  2701 D StatusBar.NetworkController: onSignalStrengthsChanged signalStrength=SignalStrength: 99 99 -92 -70 -87 -25 6 99 2147483647 2147483647 2147483647 -1 2147483647 0x330 cdma level=3

01-15 16:48:09.904  2701  2701 D StatusBar.NetworkController: updateTelephonySignalStrength: hasService=true ss=SignalStrength: 99 99 -92 -70 -87 -25 6 99 2147483647 2147483647 2147483647 -1 2147483647 0x330 cdma

01-15 16:48:09.904  2701  2701 D StatusBar.NetworkController: updateTelephonySignalStrength: iconLevel=3

01-15 16:48:09.904  2701  2701 D StatusBar.NetworkController: updateTelephonySignalStrength, No signal level. mPhoneSignalIconId = com.android.systemui:drawable/tw_stat_sys_5_level_signal_3_auto_rotate mDataSignalIconId = com.android.systemui:drawable/tw_stat_sys_5_level_signal_3_auto_rotate mQSPhoneSignalIconId = com.android.systemui:drawable/ic_qs_signal_3 mContentDescriptionPhoneSignal = Three bars of phone signal

01-15 16:48:09.934  1389  4809 D EPDG -- [MODEM]: message length is  9

01-15 16:48:09.934  1389  4809 D EPDG -- [MODEM]: countRead is 7 offset is 7remaining is 0

01-15 16:48:09.934  1389  4809 D EPDG -- EpdgIpcMessageFactory: ipcMainCmd: 8

01-15 16:48:09.934  1389  4809 D EPDG -- [UTILS]: isUSerBinary: true

01-15 16:48:09.934  1389  4809 D EPDG -- [RILRECEIVER]: [Rx]: Main: IPC_NET_CMD Sub: IPC_NET_REGIST

01-15 16:48:09.934  1389  4809 D EPDG -- [RILRECEIVER]: [Rx]: Param: FF 03 

01-15 16:48:09.934  1389  4809 I EPDG -- [RILRECEIVER]: RX [NET_REGIST] -- RESPONSE -- EPDG NOT AVAILABLE

01-15 16:48:09.934  1389  4809 D EPDG -- [NETIPCMESSAGE]: encodeNetRegist

01-15 16:48:09.934  1389  4809 D EPDG -- [UTILS]: isUSerBinary: true

01-15 16:48:09.934  1389  4809 D EPDG -- [IPCDISPATCHER]: [Tx]: Main: IPC_NET_CMD Sub: IPC_NET_REGIST Cmd Type: IPC_CMD_RESP

01-15 16:48:09.934  1389  4809 D EPDG -- [IPCDISPATCHER]: [Tx]: Param: 30 03 01 00 00 00 00 00 00 00 00 00 00 

01-15 16:48:09.934  1389  4809 D EPDG -- [MODEM]: EpdgModem instance already exists !

01-15 16:48:09.934  1389  4807 D EPDG -- [MODEM]: Successfully written to RIL

01-15 16:48:09.944  1389  2637 D EPDG -- [EPDGService]: Event received: RIL_EPDG_STATUS_QUERY

01-15 16:48:09.944  1389  2637 D EPDG -- [EPDGService]: handleMessage: cid - 1

01-15 16:48:09.994  3344  3344 D PdnController: onCellLocationChanged:

01-15 16:48:09.994  3344  3344 D RegistrationManagerBase: onCellLocationChanged:

01-15 16:48:09.994  3344  3344 D VolteServiceModule: onCellLocationChanged:

01-15 16:48:09.994  3344  3437 D ResipRegistrationManager: handleMessage(): 24

01-15 16:48:09.994  3344  3437 D RegistrationManagerBase: handleMessage: what 24

01-15 16:48:10.004  2701  2701 D StatusBar.NetworkController: Invisible Data Activity Icon

01-15 16:48:10.004  3344  3437 D PaniGenerator: generate: network=6, fallbackPlmn=null

01-15 16:48:10.004  2701  2701 D StatusBar.NetworkController: refreshViews connected={ data } level=3 combinedSignalIconId=0x7f02085f/com.android.systemui:drawable/tw_stat_sys_5_level_signal_3_auto_rotate mobileLabel=Verizon Wireless wifiLabel= emergencyOnly=false combinedLabel=Verizon Wireless mAirplaneMode=false mDataActivity=0 mPhoneSignalIconId=0x7f02085f/com.android.systemui:drawable/tw_stat_sys_5_level_signal_3_auto_rotate mQSPhoneSignalIconId=0x7f0201b9/com.android.systemui:drawable/ic_qs_signal_3 mDataDirectionIconId=0x0/(null) mDataSignalIconId=0x7f02085f/com.android.systemui:drawable/tw_stat_sys_5_level_signal_3_auto_rotate mDataTypeIconId=0x7f0204d5/com.android.systemui:drawable/stat_sys_data_connected_disabled_3g mQSDataTypeIconId=0x0/(null) mNoSimIconId=0x0/(null) mWifiIconId=0x7f020709/com.android.systemui:drawable/stat_sys_wifi_signal_0 mQSWifiIconId=0x7f0201d9/com.android.systemui:drawable/ic_qs_wifi_no_network mWifiActivityIconId=0x0/(null) mBluetoothTetherIconId=0x7f0206ec/com.android.systemui:drawable/stat_sys_tether_bluetooth

01-15 16:48:10.004  2701  2701 D StatusBar.NetworkController: refreshNwBoosterIndicator - setNWBoosterIndicators(false)

01-15 16:48:10.004  2701  2701 D StatusBar.NetworkController: applyVZW

01-15 16:48:10.024  3344  3437 D PaniGenerator: Don't use getDataPlmn if not in CS:1x and PS:LTE

01-15 16:48:10.024  2701  2701 D StatusBar.NetworkController: applyVZW : mDataTypeDisabledIconIdcom.android.systemui:drawable/stat_sys_data_connected_disabled_3g

01-15 16:48:10.024  2701  2701 D StatusBar.NetworkController: refreshNwBoosterIndicator - setNWBoosterIndicators(false)

01-15 16:48:10.024  2701  2701 D StatusBar.NetworkController: applyVZW

01-15 16:48:10.024  3344  3437 E PaniGenerator: PaniGenerator: Not supported network.6

01-15 16:48:10.024  2701  2701 D StatusBar.NetworkController: applyVZW : mDataTypeDisabledIconIdcom.android.systemui:drawable/stat_sys_data_connected_disabled_3g

01-15 16:48:10.024  2701  2701 D StatusBar.NetworkController: refreshNwBoosterIndicator - setNWBoosterIndicators(false)

01-15 16:48:10.024  2701  2701 D StatusBar.NetworkController: applyVZW

01-15 16:48:10.034 11983 11983 E TZ_CCM_SERVER: Only 'CCM' are supported

01-15 16:48:10.034 11983 11983 I TZ_CCM_SERVER: ###Exit TZ CCM Server

01-15 16:48:10.034  3344  3437 E OmcCode : OMC is empty

01-15 16:48:10.034  3344  3437 E OmcCode : salesCode is loaded :VZW

01-15 16:48:10.034  3344  3437 D Mno     : fromSim: operator=311480

01-15 16:48:10.034  2701  2701 D StatusBar.NetworkController: applyVZW : mDataTypeDisabledIconIdcom.android.systemui:drawable/stat_sys_data_connected_disabled_3g

01-15 16:48:10.034  2701  2701 D StatusBar.NetworkController: refreshNwBoosterIndicator - setNWBoosterIndicators(false)

01-15 16:48:10.034  2701  2701 D StatusBar.NetworkController: applyVZW

01-15 16:48:10.034  3344  3437 D Mno     : getCountryCode: mcc=310

01-15 16:48:10.034  3344  3437 D Mno     : choose mno : 311, 480, Verizon Wirelss, us

01-15 16:48:10.044  2701  2701 D StatusBar.NetworkController: applyVZW : mDataTypeDisabledIconIdcom.android.systemui:drawable/stat_sys_data_connected_disabled_3g

01-15 16:48:10.214  2701  2701 D StatusBar.NetworkController: onSignalStrengthsChanged signalStrength=SignalStrength: 99 99 -91 -80 -87 -25 6 99 2147483647 2147483647 2147483647 -1 2147483647 0x330 cdma level=3

01-15 16:48:10.214  2701  2701 D StatusBar.NetworkController: updateTelephonySignalStrength: hasService=true ss=SignalStrength: 99 99 -91 -80 -87 -25 6 99 2147483647 2147483647 2147483647 -1 2147483647 0x330 cdma

01-15 16:48:10.214  2701  2701 D StatusBar.NetworkController: updateTelephonySignalStrength: iconLevel=3

01-15 16:48:10.214  2701  2701 D StatusBar.NetworkController: updateTelephonySignalStrength, No signal level. mPhoneSignalIconId = com.android.systemui:drawable/tw_stat_sys_5_level_signal_3_auto_rotate mDataSignalIconId = com.android.systemui:drawable/tw_stat_sys_5_level_signal_3_auto_rotate mQSPhoneSignalIconId = com.android.systemui:drawable/ic_qs_signal_3 mContentDescriptionPhoneSignal = Three bars of phone signal

01-15 16:48:10.314  2701  2701 D StatusBar.NetworkController: Invisible Data Activity Icon

01-15 16:48:10.314  2701  2701 D StatusBar.NetworkController: refreshViews connected={ data } level=3 combinedSignalIconId=0x7f02085f/com.android.systemui:drawable/tw_stat_sys_5_level_signal_3_auto_rotate mobileLabel=Verizon Wireless wifiLabel= emergencyOnly=false combinedLabel=Verizon Wireless mAirplaneMode=false mDataActivity=0 mPhoneSignalIconId=0x7f02085f/com.android.systemui:drawable/tw_stat_sys_5_level_signal_3_auto_rotate mQSPhoneSignalIconId=0x7f0201b9/com.android.systemui:drawable/ic_qs_signal_3 mDataDirectionIconId=0x0/(null) mDataSignalIconId=0x7f02085f/com.android.systemui:drawable/tw_stat_sys_5_level_signal_3_auto_rotate mDataTypeIconId=0x7f0204d5/com.android.systemui:drawable/stat_sys_data_connected_disabled_3g mQSDataTypeIconId=0x0/(null) mNoSimIconId=0x0/(null) mWifiIconId=0x7f020709/com.android.systemui:drawable/stat_sys_wifi_signal_0 mQSWifiIconId=0x7f0201d9/com.android.systemui:drawable/ic_qs_wifi_no_network mWifiActivityIconId=0x0/(null) mBluetoothTetherIconId=0x7f0206ec/com.android.systemui:drawable/stat_sys_tether_bluetooth

01-15 16:48:10.314  2701  2701 D StatusBar.NetworkController: refreshNwBoosterIndicator - setNWBoosterIndicators(false)

01-15 16:48:10.314  2701  2701 D StatusBar.NetworkController: applyVZW

01-15 16:48:10.324  2701  2701 D StatusBar.NetworkController: applyVZW : mDataTypeDisabledIconIdcom.android.systemui:drawable/stat_sys_data_connected_disabled_3g

01-15 16:48:10.324  2701  2701 D StatusBar.NetworkController: refreshNwBoosterIndicator - setNWBoosterIndicators(false)

01-15 16:48:10.324  2701  2701 D StatusBar.NetworkController: applyVZW

01-15 16:48:10.334  2701  2701 D StatusBar.NetworkController: applyVZW : mDataTypeDisabledIconIdcom.android.systemui:drawable/stat_sys_data_connected_disabled_3g

01-15 16:48:10.334  2701  2701 D StatusBar.NetworkController: refreshNwBoosterIndicator - setNWBoosterIndicators(false)

01-15 16:48:10.334  2701  2701 D StatusBar.NetworkController: applyVZW

01-15 16:48:10.334  2701  2701 D StatusBar.NetworkController: applyVZW : mDataTypeDisabledIconIdcom.android.systemui:drawable/stat_sys_data_connected_disabled_3g

01-15 16:48:10.334  2701  2701 D StatusBar.NetworkController: refreshNwBoosterIndicator - setNWBoosterIndicators(false)

01-15 16:48:10.334  2701  2701 D StatusBar.NetworkController: applyVZW

01-15 16:48:10.344  2701  2701 D StatusBar.NetworkController: applyVZW : mDataTypeDisabledIconIdcom.android.systemui:drawable/stat_sys_data_connected_disabled_3g

01-15 16:48:10.834  2701  2701 D StatusBar.NetworkController: onSignalStrengthsChanged signalStrength=SignalStrength: 99 99 -92 -80 -87 -25 6 99 2147483647 2147483647 2147483647 -1 2147483647 0x330 cdma level=3

01-15 16:48:10.834  2701  2701 D StatusBar.NetworkController: updateTelephonySignalStrength: hasService=true ss=SignalStrength: 99 99 -92 -80 -87 -25 6 99 2147483647 2147483647 2147483647 -1 2147483647 0x330 cdma

01-15 16:48:10.834  2701  2701 D StatusBar.NetworkController: updateTelephonySignalStrength: iconLevel=3

01-15 16:48:10.834  2701  2701 D StatusBar.NetworkController: updateTelephonySignalStrength, No signal level. mPhoneSignalIconId = com.android.systemui:drawable/tw_stat_sys_5_level_signal_3_auto_rotate mDataSignalIconId = com.android.systemui:drawable/tw_stat_sys_5_level_signal_3_auto_rotate mQSPhoneSignalIconId = com.android.systemui:drawable/ic_qs_signal_3 mContentDescriptionPhoneSignal = Three bars of phone signal

01-15 16:48:10.934  2701  2701 D StatusBar.NetworkController: Invisible Data Activity Icon

01-15 16:48:10.934  2701  2701 D StatusBar.NetworkController: refreshViews connected={ data } level=3 combinedSignalIconId=0x7f02085f/com.android.systemui:drawable/tw_stat_sys_5_level_signal_3_auto_rotate mobileLabel=Verizon Wireless wifiLabel= emergencyOnly=false combinedLabel=Verizon Wireless mAirplaneMode=false mDataActivity=0 mPhoneSignalIconId=0x7f02085f/com.android.systemui:drawable/tw_stat_sys_5_level_signal_3_auto_rotate mQSPhoneSignalIconId=0x7f0201b9/com.android.systemui:drawable/ic_qs_signal_3 mDataDirectionIconId=0x0/(null) mDataSignalIconId=0x7f02085f/com.android.systemui:drawable/tw_stat_sys_5_level_signal_3_auto_rotate mDataTypeIconId=0x7f0204d5/com.android.systemui:drawable/stat_sys_data_connected_disabled_3g mQSDataTypeIconId=0x0/(null) mNoSimIconId=0x0/(null) mWifiIconId=0x7f020709/com.android.systemui:drawable/stat_sys_wifi_signal_0 mQSWifiIconId=0x7f0201d9/com.android.systemui:drawable/ic_qs_wifi_no_network mWifiActivityIconId=0x0/(null) mBluetoothTetherIconId=0x7f0206ec/com.android.systemui:drawable/stat_sys_tether_bluetooth

01-15 16:48:10.934  2701  2701 D StatusBar.NetworkController: refreshNwBoosterIndicator - setNWBoosterIndicators(false)

01-15 16:48:10.934  2701  2701 D StatusBar.NetworkController: applyVZW

01-15 16:48:10.944  2701  2701 D StatusBar.NetworkController: applyVZW : mDataTypeDisabledIconIdcom.android.systemui:drawable/stat_sys_data_connected_disabled_3g

01-15 16:48:10.944  2701  2701 D StatusBar.NetworkController: refreshNwBoosterIndicator - setNWBoosterIndicators(false)

01-15 16:48:10.944  2701  2701 D StatusBar.NetworkController: applyVZW

01-15 16:48:10.944  2701  2701 D StatusBar.NetworkController: applyVZW : mDataTypeDisabledIconIdcom.android.systemui:drawable/stat_sys_data_connected_disabled_3g

01-15 16:48:10.944  2701  2701 D StatusBar.NetworkController: refreshNwBoosterIndicator - setNWBoosterIndicators(false)

01-15 16:48:10.944  2701  2701 D StatusBar.NetworkController: applyVZW

01-15 16:48:10.954  2701  2701 D StatusBar.NetworkController: applyVZW : mDataTypeDisabledIconIdcom.android.systemui:drawable/stat_sys_data_connected_disabled_3g

01-15 16:48:10.954  2701  2701 D StatusBar.NetworkController: refreshNwBoosterIndicator - setNWBoosterIndicators(false)

01-15 16:48:10.954  2701  2701 D StatusBar.NetworkController: applyVZW

01-15 16:48:10.954  2701  2701 D StatusBar.NetworkController: applyVZW : mDataTypeDisabledIconIdcom.android.systemui:drawable/stat_sys_data_connected_disabled_3g

01-15 16:48:11.194  2701  2701 D StatusBar.NetworkController: onSignalStrengthsChanged signalStrength=SignalStrength: 99 99 -92 -80 -87 -25 6 99 2147483647 2147483647 2147483647 -1 2147483647 0x330 cdma level=3

01-15 16:48:11.194  2701  2701 D StatusBar.NetworkController: updateTelephonySignalStrength: hasService=true ss=SignalStrength: 99 99 -92 -80 -87 -25 6 99 2147483647 2147483647 2147483647 -1 2147483647 0x330 cdma

01-15 16:48:11.194  2701  2701 D StatusBar.NetworkController: updateTelephonySignalStrength: iconLevel=3

01-15 16:48:11.194  2701  2701 D StatusBar.NetworkController: updateTelephonySignalStrength, No signal level. mPhoneSignalIconId = com.android.systemui:drawable/tw_stat_sys_5_level_signal_3_auto_rotate mDataSignalIconId = com.android.systemui:drawable/tw_stat_sys_5_level_signal_3_auto_rotate mQSPhoneSignalIconId = com.android.systemui:drawable/ic_qs_signal_3 mContentDescriptionPhoneSignal = Three bars of phone signal

01-15 16:48:11.214  1389  4809 D EPDG -- [MODEM]: message length is  9

01-15 16:48:11.214  1389  4809 D EPDG -- [MODEM]: countRead is 7 offset is 7remaining is 0

01-15 16:48:11.214  1389  4809 D EPDG -- EpdgIpcMessageFactory: ipcMainCmd: 8

01-15 16:48:11.214  1389  4809 D EPDG -- [UTILS]: isUSerBinary: true

01-15 16:48:11.214  1389  4809 D EPDG -- [RILRECEIVER]: [Rx]: Main: IPC_NET_CMD Sub: IPC_NET_REGIST

01-15 16:48:11.214  1389  4809 D EPDG -- [RILRECEIVER]: [Rx]: Param: FF 03 

01-15 16:48:11.214  1389  4809 I EPDG -- [RILRECEIVER]: RX [NET_REGIST] -- RESPONSE -- EPDG NOT AVAILABLE

01-15 16:48:11.214  1389  4809 D EPDG -- [NETIPCMESSAGE]: encodeNetRegist

01-15 16:48:11.214  1389  4809 D EPDG -- [UTILS]: isUSerBinary: true

01-15 16:48:11.214  1389  4809 D EPDG -- [IPCDISPATCHER]: [Tx]: Main: IPC_NET_CMD Sub: IPC_NET_REGIST Cmd Type: IPC_CMD_RESP

01-15 16:48:11.214  1389  4809 D EPDG -- [IPCDISPATCHER]: [Tx]: Param: 30 03 01 00 00 00 00 00 00 00 00 00 00 

01-15 16:48:11.214  1389  4809 D EPDG -- [MODEM]: EpdgModem instance already exists !

01-15 16:48:11.214  1389  2637 D EPDG -- [EPDGService]: Event received: RIL_EPDG_STATUS_QUERY

01-15 16:48:11.214  1389  2637 D EPDG -- [EPDGService]: handleMessage: cid - 1

01-15 16:48:11.214  1389  4807 D EPDG -- [MODEM]: Successfully written to RIL

01-15 16:48:11.234  3344  3344 D PdnController: onCellLocationChanged:

01-15 16:48:11.234  3344  3344 D RegistrationManagerBase: onCellLocationChanged:

01-15 16:48:11.234  3344  3344 D VolteServiceModule: onCellLocationChanged:

01-15 16:48:11.234  3344  3437 D ResipRegistrationManager: handleMessage(): 24

01-15 16:48:11.234  3344  3437 D RegistrationManagerBase: handleMessage: what 24

01-15 16:48:11.234  3344  3437 D PaniGenerator: generate: network=6, fallbackPlmn=null

01-15 16:48:11.244  3344  3437 D PaniGenerator: Don't use getDataPlmn if not in CS:1x and PS:LTE

01-15 16:48:11.244  3344  3437 E PaniGenerator: PaniGenerator: Not supported network.6

01-15 16:48:11.244  3344  3437 E OmcCode : OMC is empty

01-15 16:48:11.244  3344  3437 E OmcCode : salesCode is loaded :VZW

01-15 16:48:11.244  3344  3437 D Mno     : fromSim: operator=311480

01-15 16:48:11.244  3344  3437 D Mno     : getCountryCode: mcc=310

01-15 16:48:11.244  3344  3437 D Mno     : choose mno : 311, 480, Verizon Wirelss, us

01-15 16:48:11.294  2701  2701 D StatusBar.NetworkController: Invisible Data Activity Icon

01-15 16:48:11.294  2701  2701 D StatusBar.NetworkController: refreshViews connected={ data } level=3 combinedSignalIconId=0x7f02085f/com.android.systemui:drawable/tw_stat_sys_5_level_signal_3_auto_rotate mobileLabel=Verizon Wireless wifiLabel= emergencyOnly=false combinedLabel=Verizon Wireless mAirplaneMode=false mDataActivity=0 mPhoneSignalIconId=0x7f02085f/com.android.systemui:drawable/tw_stat_sys_5_level_signal_3_auto_rotate mQSPhoneSignalIconId=0x7f0201b9/com.android.systemui:drawable/ic_qs_signal_3 mDataDirectionIconId=0x0/(null) mDataSignalIconId=0x7f02085f/com.android.systemui:drawable/tw_stat_sys_5_level_signal_3_auto_rotate mDataTypeIconId=0x7f0204d5/com.android.systemui:drawable/stat_sys_data_connected_disabled_3g mQSDataTypeIconId=0x0/(null) mNoSimIconId=0x0/(null) mWifiIconId=0x7f020709/com.android.systemui:drawable/stat_sys_wifi_signal_0 mQSWifiIconId=0x7f0201d9/com.android.systemui:drawable/ic_qs_wifi_no_network mWifiActivityIconId=0x0/(null) mBluetoothTetherIconId=0x7f0206ec/com.android.systemui:drawable/stat_sys_tether_bluetooth

01-15 16:48:11.294  2701  2701 D StatusBar.NetworkController: refreshNwBoosterIndicator - setNWBoosterIndicators(false)

01-15 16:48:11.294  2701  2701 D StatusBar.NetworkController: applyVZW

01-15 16:48:11.304  2701  2701 D StatusBar.NetworkController: applyVZW : mDataTypeDisabledIconIdcom.android.systemui:drawable/stat_sys_data_connected_disabled_3g

01-15 16:48:11.304  2701  2701 D StatusBar.NetworkController: refreshNwBoosterIndicator - setNWBoosterIndicators(false)

01-15 16:48:11.304  2701  2701 D StatusBar.NetworkController: applyVZW

01-15 16:48:11.304  2701  2701 D StatusBar.NetworkController: applyVZW : mDataTypeDisabledIconIdcom.android.systemui:drawable/stat_sys_data_connected_disabled_3g

01-15 16:48:11.304  2701  2701 D StatusBar.NetworkController: refreshNwBoosterIndicator - setNWBoosterIndicators(false)

01-15 16:48:11.304  2701  2701 D StatusBar.NetworkController: applyVZW

01-15 16:48:11.314  2701  2701 D StatusBar.NetworkController: applyVZW : mDataTypeDisabledIconIdcom.android.systemui:drawable/stat_sys_data_connected_disabled_3g

01-15 16:48:11.314  2701  2701 D StatusBar.NetworkController: refreshNwBoosterIndicator - setNWBoosterIndicators(false)

01-15 16:48:11.314  2701  2701 D StatusBar.NetworkController: applyVZW

01-15 16:48:11.314  2701  2701 D StatusBar.NetworkController: applyVZW : mDataTypeDisabledIconIdcom.android.systemui:drawable/stat_sys_data_connected_disabled_3g

01-15 16:48:11.324  1389  3406 D BatteryService: !@BatteryListener : batteryPropertiesChanged!

01-15 16:48:11.334  1389  3406 D BatteryService: level:100, scale:100, status:5, health:2, present:true, voltage: 4394, temperature: 244, technology: Li-ion, AC powered:false, USB powered:true, POGO powered:false, Wireless powered:false, icon:17303590, invalid charger:0, maxChargingCurrent:0

01-15 16:48:11.334  1389  3406 D BatteryService: online:4, current avg:84, charge type:0, power sharing:false, high voltage charger:false, capacity:280000, batterySWSelfDischarging:false, current_now:102

01-15 16:48:11.334  1389  3406 D BatteryService: stay LED for fully charged

01-15 16:48:11.334  1389  1389 D BatteryService: Sending ACTION_BATTERY_CHANGED.

01-15 16:48:11.334  1389  1389 I MotionRecognitionService: Plugged

01-15 16:48:11.334  1389  1389 D MotionRecognitionService:   cableConnection= 1

01-15 16:48:11.334  1389  1389 D MotionRecognitionService: setPowerConnected | current backoffstate  = 1024 , state =1024

01-15 16:48:11.334  1389  1389 D MotionRecognitionService: skip setTransmitPower. 

01-15 16:48:11.344  2701  2701 D KeyguardUpdateMonitor: received broadcast android.intent.action.BATTERY_CHANGED

01-15 16:48:11.344  2701  2701 I PERF    : received broadcast android.intent.action.BATTERY_CHANGED

01-15 16:48:11.344  2701  2701 D KeyguardUpdateMonitor: handleBatteryUpdate

01-15 16:48:11.344  2701  2701 D SecKeyguardStatusUtils: regionalDateFormat = h:mm a isRTLlanguage = false returnDateFormat = E, d MMMM

01-15 16:48:11.364  3344  3344 D BatteryMonitor: new battery level: 100

01-15 16:48:11.364  3232  3232 D PhoneApp: PhoneAppBroadcastReceiver onReceive android.intent.action.BATTERY_CHANGED

01-15 16:48:11.374  2701  2701 D BatteryMeterView: ACTION_BATTERY_CHANGED : level:100 status:5 health:2

01-15 16:48:11.374  2701  2701 D BatteryMeterView: ACTION_BATTERY_CHANGED : level:100 status:5 health:2

01-15 16:48:11.374  2701  2701 D BatteryMeterView: ACTION_BATTERY_CHANGED : level:100 status:5 health:2

01-15 16:48:11.444  3232  3232 D TelephonyExtension: Not stopping low battery tone

01-15 16:48:11.444  1389  3694 V AlarmManager:  remove PendingIntent] PendingIntent{7782a93: PendingIntentRecord{88d5f29 com.android.phone broadcastIntent}}

01-15 16:48:15.324 11987 11987 E TZ_CCM_SERVER: Only 'CCM' are supported

01-15 16:48:15.324 11987 11987 I TZ_CCM_SERVER: ###Exit TZ CCM Server

01-15 16:48:17.604  1389  6516 D SSRM:n  : SIOP:: AP = 260, PST = 260 (W:30), CUR = 84, LCD = 0

01-15 16:48:19.524  3060  3105 D ContactsProvider_EventLog: contents_sample_state: [ contacts(305) data(1569) accounts({vnd.sec.contact.phone (1)=3, com.google (11)=247}) accounts deleted({}) calls([logtype:100 cnt:499, logtype:200 cnt:83, logtype:300 cnt:417, logtype:900 cnt:1])  ]


01-15 16:48:19.524  3060  3105 D ContactsProvider_EventLog: contents_sample_state: [ agr({[1]=3, [11 ,11]=5, [11]=237})  ]

01-15 16:48:19.674  1389  2382 V AlarmManager: Expired Alarm result :4

01-15 16:48:19.684  2701  2701 D KeyguardUpdateMonitor: received broadcast android.intent.action.TIME_TICK

01-15 16:48:19.684  2701  2701 I PERF    : received broadcast android.intent.action.TIME_TICK

01-15 16:48:19.684  2701  2701 D KeyguardUpdateMonitor: handleTimeUpdate

01-15 16:48:19.694 11991 11991 E TZ_CCM_SERVER: Only 'CCM' are supported

01-15 16:48:19.694 11991 11991 I TZ_CCM_SERVER: ###Exit TZ CCM Server

01-15 16:48:19.704  2701  2701 D SecKeyguardClockView: onTimeChanged() : mShouldShowDualClock - false, isDualClockSet() -false

01-15 16:48:19.714  2701  2701 D DateView: regionalDateFormat = h:mm a isRTLlanguage = false returnDateFormat = E, d MMMM

01-15 16:48:19.714  2701  2701 D DateView: regionalDateFormat = h:mm a isRTLlanguage = false returnDateFormat = E, d MMMM

01-15 16:48:19.714  2701  2701 D DateView: regionalDateFormat = h:mm a isRTLlanguage = false returnDateFormat = E, d MMMM

01-15 16:48:19.714  2701  2701 D DateView: regionalDateFormat = h:mm a isRTLlanguage = false returnDateFormat = E, d MMMM

01-15 16:48:19.714  2701  2701 D DateView: regionalDateFormat = h:mm a isRTLlanguage = false returnDateFormat = E, d MMMM

01-15 16:48:19.724  2701  2701 D DateView: regionalDateFormat = h:mm a isRTLlanguage = false returnDateFormat = E, d MMMM

01-15 16:48:19.724  2701  2701 D SecKeyguardStatusUtils: regionalDateFormat = h:mm a isRTLlanguage = false returnDateFormat = E, d MMMM

01-15 16:48:19.834  2701  2701 D SecKeyguardStatusUtils: regionalDateFormat = h:mm a isRTLlanguage = false returnDateFormat = E, d MMMM

01-15 16:48:20.224  1389  3119 E Watchdog: !@Sync 7524 [01-15 16:48:20.232]

01-15 16:48:22.084  2701  2701 D StatusBar.NetworkController: onSignalStrengthsChanged signalStrength=SignalStrength: 99 99 -92 -70 -87 -25 6 99 2147483647 2147483647 2147483647 -1 2147483647 0x330 cdma level=3

01-15 16:48:22.084  2701  2701 D StatusBar.NetworkController: updateTelephonySignalStrength: hasService=true ss=SignalStrength: 99 99 -92 -70 -87 -25 6 99 2147483647 2147483647 2147483647 -1 2147483647 0x330 cdma

01-15 16:48:22.084  2701  2701 D StatusBar.NetworkController: updateTelephonySignalStrength: iconLevel=3

01-15 16:48:22.084  2701  2701 D StatusBar.NetworkController: updateTelephonySignalStrength, No signal level. mPhoneSignalIconId = com.android.systemui:drawable/tw_stat_sys_5_level_signal_3_auto_rotate mDataSignalIconId = com.android.systemui:drawable/tw_stat_sys_5_level_signal_3_auto_rotate mQSPhoneSignalIconId = com.android.systemui:drawable/ic_qs_signal_3 mContentDescriptionPhoneSignal = Three bars of phone signal

01-15 16:48:22.184  2701  2701 D StatusBar.NetworkController: Invisible Data Activity Icon

01-15 16:48:22.184  2701  2701 D StatusBar.NetworkController: refreshViews connected={ data } level=3 combinedSignalIconId=0x7f02085f/com.android.systemui:drawable/tw_stat_sys_5_level_signal_3_auto_rotate mobileLabel=Verizon Wireless wifiLabel= emergencyOnly=false combinedLabel=Verizon Wireless mAirplaneMode=false mDataActivity=0 mPhoneSignalIconId=0x7f02085f/com.android.systemui:drawable/tw_stat_sys_5_level_signal_3_auto_rotate mQSPhoneSignalIconId=0x7f0201b9/com.android.systemui:drawable/ic_qs_signal_3 mDataDirectionIconId=0x0/(null) mDataSignalIconId=0x7f02085f/com.android.systemui:drawable/tw_stat_sys_5_level_signal_3_auto_rotate mDataTypeIconId=0x7f0204d5/com.android.systemui:drawable/stat_sys_data_connected_disabled_3g mQSDataTypeIconId=0x0/(null) mNoSimIconId=0x0/(null) mWifiIconId=0x7f020709/com.android.systemui:drawable/stat_sys_wifi_signal_0 mQSWifiIconId=0x7f0201d9/com.android.systemui:drawable/ic_qs_wifi_no_network mWifiActivityIconId=0x0/(null) mBluetoothTetherIconId=0x7f0206ec/com.android.systemui:drawable/stat_sys_tether_bluetooth

01-15 16:48:22.184  2701  2701 D StatusBar.NetworkController: refreshNwBoosterIndicator - setNWBoosterIndicators(false)

01-15 16:48:22.184  2701  2701 D StatusBar.NetworkController: applyVZW

01-15 16:48:22.194  2701  2701 D StatusBar.NetworkController: applyVZW : mDataTypeDisabledIconIdcom.android.systemui:drawable/stat_sys_data_connected_disabled_3g

01-15 16:48:22.194  2701  2701 D StatusBar.NetworkController: refreshNwBoosterIndicator - setNWBoosterIndicators(false)

01-15 16:48:22.194  2701  2701 D StatusBar.NetworkController: applyVZW

01-15 16:48:22.204  2701  2701 D StatusBar.NetworkController: applyVZW : mDataTypeDisabledIconIdcom.android.systemui:drawable/stat_sys_data_connected_disabled_3g

01-15 16:48:22.204  2701  2701 D StatusBar.NetworkController: refreshNwBoosterIndicator - setNWBoosterIndicators(false)

01-15 16:48:22.204  2701  2701 D StatusBar.NetworkController: applyVZW

01-15 16:48:22.204  2701  2701 D StatusBar.NetworkController: applyVZW : mDataTypeDisabledIconIdcom.android.systemui:drawable/stat_sys_data_connected_disabled_3g

01-15 16:48:22.214  2701  2701 D StatusBar.NetworkController: refreshNwBoosterIndicator - setNWBoosterIndicators(false)

01-15 16:48:22.214  2701  2701 D StatusBar.NetworkController: applyVZW

01-15 16:48:22.214  2701  2701 D StatusBar.NetworkController: applyVZW : mDataTypeDisabledIconIdcom.android.systemui:drawable/stat_sys_data_connected_disabled_3g

01-15 16:48:23.844  2701  2701 D StatusBar.NetworkController: onSignalStrengthsChanged signalStrength=SignalStrength: 99 99 -92 -80 -87 -25 6 99 2147483647 2147483647 2147483647 -1 2147483647 0x330 cdma level=3

01-15 16:48:23.844  2701  2701 D StatusBar.NetworkController: updateTelephonySignalStrength: hasService=true ss=SignalStrength: 99 99 -92 -80 -87 -25 6 99 2147483647 2147483647 2147483647 -1 2147483647 0x330 cdma

01-15 16:48:23.844  2701  2701 D StatusBar.NetworkController: updateTelephonySignalStrength: iconLevel=3

01-15 16:48:23.844  2701  2701 D StatusBar.NetworkController: updateTelephonySignalStrength, No signal level. mPhoneSignalIconId = com.android.systemui:drawable/tw_stat_sys_5_level_signal_3_auto_rotate mDataSignalIconId = com.android.systemui:drawable/tw_stat_sys_5_level_signal_3_auto_rotate mQSPhoneSignalIconId = com.android.systemui:drawable/ic_qs_signal_3 mContentDescriptionPhoneSignal = Three bars of phone signal

01-15 16:48:23.944  2701  2701 D StatusBar.NetworkController: Invisible Data Activity Icon

01-15 16:48:23.944  2701  2701 D StatusBar.NetworkController: refreshViews connected={ data } level=3 combinedSignalIconId=0x7f02085f/com.android.systemui:drawable/tw_stat_sys_5_level_signal_3_auto_rotate mobileLabel=Verizon Wireless wifiLabel= emergencyOnly=false combinedLabel=Verizon Wireless mAirplaneMode=false mDataActivity=0 mPhoneSignalIconId=0x7f02085f/com.android.systemui:drawable/tw_stat_sys_5_level_signal_3_auto_rotate mQSPhoneSignalIconId=0x7f0201b9/com.android.systemui:drawable/ic_qs_signal_3 mDataDirectionIconId=0x0/(null) mDataSignalIconId=0x7f02085f/com.android.systemui:drawable/tw_stat_sys_5_level_signal_3_auto_rotate mDataTypeIconId=0x7f0204d5/com.android.systemui:drawable/stat_sys_data_connected_disabled_3g mQSDataTypeIconId=0x0/(null) mNoSimIconId=0x0/(null) mWifiIconId=0x7f020709/com.android.systemui:drawable/stat_sys_wifi_signal_0 mQSWifiIconId=0x7f0201d9/com.android.systemui:drawable/ic_qs_wifi_no_network mWifiActivityIconId=0x0/(null) mBluetoothTetherIconId=0x7f0206ec/com.android.systemui:drawable/stat_sys_tether_bluetooth

01-15 16:48:23.944  2701  2701 D StatusBar.NetworkController: refreshNwBoosterIndicator - setNWBoosterIndicators(false)

01-15 16:48:23.944  2701  2701 D StatusBar.NetworkController: applyVZW

01-15 16:48:23.954  2701  2701 D StatusBar.NetworkController: applyVZW : mDataTypeDisabledIconIdcom.android.systemui:drawable/stat_sys_data_connected_disabled_3g

01-15 16:48:23.954  2701  2701 D StatusBar.NetworkController: refreshNwBoosterIndicator - setNWBoosterIndicators(false)

01-15 16:48:23.954  2701  2701 D StatusBar.NetworkController: applyVZW

01-15 16:48:23.964  2701  2701 D StatusBar.NetworkController: applyVZW : mDataTypeDisabledIconIdcom.android.systemui:drawable/stat_sys_data_connected_disabled_3g

01-15 16:48:23.964  2701  2701 D StatusBar.NetworkController: refreshNwBoosterIndicator - setNWBoosterIndicators(false)

01-15 16:48:23.964  2701  2701 D StatusBar.NetworkController: applyVZW

01-15 16:48:23.964  2701  2701 D StatusBar.NetworkController: applyVZW : mDataTypeDisabledIconIdcom.android.systemui:drawable/stat_sys_data_connected_disabled_3g

01-15 16:48:23.964  2701  2701 D StatusBar.NetworkController: refreshNwBoosterIndicator - setNWBoosterIndicators(false)

01-15 16:48:23.964  2701  2701 D StatusBar.NetworkController: applyVZW

01-15 16:48:23.974  2701  2701 D StatusBar.NetworkController: applyVZW : mDataTypeDisabledIconIdcom.android.systemui:drawable/stat_sys_data_connected_disabled_3g

01-15 16:48:24.794 11996 11996 E TZ_CCM_SERVER: Only 'CCM' are supported

01-15 16:48:24.794 11996 11996 I TZ_CCM_SERVER: ###Exit TZ CCM Server

01-15 16:48:26.854  2701  2701 D StatusBar.NetworkController: onSignalStrengthsChanged signalStrength=SignalStrength: 99 99 -120 -160 -87 -25 6 99 2147483647 2147483647 2147483647 -1 2147483647 0x300 cdma level=3

01-15 16:48:26.854  2701  2701 D StatusBar.NetworkController: updateTelephonySignalStrength: hasService=true ss=SignalStrength: 99 99 -120 -160 -87 -25 6 99 2147483647 2147483647 2147483647 -1 2147483647 0x300 cdma

01-15 16:48:26.854  2701  2701 D StatusBar.NetworkController: updateTelephonySignalStrength: iconLevel=3

01-15 16:48:26.854  2701  2701 D StatusBar.NetworkController: updateTelephonySignalStrength, No signal level. mPhoneSignalIconId = com.android.systemui:drawable/tw_stat_sys_5_level_signal_3_auto_rotate mDataSignalIconId = com.android.systemui:drawable/tw_stat_sys_5_level_signal_3_auto_rotate mQSPhoneSignalIconId = com.android.systemui:drawable/ic_qs_signal_3 mContentDescriptionPhoneSignal = Three bars of phone signal

01-15 16:48:26.874  2701  2701 D StatusBar.NetworkController: onSignalStrengthsChanged signalStrength=SignalStrength: 99 99 -120 -160 -87 -25 6 99 2147483647 2147483647 2147483647 -1 2147483647 0x300 cdma level=3

01-15 16:48:26.874  2701  2701 D StatusBar.NetworkController: updateTelephonySignalStrength: hasService=true ss=SignalStrength: 99 99 -120 -160 -87 -25 6 99 2147483647 2147483647 2147483647 -1 2147483647 0x300 cdma

01-15 16:48:26.874  2701  2701 D StatusBar.NetworkController: updateTelephonySignalStrength: iconLevel=3

01-15 16:48:26.884  2701  2701 D StatusBar.NetworkController: updateTelephonySignalStrength, No signal level. mPhoneSignalIconId = com.android.systemui:drawable/tw_stat_sys_5_level_signal_3_auto_rotate mDataSignalIconId = com.android.systemui:drawable/tw_stat_sys_5_level_signal_3_auto_rotate mQSPhoneSignalIconId = com.android.systemui:drawable/ic_qs_signal_3 mContentDescriptionPhoneSignal = Three bars of phone signal

01-15 16:48:26.914  1389  4809 D EPDG -- [MODEM]: message length is  9

01-15 16:48:26.914  1389  4809 D EPDG -- [MODEM]: countRead is 7 offset is 7remaining is 0

01-15 16:48:26.914  1389  4809 D EPDG -- EpdgIpcMessageFactory: ipcMainCmd: 8

01-15 16:48:26.914  1389  4809 D EPDG -- [UTILS]: isUSerBinary: true

01-15 16:48:26.914  1389  4809 D EPDG -- [RILRECEIVER]: [Rx]: Main: IPC_NET_CMD Sub: IPC_NET_REGIST

01-15 16:48:26.914  1389  4809 D EPDG -- [RILRECEIVER]: [Rx]: Param: FF 03 

01-15 16:48:26.914  1389  4809 I EPDG -- [RILRECEIVER]: RX [NET_REGIST] -- RESPONSE -- EPDG NOT AVAILABLE

01-15 16:48:26.914  1389  4809 D EPDG -- [NETIPCMESSAGE]: encodeNetRegist

01-15 16:48:26.914  1389  4809 D EPDG -- [UTILS]: isUSerBinary: true

01-15 16:48:26.914  1389  4809 D EPDG -- [IPCDISPATCHER]: [Tx]: Main: IPC_NET_CMD Sub: IPC_NET_REGIST Cmd Type: IPC_CMD_RESP

01-15 16:48:26.914  1389  4809 D EPDG -- [IPCDISPATCHER]: [Tx]: Param: 30 03 01 00 00 00 00 00 00 00 00 00 00 

01-15 16:48:26.914  1389  4809 D EPDG -- [MODEM]: EpdgModem instance already exists !

01-15 16:48:26.914  1389  4807 D EPDG -- [MODEM]: Successfully written to RIL

01-15 16:48:26.914  1389  2637 D EPDG -- [EPDGService]: Event received: RIL_EPDG_STATUS_QUERY

01-15 16:48:26.914  1389  2637 D EPDG -- [EPDGService]: handleMessage: cid - 1

01-15 16:48:26.964  3232  3232 D MccTable: updateMccMncConfiguration mccmnc='00000' fromServiceState=true

01-15 16:48:26.964  3232  3232 D MccTable: updateMccMncConfiguration defaultMccMnc=311480

01-15 16:48:26.964  3232  3232 D MccTable: updateMccMncConfiguration: mcc=0, mnc=0

01-15 16:48:26.964  3232  3232 D MccTable: WIFI_COUNTRY_CODE set to 

01-15 16:48:26.964  1389  2357 I WifiService: WifiService trying to set country code to  with persist set to true

01-15 16:48:26.974  3232  3232 W Settings: Setting airplane_mode_on has moved from android.provider.Settings.System to android.provider.Settings.Global, returning read-only value.

01-15 16:48:26.984  2701  2701 D StatusBar.NetworkController: Invisible Data Activity Icon

01-15 16:48:26.984  2701  2701 D StatusBar.NetworkController: refreshViews connected={ data } level=3 combinedSignalIconId=0x7f02085f/com.android.systemui:drawable/tw_stat_sys_5_level_signal_3_auto_rotate mobileLabel=Verizon Wireless wifiLabel= emergencyOnly=false combinedLabel=Verizon Wireless mAirplaneMode=false mDataActivity=0 mPhoneSignalIconId=0x7f02085f/com.android.systemui:drawable/tw_stat_sys_5_level_signal_3_auto_rotate mQSPhoneSignalIconId=0x7f0201b9/com.android.systemui:drawable/ic_qs_signal_3 mDataDirectionIconId=0x0/(null) mDataSignalIconId=0x7f02085f/com.android.systemui:drawable/tw_stat_sys_5_level_signal_3_auto_rotate mDataTypeIconId=0x7f0204d5/com.android.systemui:drawable/stat_sys_data_connected_disabled_3g mQSDataTypeIconId=0x0/(null) mNoSimIconId=0x0/(null) mWifiIconId=0x7f020709/com.android.systemui:drawable/stat_sys_wifi_signal_0 mQSWifiIconId=0x7f0201d9/com.android.systemui:drawable/ic_qs_wifi_no_network mWifiActivityIconId=0x0/(null) mBluetoothTetherIconId=0x7f0206ec/com.android.systemui:drawable/stat_sys_tether_bluetooth

01-15 16:48:26.984  2701  2701 D StatusBar.NetworkController: refreshNwBoosterIndicator - setNWBoosterIndicators(false)

01-15 16:48:26.984  2701  2701 D StatusBar.NetworkController: applyVZW

01-15 16:48:26.994  2701  2701 D StatusBar.NetworkController: applyVZW : mDataTypeDisabledIconIdcom.android.systemui:drawable/stat_sys_data_connected_disabled_3g

01-15 16:48:26.994  2701  2701 D StatusBar.NetworkController: refreshNwBoosterIndicator - setNWBoosterIndicators(false)

01-15 16:48:26.994  2701  2701 D StatusBar.NetworkController: applyVZW

01-15 16:48:27.004  2701  2701 D StatusBar.NetworkController: applyVZW : mDataTypeDisabledIconIdcom.android.systemui:drawable/stat_sys_data_connected_disabled_3g

01-15 16:48:27.004  2701  2701 D StatusBar.NetworkController: refreshNwBoosterIndicator - setNWBoosterIndicators(false)

01-15 16:48:27.004  2701  2701 D StatusBar.NetworkController: applyVZW

01-15 16:48:27.004  3232  3232 E TelephonyProvider: URL not supplied. No update will happen

01-15 16:48:27.004  3232  3232 D TelephonyProvider: APN updated !! match = 7

01-15 16:48:27.004  3232  3232 D TelephonyProvider: query: url=content://telephony/siminfo, projectionIn=null, selection=sim_id>=0selectionArgs=null, sort=null

01-15 16:48:27.004  3232  3232 D TelephonyProvider: query: match = 7

01-15 16:48:27.014  2701  2701 D StatusBar.NetworkController: applyVZW : mDataTypeDisabledIconIdcom.android.systemui:drawable/stat_sys_data_connected_disabled_3g

01-15 16:48:27.014  2701  2701 D StatusBar.NetworkController: refreshNwBoosterIndicator - setNWBoosterIndicators(false)

01-15 16:48:27.014  2701  2701 D StatusBar.NetworkController: applyVZW

01-15 16:48:27.024  2701  2701 D StatusBar.NetworkController: applyVZW : mDataTypeDisabledIconIdcom.android.systemui:drawable/stat_sys_data_connected_disabled_3g

01-15 16:48:27.024  2701  2701 D KeyguardUpdateMonitor: received broadcast android.provider.Telephony.SPN_STRINGS_UPDATED

01-15 16:48:27.024  2701  2701 I PERF    : received broadcast android.provider.Telephony.SPN_STRINGS_UPDATED

01-15 16:48:27.024  2701  2701 I KeyguardUpdateMonitor: Received SPN update on phoneId :0 , mTelephonyPlmn[0]Searching for Service , mTelephonySpn[0]null

01-15 16:48:27.024  2701  2701 D CarrierLabel: updateNetworkName showSpn=false spn= showPlmn=true plmn=Searching for Service

01-15 16:48:27.024  2701  2701 D KeyguardUpdateMonitor: handleCarrierInfoUpdate: plmn = Searching for Service, spn = null

01-15 16:48:27.024  1389  2745 D SecContentProvider2: query(), uri = 15 selection = getLockScreenHiddenItems

01-15 16:48:27.034  2701  2701 D CarrierText: updateCarrierText(): 1

01-15 16:48:27.034  2701  2701 D CarrierText: Getting plmn/spn sticky brdcst Searching for Service / 

01-15 16:48:27.034  2701  2701 D CarrierText: concatenate : plmn = Searching for Service

01-15 16:48:27.034  2701  2701 D CarrierText: Handling READY , carrierTextForSimState = Searching for Service

01-15 16:48:27.034  2701  2701 D CarrierText: concatenate : spn = Searching for Service

01-15 16:48:27.034  2701  2701 D CarrierText: Result :  displayText = Searching for Service , carrierTextForSimState = Searching for Service

01-15 16:48:27.034  2701  2701 D CarrierText: setText :  displayText = Searching for Service

01-15 16:48:27.044  3344  3344 D SimManagerFactory: onSubscriptionsChanged:

01-15 16:48:27.044  1389  1582 D GpsLocationProvider: received SIM related action: 

01-15 16:48:27.044  2701  2701 V KeyguardUpdateMonitor: onSubscriptionInfoChanged()

01-15 16:48:27.054  1389  1389 D WifiStateMachine: setFccChannel: channel = 0

01-15 16:48:27.054  3344  3344 D SimManagerFactory: onSubscriptionsChanged: subInfo={id=1, iccId=891480000XXXXXXXXXXX simSlotIndex=0 displayName=CARD 1 carrierName=Searching for Service nameSource=0 iconTint=0 dataRoaming=0 iconBitmap=android.graphics.Bitmap@3e273c3 mcc 311 mnc 480 mStatus=1 mNwMode=-1}

01-15 16:48:27.054  3344  3344 D SimManagerFactory: update simManager

01-15 16:48:27.054  3344  3344 D PdnController: onServiceStateChanged(1 0 voice home data home  Unknown EvDo-rev.A CSS not supported 0 0 RoamInd=1 DefRoamInd=1 VoiceRegType=0 ImsVoiceAvail=0 IsEbSupport=0 IsEaBarred=0 Snap=0 FemtocellInd=0 EmergOnly=false IsDataRoamingFromRegistration=false)

01-15 16:48:27.054  3344  3344 D PdnController: notifySnapshotState: snapshotState=0 old=0

01-15 16:48:27.054  3344  3344 D VolteServiceModule: onServiceStateChanged(1 0 voice home data home  Unknown EvDo-rev.A CSS not supported 0 0 RoamInd=1 DefRoamInd=1 VoiceRegType=0 ImsVoiceAvail=0 IsEbSupport=0 IsEaBarred=0 Snap=0 FemtocellInd=0 EmergOnly=false IsDataRoamingFromRegistration=false)

01-15 16:48:27.054  1389  1389 D WifiService: onServiceStateChanged : 1

01-15 16:48:27.054  1389  1389 D WifiService: [FCC]STATE_OUT_OF_SERVICE & Airplane off, setFccChannel(0)!!!

01-15 16:48:27.064  2701  2701 V KeyguardUpdateMonitor: SubInfo:{id=1, iccId=891480000XXXXXXXXXXX simSlotIndex=0 displayName=CARD 1 carrierName=Searching for Service nameSource=0 iconTint=0 dataRoaming=0 iconBitmap=android.graphics.Bitmap@137b6bb mcc 311 mnc 480 mStatus=1 mNwMode=-1}

01-15 16:48:27.064  2701  2701 V KeyguardUpdateMonitor: getSubscriptionInfo  list is null - handleSimSubscription Fail !!!! 

01-15 16:48:27.064  1389  1389 W MediaFocusControl: ##################################################

01-15 16:48:27.064  1389  1389 W MediaFocusControl: ### RIL State is changed0 -> 1

01-15 16:48:27.064  1389  1389 W MediaFocusControl: ##################################################

01-15 16:48:27.064  1389  2627 D WifiStateMachine: setFccChannelNative: channel = 0

01-15 16:48:27.064  1389  2627 D WifiNative-wlan0: callSECApiInt - ID [230]

01-15 16:48:27.064  1389  1389 D EPDG -- [EPDGService]: onServiceStateChanged state=1

01-15 16:48:27.064  1389  2637 D EPDG -- [EPDGService]: getIsSimCardRemoved: returning: false

01-15 16:48:27.064  1389  2637 D EPDG -- [EPDGService]: getIsSimCardRemoved: returning: false

01-15 16:48:27.064  1389  2637 D EPDG -- [EPDGService]: onNetworkStatusChanged

01-15 16:48:27.064  1389  2636 D ConnectivityManager: getMobileDataEnabled()+ subId=1

01-15 16:48:27.064  3344  3344 E OmcCode : OMC is empty

01-15 16:48:27.064  3344  3344 E OmcCode : salesCode is loaded :VZW

01-15 16:48:27.064  3344  3344 D Mno     : fromSim: operator=311480

01-15 16:48:27.064  1389  1582 D GpsLocationProvider: SIM MCC/MNC is available: 311480

01-15 16:48:27.064  1389  1582 D GpsLocationProvider: Reset GPS properties, previous size = 20

01-15 16:48:27.074  3344  3344 D Mno     : getCountryCode: mcc=310

01-15 16:48:27.074  3344  3344 D Mno     : choose mno : 311, 480, Verizon Wirelss, us

01-15 16:48:27.074  1389  1582 D GpsLocationProvider: GpsParamsResource: SUPL_HOST=supl.google.com

01-15 16:48:27.074  1389  1582 D GpsLocationProvider: GpsParamsResource: SUPL_PORT=7275

01-15 16:48:27.074  1389  1582 D GpsLocationProvider: GpsParamsResource: NTP_SERVER=north-america.pool.ntp.org

01-15 16:48:27.074  1389  1582 D GpsLocationProvider: GpsParamsResource: SUPL_VER=0x20000

01-15 16:48:27.074  1389  1582 D GpsLocationProvider: GpsParamsResource: SUPL_MODE=1

01-15 16:48:27.074  3232 17587 D PhoneInterfaceManager: [PhoneIntfMgr] getDataEnabled: subId=1 phoneId=0

01-15 16:48:27.074  3232 17587 D PhoneInterfaceManager: [PhoneIntfMgr] getDataEnabled: subId=1 retVal=true

01-15 16:48:27.074  1389  2636 D ConnectivityManager: getMobileDataEnabled()- subId=1 retVal=true

01-15 16:48:27.084  1389  1582 D GpsLocationProvider: GPS properties reloaded, size = 20

01-15 16:48:27.084  2701  2701 D StatusBar.NetworkController: onServiceStateChanged voiceState=1 dataState=0

01-15 16:48:27.084  2701  2701 D StatusBar.NetworkController: onServiceStateChanged mDataNetType=6

01-15 16:48:27.084  2701  2701 D StatusBar.NetworkController: getDataServiceState: dataServiceState=0

