10-06 16:55:42.129   806   806 I SurfaceFlinger: id=17505 createSurf (4560x4560),-1 flag=20004, Letterbox - top#1
10-06 16:55:42.129   806   806 D SurfaceFlinger: duplicate layer name: changing Letterbox - bottom to Letterbox - bottom#1
10-06 16:55:42.130   806   806 I SurfaceFlinger: id=17506 createSurf (4560x4560),-1 flag=20004, Letterbox - bottom#1
10-06 16:55:42.131  1319  1319 D FreeformController: Fail to invalid task id :  -1
10-06 16:55:42.132  1319  1319 D Telecom:SamsungPrebindingServiceImpl: onTopActivityChanged ComponentInfo{com.YourCompany.CSC567Final/com.epicgames.ue4.GameActivity}
10-06 16:55:42.133  1319  1659 I WifiStateMachine: checkScoreBasedQuality -  mPreviousScore[0]:74 mPreviousScore[1]:73 mPreviousScore[2]:74 s2Score:74mPrevoiusScoreAverage:73
10-06 16:55:42.145  9776  9799 D libEGL  : loaded /vendor/lib/egl/libGLESv1_CM_adreno.so
10-06 16:55:42.146   806   806 I SurfaceFlinger: Display 0 HWC layers:
10-06 16:55:42.146   806   806 I SurfaceFlinger:     type    |    handle    | flag |  format   |   source crop (l,t,r,b)    |         frame       | name 
10-06 16:55:42.146   806   806 I SurfaceFlinger: ------------+--------------+------+-----------+----------------------------+---------------------+------
10-06 16:55:42.146   806   806 I SurfaceFlinger:      Device | 0x784fc3e0e0 | 0002 | RGBA_8888 |   5.0    0.0 1085.0 2280.0 |    0    0 1080 2280 | com.android.systemui.ImageWallpaper[1940]#0
10-06 16:55:42.146   806   806 I SurfaceFlinger:  SolidColor |              | 0004 |  Unknown  |   0.0    0.0   -1.0   -1.0 |    0    0 1080  117 | Letterbox - top#0
10-06 16:55:42.146   806   806 I SurfaceFlinger:  SolidColor |              | 0004 |  Unknown  |   0.0    0.0   -1.0   -1.0 |    0 2136 1080 2280 | Letterbox - bottom#0
10-06 16:55:42.146   806   806 I SurfaceFlinger:  SolidColor |              | 0004 |  Unknown  |   0.0    0.0   -1.0   -1.0 |   16   35 1064  148 | Letterbox - top#1
10-06 16:55:42.146   806   806 I SurfaceFlinger:  SolidColor |              | 0004 |  Unknown  |   0.0    0.0   -1.0   -1.0 |   16 2106 1064 2245 | Letterbox - bottom#1
10-06 16:55:42.146   806   806 I SurfaceFlinger:      Device | 0x784fc3e230 | 0002 | RGBA_8888 |   0.0    0.0 1080.0 2019.0 |   16  148 1064 2106 | Splash Screen com.YourCompany.CSC567Final#0
10-06 16:55:42.146   806   806 I SurfaceFlinger:      Device | 0x78502390c0 | 00
10-06 16:55:42.146   806   806 I SurfaceFlinger: 00 | RGBA_8888 |   0.0    0.0 1080.0  116.0 |    0    0 1080  116 | StatusBar[1940]#0
10-06 16:55:42.146   806   806 I SurfaceFlinger:      Device | 0x784fc3e1c0 | 0000 | RGBA_8888 |   0.0    0.0   67.0  419.0 | 1013  332 1080  751 | com.samsung.android.app.cocktailbars[...]arservice.CocktailBarService[6188]#0
10-06 16:55:42.146   806   806 I SurfaceFlinger:      Device | 0x7850238cd0 | 0000 | RGBA_8888 |   0.0    0.0 1080.0  144.0 |    0 2136 1080 2280 | NavigationBar[1940]#0
10-06 16:55:42.146   806   806 I SurfaceFlinger: 
10-06 16:55:42.150  9776  9776 I DecorView: createDecorCaptionView >> DecorView@a56ec02[], isFloating: false, isApplication: true, hasWindowDecorCaption: false, hasWindowControllerCallback: true
10-06 16:55:42.156  9776  9799 D libEGL  : loaded /vendor/lib/egl/libGLESv2_adreno.so
10-06 16:55:42.164  1319  1558 I SensorService: [FLICKERLIGHT] lux value : 86, code value : 255, als value : 1
10-06 16:55:42.206  1319  4010 V WindowOrientationListener: getProposedRotation :-1
10-06 16:55:42.206  1319  4010 V WindowManager: rotationForOrientationLw(orient=4, last=0); user=0  sensorRotation=-1 mLidState=-1 mDockMode=0 mHdmiPlugged=false
10-06 16:55:42.207  1319  4010 D GamePkgDataHelper: notifyAppCreate(), pkgName: com.YourCompany.CSC567Final, sendRet: true
10-06 16:55:42.207  1319  1875 D GamePkgDataHelper: getGamePkgData(). com.YourCompany.CSC567Final
10-06 16:55:42.207  1319  1875 D GameManagerService: handleMessage(), MSG_APP_CREATE. ignore. pkgName: com.YourCompany.CSC567Final
10-06 16:55:42.208  1319  4010 D InputDispatcher: Focused application set to: 69a263c
10-06 16:55:42.208  1319  1546 I WindowManager: reset, Reparenting to original parent, shouldDeferScheduleAnimation=false, destroyLeash=true, surface=Surface(name=AppWindowToken{69a263c token=Token{1bdd02f ActivityRecord{e6cee0e u0 com.YourCompany.CSC567Final/com.epicgames.ue4.GameActivity t195}}})/@0xd016a28, parent=Surface(name=Task=195)/@0x38d0a5b, parentNativeHandle=android.os.BinderProxy@9cb0e6, caller=com.android.server.wm.SurfaceAnimator.lambda$getFinishedCallback$0:94 com.android.server.wm.-$$Lambda$SurfaceAnimator$SIBia0mND666K8lMCPsoid8pUTI.run:4 com.android.server.wm.SurfaceAnimator.lambda$getFinishedCallback$1:101 com.android.server.wm.-$$Lambda$SurfaceAnimator$vdRZk66hQVbQCvVXEaQCT1kVmFc.onAnimationFinished:4 com.android.server.wm.SurfaceAnimator.lambda$getFinishedCallback$1:86 
10-06 16:55:42.209  1319  1546 D SurfaceControl: reparent is called, sc=Surface(name=AppWindowToken{69a263c token=Token{1bdd02f ActivityRecord{e6cee0e u0 com.YourCompany.CSC567Final/com.epicgames.ue4.GameActivity t195}}})/@0xd016a28, newParentHandle=android.os.BinderProxy@9cb0e6, transaction=android.view.SurfaceControl$Transaction@8819627
10-06 16:55:42.209  1319  1546 D SurfaceControl: destroy(transaction), animation-leash is destroyed, sc=Surface(name=Surface(name=AppWindowToken{399fb57 token=Token{5cfacd6 ActivityRecord{5b548f1 u0 com.YourCompany.CSC567Final/com.epicgames.ue4.SplashActivity t195}}})/@0x161456a - animation-leash)/@0xbc64e36, transaction=android.view.SurfaceControl$Transaction@8819627, caller=com.android.server.wm.SurfaceAnimator.reset:335 com.android.server.wm.SurfaceAnimator.lambda$getFinishedCallback$0:94 com.android.server.wm.-$$Lambda$SurfaceAnimator$SIBia0mND666K8lMCPsoid8pUTI.run:4 com.android.server.wm.SurfaceAnimator.lambda$getFinishedCallback$1:101 com.android.server.wm.-$$Lambda$SurfaceAnimator$vdRZk66hQVbQCvVXEaQCT1kVmFc.onAnimationFinished:4 com.android.server.wm.SurfaceAnimator.lambda$getFinishedCallback$1:86 com.android.server.wm.-$$Lambda$SurfaceAnimator$vdRZk66hQVbQCvVXEaQCT1kVmFc.onAnimationFinished:4 
10-06 16:55:42.210  1319  4010 D GameManagerService: noteResumeComponent(), resumeComponent: com.YourCompany.CSC567Final
10-06 16:55:42.210  1319  4010 D MARsPolicyManager: onPackageResumedFG pkgName = com.YourCompany.CSC567Final, userId = 0
10-06 16:55:42.210  1319  1875 D GameManagerService: handleForegroundChange(). pkgName: com.YourCompany.CSC567Final, clsName: com.epicgames.ue4.GameActivity,FgActivityName:com.YourCompany.CSC567Final/com.epicgames.ue4.GameActivity
10-06 16:55:42.210  1319  1875 D GameManagerService:   handleForegroundChange(). same package with Prev KILL_YOURSELF. ignore
10-06 16:55:42.212  1319  4010 D WindowManager: prepareSurfaces, request to clear saved leash, surface=Surface(name=AppWindowToken{69a263c token=Token{1bdd02f ActivityRecord{e6cee0e u0 com.YourCompany.CSC567Final/com.epicgames.ue4.GameActivity t195}}})/@0xd016a28
10-06 16:55:42.212   806  2896 D Layer   : [AppWindowToken{69a263c token=Token{1bdd02f ActivityRecord{e6cee0e u0 com.YourCompany.CSC567Final/com.epicgames.ue4.GameActivity t195}}}#0]::reparent oldParent:[Surface(name=AppWindowToken{399fb57 token=Token{5cfacd6 ActivityRecord{5b548f1 u0 com.YourCompany.CSC567Final/com.epicgames.ue4.SplashActivity t195}}})/@0x161456a - animation-leash#0], newParent:[Task=195#0]
10-06 16:55:42.212   806  2896 I SurfaceFlinger: id=17502 Removed Surface(name=AppWindowToken{399fb57 token=Token{5cfacd6 ActivityRecord{5b548f1 u0 com.YourCompany.CSC567Final/com.epicgames.ue4.SplashActivity t195}}})/@0x161456a - animation-leash#0 (0/60)
10-06 16:55:42.213  1319  4010 D WindowManager: clearSavedLeashOnCommit, savedLeash=Surface(name=Surface(name=AppWindowToken{399fb57 token=Token{5cfacd6 ActivityRecord{5b548f1 u0 com.YourCompany.CSC567Final/com.epicgames.ue4.SplashActivity t195}}})/@0x161456a - animation-leash)/@0xbc64e36, caller=com.android.server.wm.WindowContainer.clearSavedLeashOnCommit:1164 com.android.server.wm.WindowContainer.clearSavedLeashOnCommit:1168 com.android.server.wm.WindowContainer.clearSavedLeashOnCommit:1168 com.android.server.wm.WindowContainer.clearSavedLeashOnCommit:1168 com.android.server.wm.WindowContainer.clearSavedLeashOnCommit:1168 com.android.server.wm.RootWindowContainer.performSurfacePlacement:774 
10-06 16:55:42.215  1319  1319 D FreeformController: Fail to invalid task id :  -1
10-06 16:55:42.215  1319  1319 D Telecom:SamsungPrebindingServiceImpl: onTopActivityChanged ComponentInfo{com.YourCompany.CSC567Final/com.epicgames.ue4.GameActivity}
10-06 16:55:42.215  1319  1319 D FreeformController: Fail to invalid task id :  -1
10-06 16:55:42.215  9776  9776 W ActivityThread: handleWindowVisibility: no activity for token android.os.BinderProxy@8c47d49
10-06 16:55:42.215  1319  1319 D FreeformController: Fail to invalid task id :  -1
10-06 16:55:42.225   806   806 I Layer   : id=17502 onRemoved Surface(name=AppWindowToken{399fb57 token=Token{5cfacd6 ActivityRecord{5b548f1 u0 com.YourCompany.CSC567Final/com.epicgames.ue4.SplashActivity t195}}})/@0x161456a - animation-leash#0 
10-06 16:55:42.229   806   806 I SurfaceFlinger: Display 0 HWC layers:
10-06 16:55:42.229   806   806 I SurfaceFlinger:     type    |    handle    | flag |  format   |   source crop (l,t,r,b)    |         frame       | name 
10-06 16:55:42.229   806   806 I SurfaceFlinger: ------------+--------------+------+-----------+----------------------------+---------------------+------
10-06 16:55:42.229   806   806 I SurfaceFlinger:      Device | 0x784fc3e0e0 | 0002 | RGBA_8888 |   5.0    0.0 1085.0 2280.0 |    0    0 1080 2280 | com.android.systemui.ImageWallpaper[1940]#0
10-06 16:55:42.229   806   806 I SurfaceFlinger:  SolidColor |              | 0004 |  Unknown  |   0.0    0.0   -1.0   -1.0 |    0    0 1080  117 | Letterbox - top#1
10-06 16:55:42.229   806   806 I SurfaceFlinger:  SolidColor |              | 0004 |  Unknown  |   0.0    0.0   -1.0   -1.0 |    0 2136 1080 2280 | Letterbox - bottom#1
10-06 16:55:42.229   806   806 I SurfaceFlinger:      Device | 0x784fc3e230 | 0002 | RGBA_8888 |   0.0    0.0 1080.0 2019.0 |    0  117 1080 2136 | Splash Screen com.YourCompany.CSC567Final#0
10-06 16:55:42.229   806   806 I SurfaceFlinger:      Device | 0x7850238c60 | 0000 | RGBA_8888 |   0.0   12.0 1080.0  116.0 |    0    0 1080  104 | StatusBar[1940]#0
10-06 16:55:42.229   806   806 I SurfaceFlinger:      Device | 0x784fc3e1c0 | 0000 | RGBA_8888 |   0.0    0.0   67.0  419.0 | 1013  332 1080  751 | com.samsung.android.app.cocktailbars[...]arservice.C
10-06 16:55:42.229   806   806 I SurfaceFlinger: ocktailBarService[6188]#0
10-06 16:55:42.229   806   806 I SurfaceFlinger:      Device | 0x7850238bf0 | 0000 | RGBA_8888 |   0.0    0.0 1080.0  144.0 |    0 2136 1080 2280 | NavigationBar[1940]#0
10-06 16:55:42.229   806   806 I SurfaceFlinger: 
10-06 16:55:42.242  1319  1546 I WindowManager: reset, Reparenting to original parent, shouldDeferScheduleAnimation=false, destroyLeash=true, surface=Surface(name=AppWindowToken{bf9f362 token=Token{651a22d ActivityRecord{310f144 u0 com.sec.android.app.launcher/.activities.LauncherActivity t27}}})/@0xb32d10e, parent=Surface(name=Task=27)/@0xf29772f, parentNativeHandle=android.os.BinderProxy@49231f, caller=com.android.server.wm.SurfaceAnimator.lambda$getFinishedCallback$0:94 com.android.server.wm.-$$Lambda$SurfaceAnimator$SIBia0mND666K8lMCPsoid8pUTI.run:4 com.android.server.wm.SurfaceAnimator.lambda$getFinishedCallback$1:101 com.android.server.wm.-$$Lambda$SurfaceAnimator$vdRZk66hQVbQCvVXEaQCT1kVmFc.onAnimationFinished:4 com.android.server.wm.LocalAnimationAdapter.lambda$startAnimation$0:74 
10-06 16:55:42.242  1319  1546 D SurfaceControl: reparent is called, sc=Surface(name=AppWindowToken{bf9f362 token=Token{651a22d ActivityRecord{310f144 u0 com.sec.android.app.launcher/.activities.LauncherActivity t27}}})/@0xb32d10e, newParentHandle=android.os.BinderProxy@49231f, transaction=android.view.SurfaceControl$Transaction@74e3ec5
10-06 16:55:42.242  1319  1546 D SurfaceControl: destroy(transaction), animation-leash is destroyed, sc=Surface(name=Surface(name=AppWindowToken{bf9f362 token=Token{651a22d ActivityRecord{310f144 u0 com.sec.android.app.launcher/.activities.LauncherActivity t27}}})/@0xb32d10e - animation-leash)/@0x4ab41e3, transaction=android.view.SurfaceControl$Transaction@74e3ec5, caller=com.android.server.wm.SurfaceAnimator.reset:335 com.android.server.wm.SurfaceAnimator.lambda$getFinishedCallback$0:94 com.android.server.wm.-$$Lambda$SurfaceAnimator$SIBia0mND666K8lMCPsoid8pUTI.run:4 com.android.server.wm.SurfaceAnimator.lambda$getFinishedCallback$1:101 com.android.server.wm.-$$Lambda$SurfaceAnimator$vdRZk66hQVbQCvVXEaQCT1kVmFc.onAnimationFinished:4 com.android.server.wm.LocalAnimationAdapter.lambda$startAnimation$0:74 com.android.server.wm.-$$Lambda$LocalAnimationAdapter$X--EomqUvw4qy89IeeTFTH7aCMo.run:4 
10-06 16:55:42.242  1319  1546 V WindowManager: Setting visibility of Window{545fdb1 u0 com.sec.android.app.launcher/com.sec.android.app.launcher.activities.LauncherActivity}: false, caller=com.android.server.wm.WindowContainer.sendAppVisibilityToClients:623 com.android.server.wm.AppWindowToken.setClientHidden:460 com.android.server.wm.AppWindowToken.onAnimationFinished:2388 com.android.server.wm.-$$Lambda$yVRF8YoeNdTa8GR1wDStVsHu8xM.run:2 com.android.server.wm.SurfaceAnimator.lambda$getFinishedCallback$0:97 
10-06 16:55:42.243  1319  1319 D FreeformController: Fail to invalid task id :  -1
10-06 16:55:42.243  1940 15366 D WallpaperService: dispatchAppVisibility onVisibilityChanged(): false
10-06 16:55:42.243  1319  1546 D WindowManager: prepareSurfaces, request to clear saved leash, surface=Surface(name=AppWindowToken{bf9f362 token=Token{651a22d ActivityRecord{310f144 u0 com.sec.android.app.launcher/.activities.LauncherActivity t27}}})/@0xb32d10e
10-06 16:55:42.244  9776  9776 W linker  : Warning: "/data/app/com.YourCompany.CSC567Final-OilVkiPj8vFuU2xpjMxr9Q==/lib/arm/libOVRPlugin.so" has no DT_SONAME (will use libOVRPlugin.so instead) and will not work when the app moves to API level 23 or later (https://android.googlesource.com/platform/bionic/+/master/missing-soname-enforced-for-api-level-23) (allowing for now because this app's target API level is still 19)
10-06 16:55:42.244   806   866 D Layer   : [AppWindowToken{bf9f362 token=Token{651a22d ActivityRecord{310f144 u0 com.sec.android.app.launcher/.activities.LauncherActivity t27}}}#0]::reparent oldParent:[Surface(name=AppWindowToken{bf9f362 token=Token{651a22d ActivityRecord{310f144 u0 com.sec.android.app.launcher/.activities.LauncherActivity t27}}})/@0xb32d10e - animation-leash#0], newParent:[Task=27#0]
10-06 16:55:42.244   806   866 I SurfaceFlinger: id=17501 Removed Surface(name=AppWindowToken{bf9f362 token=Token{651a22d ActivityRecord{310f144 u0 com.sec.android.app.launcher/.activities.LauncherActivity t27}}})/@0xb32d10e - animation-leash#0 (0/59)
10-06 16:55:42.244  1319  1546 D WindowManager: clearSavedLeashOnCommit, savedLeash=Surface(name=Surface(name=AppWindowToken{bf9f362 token=Token{651a22d ActivityRecord{310f144 u0 com.sec.android.app.launcher/.activities.LauncherActivity t27}}})/@0xb32d10e - animation-leash)/@0x4ab41e3, caller=com.android.server.wm.WindowContainer.clearSavedLeashOnCommit:1164 com.android.server.wm.WindowContainer.clearSavedLeashOnCommit:1168 com.android.server.wm.WindowContainer.clearSavedLeashOnCommit:1168 com.android.server.wm.WindowContainer.clearSavedLeashOnCommit:1168 com.android.server.wm.WindowContainer.clearSavedLeashOnCommit:1168 com.android.server.wm.RootWindowContainer.performSurfacePlacement:774 
10-06 16:55:42.244  1319  1319 D FreeformController: Fail to invalid task id :  -1
10-06 16:55:42.245  1940  1940 D ImageWallpaper: onVisibilityChanged: mVisible, visible=true, false
10-06 16:55:42.245  1940  1940 D ImageWallpaper: Visibility changed to visible=false
10-06 16:55:42.245  1940  1940 D WallpaperService: reportVisibility onVisibilityChanged visible: false
10-06 16:55:42.246  9776  9776 D OVRPlugin: JNI_OnLoad
10-06 16:55:42.246  9776  9776 E libsigchain: Warning: Unexpected sigaction action found 0xe8136c5d
10-06 16:55:42.258 10914 10914 I Launcher: onWindowVisibilityChanged : false
10-06 16:55:42.259   806   806 I Layer   : id=17501 onRemoved Surface(name=AppWindowToken{bf9f362 token=Token{651a22d ActivityRecord{310f144 u0 com.sec.android.app.launcher/.activities.LauncherActivity t27}}})/@0xb32d10e - animation-leash#0 
10-06 16:55:42.262 10914 22722 D OpenGLRenderer: eglDestroySurface = 0x72783ea380, 0x7242f81000
10-06 16:55:42.264   806   806 I SurfaceFlinger: Display 0 HWC layers:
10-06 16:55:42.264   806   806 I SurfaceFlinger:     type    |    handle    | flag |  format   |   source crop (l,t,r,b)    |         frame       | name 
10-06 16:55:42.264   806   806 I SurfaceFlinger: ------------+--------------+------+-----------+----------------------------+---------------------+------
10-06 16:55:42.264   806   806 I SurfaceFlinger:  SolidColor |              | 0004 |  Unknown  |   0.0    0.0   -1.0   -1.0 |    0    0 1080  117 | Letterbox - top#1
10-06 16:55:42.264   806   806 I SurfaceFlinger:  SolidColor |              | 0004 |  Unknown  |   0.0    0.0   -1.0   -1.0 |    0 2136 1080 2280 | Letterbox - bottom#1
10-06 16:55:42.264   806   806 I SurfaceFlinger:      Device | 0x784fc3e230 | 0002 | RGBA_8888 |   0.0    0.0 1080.0 2019.0 |    0  117 1080 2136 | Splash Screen com.YourCompany.CSC567Final#0
10-06 16:55:42.264   806   806 I SurfaceFlinger:      Device | 0x78502392f0 | 0000 | RGBA_8888 |   0.0   26.0 1080.0  116.0 |    0    0 1080   90 | StatusBar[1940]#0
10-06 16:55:42.264   806   806 I SurfaceFlinger:      Device | 0x784fc3e1c0 | 0000 | RGBA_8888 |   0.0    0.0   67.0  419.0 | 1013  332 1080  751 | com.samsung.android.app.cocktailbars[...]arservice.CocktailBarService[6188]#0
10-06 16:55:42.264   806   806 I SurfaceFlinger:      Device | 0x7850238bf0 | 0000 | RGBA_8888 |   0.0    0.0 1080.0  144.0 |    0 2136 1080 2280 | NavigationBar[1940
10-06 16:55:42.264   806   806 I SurfaceFlinger: ]#0
10-06 16:55:42.264   806   806 I SurfaceFlinger: 
10-06 16:55:42.266  1319  4010 V WindowManager: Relayout Window{545fdb1 u0 com.sec.android.app.launcher/com.sec.android.app.launcher.activities.LauncherActivity}: viewVisibility=8 req=1080x2280 {(0,0)(fillxfill) sim={adjust=nothing} layoutInDisplayCutoutMode=always ty=BASE_APPLICATION fmt=TRANSPARENT wanim=0x10302ec
10-06 16:55:42.266  1319  4010 V WindowManager:   fl=81910d00
10-06 16:55:42.266  1319  4010 V WindowManager:   pfl=20000
10-06 16:55:42.266  1319  4010 V WindowManager:   vsysui=700 dimDuration=100 naviIconColor=0}
10-06 16:55:42.266  1319  4010 E WindowManager: win=Window{545fdb1 u0 com.sec.android.app.launcher/com.sec.android.app.launcher.activities.LauncherActivity} destroySurfaces: appStopped=false win.mWindowRemovalAllowed=false win.mRemoveOnExit=false win.mViewVisibility=8 caller=com.android.server.wm.WindowManagerService.tryStartExitingAnimation:2755 com.android.server.wm.WindowManagerService.relayoutWindow:2452 com.android.server.wm.Session.relayoutForTranslate:302 android.view.IWindowSession$Stub.onTransact:518 com.android.server.wm.Session.onTransact:186 android.os.Binder.execTransact:739 <bottom of call stack> 
10-06 16:55:42.267  1319  4010 I WindowManager: Destroying surface Surface(name=com.sec.android.app.launcher/com.sec.android.app.launcher.activities.LauncherActivity[10914])/@0xd14c978 called by com.android.server.wm.WindowStateAnimator.destroySurface:1903 com.android.server.wm.WindowStateAnimator.destroySurfaceLocked:838 com.android.server.wm.WindowState.destroySurfaceUnchecked:3790 com.android.server.wm.WindowState.destroySurface:3771 com.android.server.wm.WindowManagerService.tryStartExitingAnimation:2755 com.android.server.wm.WindowManagerService.relayoutWindow:2452 com.android.server.wm.Session.relayoutForTranslate:302 android.view.IWindowSession$Stub.onTransact:518 
10-06 16:55:42.267   806  2673 I SurfaceFlinger: id=17488 Removed com.sec.android.app.launcher/com.sec.android.app.launcher.activities.LauncherActivity[10914]#0 (0/58)
10-06 16:55:42.270 10914 10914 D ViewRootImpl@b25260b[LauncherActivity]: Relayout returned: old=[0,0][1080,2280] new=[0,0][1080,2280] result=0x5 surface={valid=false 0} changed=true
10-06 16:55:42.275   806   806 I Layer   : id=17488 onRemoved com.sec.android.app.launcher/com.sec.android.app.launcher.activities.LauncherActivity[10914]#0 
10-06 16:55:42.312 10914 17505 D RecentsTaskLoadPlan: lastReportedWindowingMode is not exist.
10-06 16:55:42.312 10914 17505 D RecentsTaskLoadPlan: lastReportedWindowingMode is not exist.
10-06 16:55:42.316  9776  9776 I DecorView: createDecorCaptionView >> DecorView@297587c[], isFloating: false, isApplication: true, hasWindowDecorCaption: false, hasWindowControllerCallback: true
10-06 16:55:42.339  9776  9776 D Dialog  : mIsSamsungBasicInteraction = false
10-06 16:55:42.339  9776  9776 D Dialog  : mIsSamsungBasicInteraction = false, isMetaDataInActivity = false
10-06 16:55:42.341  9776  9776 I DecorView: createDecorCaptionView >> DecorView@34ea505[], isFloating: false, isApplication: true, hasWindowDecorCaption: false, hasWindowControllerCallback: false
10-06 16:55:42.342  1319  1546 I WindowManager: reset, Reparenting to original parent, shouldDeferScheduleAnimation=false, destroyLeash=true, surface=Surface(name=81a624 StatusBar)/@0xa565158, parent=Surface(name=WindowToken{5784551 android.os.BinderProxy@2155a78})/@0x599a2b1, parentNativeHandle=android.os.BinderProxy@89a2435, caller=com.android.server.wm.SurfaceAnimator.lambda$getFinishedCallback$0:94 com.android.server.wm.-$$Lambda$SurfaceAnimator$SIBia0mND666K8lMCPsoid8pUTI.run:4 com.android.server.wm.SurfaceAnimator.lambda$getFinishedCallback$1:101 com.android.server.wm.-$$Lambda$SurfaceAnimator$vdRZk66hQVbQCvVXEaQCT1kVmFc.onAnimationFinished:4 com.android.server.wm.LocalAnimationAdapter.lambda$startAnimation$0:74 
10-06 16:55:42.343  1319  1546 D SurfaceControl: reparent is called, sc=Surface(name=81a624 StatusBar)/@0xa565158, newParentHandle=android.os.BinderProxy@89a2435, transaction=android.view.SurfaceControl$Transaction@1e4a22f
10-06 16:55:42.343  1319  1546 D SurfaceControl: destroy(transaction), animation-leash is destroyed, sc=Surface(name=Surface(name=81a624 StatusBar)/@0xa565158 - animation-leash)/@0x8a117c2, transaction=android.view.SurfaceControl$Transaction@1e4a22f, caller=com.android.server.wm.SurfaceAnimator.reset:335 com.android.server.wm.SurfaceAnimator.lambda$getFinishedCallback$0:94 com.android.server.wm.-$$Lambda$SurfaceAnimator$SIBia0mND666K8lMCPsoid8pUTI.run:4 com.android.server.wm.SurfaceAnimator.lambda$getFinishedCallback$1:101 com.android.server.wm.-$$Lambda$SurfaceAnimator$vdRZk66hQVbQCvVXEaQCT1kVmFc.onAnimationFinished:4 com.android.server.wm.LocalAnimationAdapter.lambda$startAnimation$0:74 com.android.server.wm.-$$Lambda$LocalAnimationAdapter$X--EomqUvw4qy89IeeTFTH7aCMo.run:4 
10-06 16:55:42.344  1940  1940 I StackScroller: ADJUST STACK.TRANSLATION
10-06 16:55:42.344  1940  1940 I StackScroller: ADJUST STACK.TRANSLATION
10-06 16:55:42.344  1319  1546 D WindowManager: prepareSurfaces, request to clear saved leash, surface=Surface(name=81a624 StatusBar)/@0xa565158
10-06 16:55:42.344   806   865 D Layer   : [81a624 StatusBar#0]::reparent oldParent:[Surface(name=81a624 StatusBar)/@0xa565158 - animation-leash#0], newParent:[WindowToken{5784551 android.os.BinderProxy@2155a78}#0]
10-06 16:55:42.344  1940  1940 I StackScroller: ADJUST STACK.TRANSLATION
10-06 16:55:42.344   806   865 I SurfaceFlinger: id=17503 Removed Surface(name=81a624 StatusBar)/@0xa565158 - animation-leash#0 (1/57)
10-06 16:55:42.344  1940  1940 I StackScroller: ADJUST STACK.TRANSLATION
10-06 16:55:42.345  1940  1940 I PanelView: n.B.P.E.C:false, false, false, false, false, false
10-06 16:55:42.345  1319  1546 D WindowManager: clearSavedLeashOnCommit, savedLeash=Surface(name=Surface(name=81a624 StatusBar)/@0xa565158 - animation-leash)/@0x8a117c2, caller=com.android.server.wm.WindowContainer.clearSavedLeashOnCommit:1164 com.android.server.wm.WindowContainer.clearSavedLeashOnCommit:1168 com.android.server.wm.WindowContainer.clearSavedLeashOnCommit:1168 com.android.server.wm.WindowContainer.clearSavedLeashOnCommit:1168 com.android.server.wm.RootWindowContainer.performSurfacePlacement:774 com.android.server.wm.WindowSurfacePlacer.performSurfacePlacementLoop:211 
10-06 16:55:42.345  9776  9776 D OpenGLRenderer: Skia GL Pipeline
10-06 16:55:42.348  9776  9776 D EmergencyMode: [EmergencyManager] android createPackageContext successful
10-06 16:55:42.357   762  5875 I sensors-hal: handle_sns_std_sensor_event:78, [SSC_LIGHT] physical_light lux: 84, mode: 2, copr: 0, brightness: 255, ts=441433440229696
10-06 16:55:42.359   806   806 I Layer   : id=17503 onRemoved Surface(name=81a624 StatusBar)/@0xa565158 - animation-leash#0 
10-06 16:55:42.359  1940  1940 I StackScroller: ADJUST STACK.TRANSLATION
10-06 16:55:42.359  1940  1940 I chatty  : uid=10010(com.samsung.android.app.aodservice) com.android.systemui identical 1 line
10-06 16:55:42.359  1940  1940 I StackScroller: ADJUST STACK.TRANSLATION
10-06 16:55:42.362   806   806 I SurfaceFlinger: Display 0 HWC layers:
10-06 16:55:42.362   806   806 I SurfaceFlinger:     type    |    handle    | flag |  format   |   source crop (l,t,r,b)    |         frame       | name 
10-06 16:55:42.362   806   806 I SurfaceFlinger: ------------+--------------+------+-----------+----------------------------+---------------------+------
10-06 16:55:42.362   806   806 I SurfaceFlinger:  SolidColor |              | 0004 |  Unknown  |   0.0    0.0   -1.0   -1.0 |    0    0 1080  117 | Letterbox - top#1
10-06 16:55:42.362   806   806 I SurfaceFlinger:  SolidColor |              | 0004 |  Unknown  |   0.0    0.0   -1.0   -1.0 |    0 2136 1080 2280 | Letterbox - bottom#1
10-06 16:55:42.362   806   806 I SurfaceFlinger:      Device | 0x784fc3e230 | 0002 | RGBA_8888 |   0.0    0.0 1080.0 2019.0 |    0  117 1080 2136 | Splash Screen com.YourCompany.CSC567Final#0
10-06 16:55:42.362   806   806 I SurfaceFlinger:      Device | 0x784fc3e1c0 | 0000 | RGBA_8888 |   0.0    0.0   67.0  419.0 | 1013  332 1080  751 | com.samsung.android.app.cocktailbars[...]arservice.CocktailBarService[6188]#0
10-06 16:55:42.362   806   806 I SurfaceFlinger:      Device | 0x7850238800 | 0000 | RGBA_8888 |   0.0    0.0 1080.0  144.0 |    0 2136 1080 2280 | NavigationBar[1940]#0
10-06 16:55:42.362   806   806 I SurfaceFlinger: 
10-06 16:55:42.363  1319  9616 D InputTransport: Input channel constructed: fd=254
10-06 16:55:42.363  1319  9616 D InputTransport: Input channel constructed: fd=328
10-06 16:55:42.364   806   806 I SurfaceFlinger: id=17507 createSurf (4560x4560),2 flag=4, fd5ceb1 com.YourCompany.CSC567Final/com.epicgames.ue4.GameActivity#0
10-06 16:55:42.365  1319  9616 D InputTransport: Input channel destroyed: fd=328
10-06 16:55:42.366  9776  9776 D InputTransport: Input channel constructed: fd=74
10-06 16:55:42.366  9776  9776 D ViewRootImpl@23f8068[GameActivity]: setView = DecorView@34ea505[GameActivity] TM=true MM=false
10-06 16:55:42.378  9776  9776 I Adreno  : QUALCOMM build                   : 0a66665, If34e3488e3
10-06 16:55:42.378  9776  9776 I Adreno  : Build Date                       : 04/05/19
10-06 16:55:42.378  9776  9776 I Adreno  : OpenGL ES Shader Compiler Version: EV031.25.16.00
10-06 16:55:42.378  9776  9776 I Adreno  : Local Branch                     : 
10-06 16:55:42.378  9776  9776 I Adreno  : Remote Branch                    : refs/tags/AU_LINUX_ANDROID_LA.UM.7.1.C1.09.00.00.526.029
10-06 16:55:42.378  9776  9776 I Adreno  : Remote Branch                    : NONE
10-06 16:55:42.378  9776  9776 I Adreno  : Reconstruct Branch               : NOTHING
10-06 16:55:42.378  9776  9776 I Adreno  : Build Config                     : S P 6.0.9 AArch32
10-06 16:55:42.382  9776  9776 I Adreno  : PFP: 0x016ee177, ME: 0x00000000
10-06 16:55:42.388  9776  9776 I ConfigStore: android::hardware::configstore::V1_0::ISurfaceFlingerConfigs::hasWideColorDisplay retrieved: 1
10-06 16:55:42.388  9776  9776 I ConfigStore: android::hardware::configstore::V1_0::ISurfaceFlingerConfigs::hasHDRDisplay retrieved: 1
10-06 16:55:42.444  9776  9776 D Dialog  : mIsSamsungBasicInteraction = false
10-06 16:55:42.444  9776  9776 D Dialog  : mIsSamsungBasicInteraction = false, isMetaDataInActivity = false
10-06 16:55:42.450  9776  9776 D Dialog  : mIsSamsungBasicInteraction = false
10-06 16:55:42.450  9776  9776 D Dialog  : mIsSamsungBasicInteraction = false, isMetaDataInActivity = false
10-06 16:55:42.482  3745  3916 D SDHMS:s : SIOP:: AP:170(331,130) BAT:259(259,0) CHG:170(283,100) USB:265(265,0) WIFI:222(278,50) PA:236(291,50) LRP:265(265,-999) ATC:0(0,-999) 
10-06 16:55:42.482  9776  9776 W PopupManager: You have not specified a View to use as content view for popups. Falling back to the Activity content view. Note that this may not work as expected in multi-screen environments
10-06 16:55:42.490  9776  9776 D ViewRootImpl@23f8068[GameActivity]: setWindowStopped(false) old=false
10-06 16:55:42.491  1319  9616 I SensorService: createSensorEventConnection package name com.epicgames.ue4.GameActivity
10-06 16:55:42.492  1319  9616 D SensorService: Calling batch handle==6 flags=0 rate=20000000 timeout== 0
10-06 16:55:42.492   762  1554 I sensors-hal: batch:202, android.sensor.accelerometer/6, period=20000000, max_latency=0
10-06 16:55:42.494   762  1554 I sensors-hal: batch:211, android.sensor.accelerometer/6, period=20000000, max_latency=0 request completed
10-06 16:55:42.494   762  1554 I sensors-hal: flush:231, android.sensor.accelerometer/6
10-06 16:55:42.497   762  1554 I sensors-hal: flush:237, android.sensor.accelerometer/6 completed
10-06 16:55:42.497  9776  9776 D SensorManager: registerListener :: 6, LSM6DSO Accelerometer, 20000, 0,  
10-06 16:55:42.497  1319  9616 D SensorService: Calling batch handle==22 flags=0 rate=20000000 timeout== 0
10-06 16:55:42.497   762   762 I sensors-hal: batch:202, android.sensor.magnetic_field/22, period=20000000, max_latency=0
10-06 16:55:42.497   762   762 I sensors-hal: batch:211, android.sensor.magnetic_field/22, period=20000000, max_latency=0 request completed
10-06 16:55:42.497   762   762 I sensors-hal: activate:129, activate handle 22 
10-06 16:55:42.498   762   762 I sensors-hal: activate:134, android.sensor.magnetic_field/22 en=1
10-06 16:55:42.498   762   762 I sensors-hal: ssc_enable_rt_task:254, ssc_enable_rt_task : true
10-06 16:55:42.504 10914 10914 D CapturePreview: start capture - drawingEnabled : false
10-06 16:55:42.504 10914 10914 D CapturePreview: capture targetView width : 1080 height : 2280
10-06 16:55:42.509   762  9807 I sensors-hal: handle_indication_realtime:369,  SCHED_FIFO(10) for qmi_cbk
10-06 16:55:42.509   762   762 I sensors-hal: ssc_enable_rt_task:254, ssc_enable_rt_task : true
10-06 16:55:42.517 10914 10914 D CapturePreview: capture took  13
10-06 16:55:42.520   762   762 I sensors-hal: activate:253, mag_filter is disabled
10-06 16:55:42.520   762   762 I sensors-hal: activate:145, android.sensor.magnetic_field/22 en=1 completed
10-06 16:55:42.520   762  9810 I sensors-hal: handle_indication_realtime:369,  SCHED_FIFO(10) for qmi_cbk
10-06 16:55:42.520  9776  9776 D SensorManager: registerListener :: 22, AK09918 Magnetometer, 20000, 0,  
10-06 16:55:42.520  1319  9616 D SensorService: Calling batch handle==8 flags=0 rate=20000000 timeout== 0
10-06 16:55:42.520   762   762 I sensors-hal: batch:202, android.sensor.gyroscope/8, period=20000000, max_latency=0
10-06 16:55:42.521   762   762 I sensors-hal: batch:211, android.sensor.gyroscope/8, period=20000000, max_latency=0 request completed
10-06 16:55:42.521   762  1554 I sensors-hal: activate:129, activate handle 8 
10-06 16:55:42.521   762  1554 I sensors-hal: activate:134, android.sensor.gyroscope/8 en=1
10-06 16:55:42.521   762  1554 I sensors-hal: ssc_enable_rt_task:254, ssc_enable_rt_task : true
10-06 16:55:42.526   762  9813 I sensors-hal: handle_indication_realtime:369,  SCHED_FIFO(10) for qmi_cbk
10-06 16:55:42.526   762  1554 I sensors-hal: ssc_enable_rt_task:254, ssc_enable_rt_task : true
10-06 16:55:42.535   762  1554 I sensors-hal: ssc_enable_rt_task:254, ssc_enable_rt_task : true
10-06 16:55:42.535   762  9817 I sensors-hal: handle_indication_realtime:369,  SCHED_FIFO(10) for qmi_cbk
10-06 16:55:42.542   762   837 D SensorsBio: Als_common::readEvents, enabled : 0, data : -1.000000, 0.000000, 1.000000, 1.000000, 2.000000, 50000.000000, 64000.000000
10-06 16:55:42.543   762  1554 I sensors-hal: activate:145, android.sensor.gyroscope/8 en=1 completed
10-06 16:55:42.543  9776  9776 D SensorManager: registerListener :: 8, LSM6DSO Gyroscope, 20000, 0,  
10-06 16:55:42.544   762  9819 I sensors-hal: handle_indication_realtime:369,  SCHED_FIFO(10) for qmi_cbk
10-06 16:55:42.560   762  9819 I sensors-hal: handle_sns_std_sensor_event:554, [0] gyro_sample_cal: ts=441433630791363 ns; value = [-0.001594, -0.000130, 0.001035], status = 3
10-06 16:55:42.561  1319  1558 W SensorService: [FLICKERLIGHT] Lux Delta OK
10-06 16:55:42.563  1319  9616 D InputTransport: Input channel constructed: fd=328
10-06 16:55:42.563  1319  9616 D InputTransport: Input channel constructed: fd=461
10-06 16:55:42.564   806   806 I SurfaceFlinger: id=17508 createSurf (4560x4560),2 flag=4, ee65717 com.YourCompany.CSC567Final/com.epicgames.ue4.GameActivity#0
10-06 16:55:42.566  1319  9616 D InputTransport: Input channel destroyed: fd=461
10-06 16:55:42.566  9776  9776 D InputTransport: Input channel constructed: fd=84
10-06 16:55:42.567  9776  9776 D ViewRootImpl@f74fdf8[GameActivity]: setView = DecorView@297587c[GameActivity] TM=true MM=false
10-06 16:55:42.570  9776  9776 D ViewRootImpl@23f8068[GameActivity]: dispatchAttachedToWindow
10-06 16:55:42.574  1319  9616 V WindowManager: Relayout Window{fd5ceb1 u0 com.YourCompany.CSC567Final/com.epicgames.ue4.GameActivity}: viewVisibility=0 req=1080x2136 {(0,0)(fillxfill) gr=CENTER sim={adjust=pan forwardNavigation} ty=APPLICATION wanim=0x1030001
10-06 16:55:42.574  1319  9616 V WindowManager:   fl=1810508
10-06 16:55:42.574  1319  9616 V WindowManager:   pfl=1000000
10-06 16:55:42.574  1319  9616 V WindowManager:   vsysui=10 naviIconColor=0}
10-06 16:55:42.577   806   806 I SurfaceFlinger: id=17509 createSurf (1080x2019),1 flag=404, com.YourCompany.CSC567Final/com.epicgames.ue4.GameActivity[9776]#0
10-06 16:55:42.577  1319  9616 D WindowManager: makeSurface duration=2 name=com.YourCompany.CSC567Final/com.epicgames.ue4.GameActivity[9776]
10-06 16:55:42.580  9776  9776 D ViewRootImpl@23f8068[GameActivity]: Relayout returned: old=[0,0][1080,2136] new=[0,117][1080,2136] result=0x7 surface={valid=true 3667570688} changed=true
10-06 16:55:42.581  9776  9803 I Adreno  : QUALCOMM build                   : 0a66665, If34e3488e3
10-06 16:55:42.581  9776  9803 I Adreno  : Build Date                       : 04/05/19
10-06 16:55:42.581  9776  9803 I Adreno  : OpenGL ES Shader Compiler Version: EV031.25.16.00
10-06 16:55:42.581  9776  9803 I Adreno  : Local Branch                     : 
10-06 16:55:42.581  9776  9803 I Adreno  : Remote Branch                    : refs/tags/AU_LINUX_ANDROID_LA.UM.7.1.C1.09.00.00.526.029
10-06 16:55:42.581  9776  9803 I Adreno  : Remote Branch                    : NONE
10-06 16:55:42.581  9776  9803 I Adreno  : Reconstruct Branch               : NOTHING
10-06 16:55:42.581  9776  9803 I Adreno  : Build Config                     : S P 6.0.9 AArch32
10-06 16:55:42.583  9776  9803 I Adreno  : PFP: 0x016ee177, ME: 0x00000000
10-06 16:55:42.584  9776  9803 I ConfigStore: android::hardware::configstore::V1_0::ISurfaceFlingerConfigs::hasWideColorDisplay retrieved: 1
10-06 16:55:42.584  9776  9803 I ConfigStore: android::hardware::configstore::V1_0::ISurfaceFlingerConfigs::hasHDRDisplay retrieved: 1
10-06 16:55:42.584  9776  9803 I OpenGLRenderer: Initialized EGL, version 1.4
10-06 16:55:42.584  9776  9803 D OpenGLRenderer: Swap behavior 2
10-06 16:55:42.592  9776  9776 D SurfaceView: onWindowVisibilityChanged(0) true android.view.SurfaceView{1e2d1 V.E...... ......I. 0,0-0,0} of ViewRootImpl@f74fdf8[GameActivity]
10-06 16:55:42.596  9776  9776 D ViewRootImpl@f74fdf8[GameActivity]: dispatchAttachedToWindow
10-06 16:55:42.611  9776  9803 D OpenGLRenderer: eglCreateWindowSurface = 0xdd405480, 0xda9ab008
10-06 16:55:42.612  1319  4001 V WindowManager: Relayout Window{ee65717 u0 com.YourCompany.CSC567Final/com.epicgames.ue4.GameActivity}: viewVisibility=0 req=1080x2136 {(0,0)(fillxfill) sim={adjust=resize} ty=BASE_APPLICATION fmt=RGBA_8888 wanim=0x1030001
10-06 16:55:42.612  1319  4001 V WindowManager:   fl=1810500
10-06 16:55:42.612  1319  4001 V WindowManager:   pfl=1000000
10-06 16:55:42.612  1319  4001 V WindowManager:   vsysui=10 naviIconColor=0}
10-06 16:55:42.613  1319  4001 V WindowManager: Resize reasons for w=Window{fd5ceb1 u0 com.YourCompany.CSC567Final/com.epicgames.ue4.GameActivity}:  contentInsetsChanged=false [0,0][0,0] visibleInsetsChanged=false [0,0][0,0] stableInsetsChanged=false [0,0][0,0] outsetsChanged=false [0,0][0,0] surfaceResized=false configChanged=false dragResizingChanged=false reportOrientationChanged=false displayCutoutChanged=false nextForceRelayoutToClient=false
10-06 16:55:42.613  1319  4001 D WindowManager: preserveSurfaceLocked: Not has surfaceWindowStateAnimator{9664704 com.YourCompany.CSC567Final/com.epicgames.ue4.GameActivity}
10-06 16:55:42.614   806   806 D SurfaceFlinger: duplicate layer name: changing com.YourCompany.CSC567Final/com.epicgames.ue4.GameActivity[9776] to com.YourCompany.CSC567Final/com.epicgames.ue4.GameActivity[9776]#1
10-06 16:55:42.614   806   806 I SurfaceFlinger: id=17510 createSurf (1080x2019),1 flag=4, com.YourCompany.CSC567Final/com.epicgames.ue4.GameActivity[9776]#1
10-06 16:55:42.615  1319  4001 D WindowManager: makeSurface duration=1 name=com.YourCompany.CSC567Final/com.epicgames.ue4.GameActivity[9776]
10-06 16:55:42.615  1319  4001 V WindowManager: Changing focus from null to Window{ee65717 u0 com.YourCompany.CSC567Final/com.epicgames.ue4.GameActivity} Callers=com.android.server.wm.WindowManagerService.relayoutWindow:2522 com.android.server.wm.Session.relayoutForTranslate:302 android.view.IWindowSession$Stub.onTransact:518 com.android.server.wm.Session.onTransact:186 
10-06 16:55:42.615  1319  4001 D StatusBarManagerService: notifyRequestedSystemKey recent=false home=false
10-06 16:55:42.615  1319  1358 D WindowManager: setSystemUiVisibility: vis= 0x10, fullscreenVis= 0x0, dockedVis= 0x0, win=Window{ee65717 u0 com.YourCompany.CSC567Final/com.epicgames.ue4.GameActivity}
10-06 16:55:42.615  1319  4001 D InputDispatcher: Focus entered window (9776): ee65717 0
10-06 16:55:42.616  1319  9616 D SamsungPhoneWindowManager: adjustSystemUiVisibilityLw: vis=0x10
10-06 16:55:42.616  1940  1940 D LightBarController: onNavigationVisibilityChanged : vis = 10, nbModeChanged = false navigationBarMode = 0
10-06 16:55:42.616  1319  9616 D InputManager-JNI: setSystemUiVisibility dexmode: false changed: true displayid: 0 visibility: 0x10 DD: 0x10 OD: 0x0
10-06 16:55:42.616  1319  1368 D WindowManager: reportFocusChangedSerialized, focused=true, inTouchMode=true, win=Window{ee65717 u0 com.YourCompany.CSC567Final/com.epicgames.ue4.GameActivity}
10-06 16:55:42.617  9776  9776 D ViewRootImpl@f74fdf8[GameActivity]: Relayout returned: old=[0,0][1080,2136] new=[0,117][1080,2136] result=0x7 surface={valid=true 3667572736} changed=true
10-06 16:55:42.619  9776  9803 D OpenGLRenderer: eglCreateWindowSurface = 0xdd4075e0, 0xda9ab808
10-06 16:55:42.623   806   806 I SurfaceFlinger: id=17511 createSurf (1080x2019),4 flag=404, SurfaceView - com.YourCompany.CSC567Final/com.epicgames.ue4.GameActivity@1e2d1@0[9776]#0
10-06 16:55:42.623   806   806 I SurfaceFlinger: id=17512 createSurf (1080x2019),1024 flag=20404, Background for -SurfaceView - com.YourCompany.CSC567Final/com.epicgames.ue4.GameActivity@1e2d1@0[9776]#0
10-06 16:55:42.624  9776  9776 D SurfaceView: show() Surface(name=SurfaceView - com.YourCompany.CSC567Final/com.epicgames.ue4.GameActivity@1e2d1@0[9776])/@0x4f0db0d android.view.SurfaceView{1e2d1 V.E...... ......ID 0,0-1080,2019}
10-06 16:55:42.624   806  2673 W ServiceManager: Permission failure: android.permission.ACCESS_SURFACE_FLINGER from uid=10271 pid=9776
10-06 16:55:42.624   806  2673 D PermissionCache: checking android.permission.ACCESS_SURFACE_FLINGER for uid=10271 => denied (269 us)
10-06 16:55:42.627  9776  9776 D SurfaceView: surfaceCreated 1 #8 android.view.SurfaceView{1e2d1 V.E...... ......ID 0,0-1080,2019}
10-06 16:55:42.627  9776  9776 D SurfaceView: surfaceChanged (1080,2019) 1 #8 android.view.SurfaceView{1e2d1 V.E...... ......ID 0,0-1080,2019}
10-06 16:55:42.664  1319  9616 V WindowManager: Relayout Window{ee65717 u0 com.YourCompany.CSC567Final/com.epicgames.ue4.GameActivity}: viewVisibility=0 req=1080x2019 {(0,0)(fillxfill) sim={adjust=resize} ty=BASE_APPLICATION fmt=RGBA_8888 wanim=0x1030001
10-06 16:55:42.664  1319  9616 V WindowManager:   fl=1810500
10-06 16:55:42.664  1319  9616 V WindowManager:   pfl=1000000
10-06 16:55:42.664  1319  9616 V WindowManager:   vsysui=10 naviIconColor=0}
10-06 16:55:42.664  1319  1558 I SensorService: [FLICKERLIGHT] lux value : 79, code value : 255, als value : 2
10-06 16:55:42.665  1319  9616 V WindowManager: Resize reasons for w=Window{ee65717 u0 com.YourCompany.CSC567Final/com.epicgames.ue4.GameActivity}:  contentInsetsChanged=false [0,0][0,0] visibleInsetsChanged=false [0,0][0,0] stableInsetsChanged=false [0,0][0,0] outsetsChanged=false [0,0][0,0] surfaceResized=false configChanged=false dragResizingChanged=false reportOrientationChanged=false displayCutoutChanged=false nextForceRelayoutToClient=false
10-06 16:55:42.668  9776  9776 D ViewRootImpl@f74fdf8[GameActivity]: Relayout returned: old=[0,117][1080,2136] new=[0,117][1080,2136] result=0x3 surface={valid=true 3667572736} changed=false
10-06 16:55:42.672  1319  9616 D WindowManager: finishDrawingWindow: Window{fd5ceb1 u0 com.YourCompany.CSC567Final/com.epicgames.ue4.GameActivity} mDrawState=DRAW_PENDING
10-06 16:55:42.673  1319  1546 I WindowManager: commitFinishDrawingLocked: mDrawState=READY_TO_SHOW Surface(name=com.YourCompany.CSC567Final/com.epicgames.ue4.GameActivity[9776])/@0xb47a4ed
10-06 16:55:42.674  1319  9616 D WindowManager: finishDrawingWindow: Window{ee65717 u0 com.YourCompany.CSC567Final/com.epicgames.ue4.GameActivity} mDrawState=DRAW_PENDING
10-06 16:55:42.675  1319  1546 I WindowManager: commitFinishDrawingLocked: mDrawState=READY_TO_SHOW Surface(name=com.YourCompany.CSC567Final/com.epicgames.ue4.GameActivity[9776])/@0xb47a4ed
10-06 16:55:42.675  1319  1546 I WindowManager: commitFinishDrawingLocked: mDrawState=READY_TO_SHOW Surface(name=com.YourCompany.CSC567Final/com.epicgames.ue4.GameActivity[9776])/@0xe0f9f22
10-06 16:55:42.675  9776  9776 D ViewRootImpl@23f8068[GameActivity]: MSG_RESIZED_REPORT: frame=Rect(0, 117 - 1080, 2136) ci=Rect(0, 0 - 0, 0) vi=Rect(0, 0 - 0, 0) or=1
10-06 16:55:42.675  9776  9776 D ViewRootImpl@f74fdf8[GameActivity]: MSG_WINDOW_FOCUS_CHANGED 1 1
10-06 16:55:42.676  1319  1546 I WindowManager: commitFinishDrawingLocked: mDrawState=READY_TO_SHOW Surface(name=com.YourCompany.CSC567Final/com.epicgames.ue4.GameActivity[9776])/@0xb47a4ed
10-06 16:55:42.676  1319  1546 I WindowManager: Cancelling animation restarting=false, leash=null, surface=Surface(name=fd5ceb1 com.YourCompany.CSC567Final/com.epicgames.ue4.GameActivity)/@0x56f4db3, parent=Surface(name=AppWindowToken{69a263c token=Token{1bdd02f ActivityRecord{e6cee0e u0 com.YourCompany.CSC567Final/com.epicgames.ue4.GameActivity t195}}})/@0xd016a28
10-06 16:55:42.676  1319  1546 V WindowManager: performShowLocked: mDrawState=HAS_DRAWN in Window{fd5ceb1 u0 com.YourCompany.CSC567Final/com.epicgames.ue4.GameActivity}
10-06 16:55:42.676  1319  1546 I WindowManager: commitFinishDrawingLocked: mDrawState=READY_TO_SHOW Surface(name=com.YourCompany.CSC567Final/com.epicgames.ue4.GameActivity[9776])/@0xe0f9f22
10-06 16:55:42.676  1319  1546 I WindowManager: Cancelling animation restarting=false, leash=null, surface=Surface(name=ee65717 com.YourCompany.CSC567Final/com.epicgames.ue4.GameActivity)/@0x582cf70, parent=Surface(name=AppWindowToken{69a263c token=Token{1bdd02f ActivityRecord{e6cee0e u0 com.YourCompany.CSC567Final/com.epicgames.ue4.GameActivity t195}}})/@0xd016a28
10-06 16:55:42.676  1319  1546 V WindowManager: performShowLocked: mDrawState=HAS_DRAWN in Window{ee65717 u0 com.YourCompany.CSC567Final/com.epicgames.ue4.GameActivity}
10-06 16:55:42.679  9776  9776 D InputMethodManager: prepareNavigationBarInfo() DecorView@297587c[GameActivity]
10-06 16:55:42.679  9776  9776 D InputMethodManager: getNavigationBarColor() -855310
10-06 16:55:42.681  1319  1546 D ViewRootImpl@fdc89dc[CSC567Final]: dispatchDetachedFromWindow
10-06 16:55:42.681  1319  1546 D ViewRootImpl@fdc89dc[CSC567Final]: Surface release. android.view.ViewRootImpl.doDie:7967 android.view.ViewRootImpl$ViewRootHandler.handleMessage:4958 android.os.Handler.dispatchMessage:106 android.os.Looper.loop:214 android.os.HandlerThread.run:65 com.android.server.ServiceThread.run:44 <bottom of call stack> <bottom of call stack> 
10-06 16:55:42.681  1319  1546 V WindowManager: Remove Window{f0feae5 u0 Splash Screen com.YourCompany.CSC567Final}: mSurfaceController=Surface(name=Splash Screen com.YourCompany.CSC567Final)/@0x576f9ba mAnimatingExit=false mRemoveOnExit=false mHasSurface=true surfaceShowing=true isAnimationSet=false app-animation=false mWillReplaceWindow=false inPendingTransaction=false mDisplayFrozen=false callers=com.android.server.wm.WindowState.removeIfPossible:2725 com.android.server.wm.WindowManagerService.removeWindow:1939 com.android.server.wm.Session.remove:268 android.view.ViewRootImpl.dispatchDetachedFromWindow:4537 android.view.ViewRootImpl.doDie:7967 android.view.ViewRootImpl$ViewRootHandler.handleMessage:4958 
10-06 16:55:42.681  1319  1368 I ActivityManager: Displayed com.YourCompany.CSC567Final/com.epicgames.ue4.GameActivity: +469ms (total +818ms)
10-06 16:55:42.681  1319  1368 I Pageboost: Launch time gathered : com.YourCompany.CSC567Final 469
10-06 16:55:42.682  1319  1546 I WindowManager: Cancelling animation restarting=true, leash=null, surface=Surface(name=f0feae5 Splash Screen com.YourCompany.CSC567Final)/@0x5b0bfc5, parent=Surface(name=AppWindowToken{69a263c token=Token{1bdd02f ActivityRecord{e6cee0e u0 com.YourCompany.CSC567Final/com.epicgames.ue4.GameActivity t195}}})/@0xd016a28
10-06 16:55:42.682  1319  1546 I WindowManager: Reparenting to leash, surface=Surface(name=f0feae5 Splash Screen com.YourCompany.CSC567Final)/@0x5b0bfc5
10-06 16:55:42.682  2948  2948 E pageboostd: Received HALT command code 2
10-06 16:55:42.682   806   806 I SurfaceFlinger: id=17513 createSurf (4560x4560),2 flag=4, Surface(name=f0feae5 Splash Screen com.YourCompany.CSC567Final)/@0x5b0bfc5 - animation-leash#0
10-06 16:55:42.683  1319  1546 D SurfaceControl: reparent is called, sc=Surface(name=f0feae5 Splash Screen com.YourCompany.CSC567Final)/@0x5b0bfc5, newParentHandle=android.os.BinderProxy@687120f, transaction=android.view.SurfaceControl$Transaction@161404b
10-06 16:55:42.684   806  2896 D Layer   : [f0feae5 Splash Screen com.YourCompany.CSC567Final#0]::reparent oldParent:[AppWindowToken{69a263c token=Token{1bdd02f ActivityRecord{e6cee0e u0 com.YourCompany.CSC567Final/com.epicgames.ue4.GameActivity t195}}}#0], newParent:[Surface(name=f0feae5 Splash Screen com.YourCompany.CSC567Final)/@0x5b0bfc5 - animation-leash#0]
10-06 16:55:42.685  1319  1546 D InputTransport: Input channel destroyed: fd=707
10-06 16:55:42.685  1319  1546 D InputTransport: Input channel destroyed: fd=708
10-06 16:55:42.687  1319  1368 D CustomFrequencyManagerService: acquireDVFSLockLocked : type : DVFS_MIN_LIMIT  frequency : 1708800  uid : 1000  pid : 1319  pkgName : AMS_RESUME_TAIL@CPU_MIN@32
10-06 16:55:42.688  1319  1368 D ActivityManagerPerformance: AMP_acquire() TAIL
10-06 16:55:42.688  1319  1368 D CustomFrequencyManagerService: FrequencyrequestList.getNextMaxLPMBiasRequest, index: 10
10-06 16:55:42.688  1319  1368 D CustomFrequencyManagerService: FrequencyrequestList.getNextMaxCPUCoreRequest, index: 6
10-06 16:55:42.688  9776  9801 D Surface : setPackageUsesOwnResolution() (native) for "n0xc9f3f800" (): true
10-06 16:55:42.690  9776  9776 D InputMethodManager: prepareNavigationBarInfo() DecorView@297587c[GameActivity]
10-06 16:55:42.690  9776  9776 D InputMethodManager: getNavigationBarColor() -855310
10-06 16:55:42.690  9776  9776 V InputMethodManager: Starting input: tba=com.YourCompany.CSC567Final ic=null mNaviBarColor -855310 mIsGetNaviBarColorSuccess true , NavVisible : true , NavTrans : false
10-06 16:55:42.690  1319  1368 D CustomFrequencyManagerService: releaseDVFSLockLocked : Getting Lock type frm List : DVFS_MIN_LIMIT  frequency : 2841600  uid : 1000  pid : 1319  tag : AMS_APP_SWITCH@CPU_MIN@42
10-06 16:55:42.690  9776  9776 D InputMethodManager: startInputInner - Id : 0
10-06 16:55:42.690  9776  9776 I InputMethodManager: startInputInner - mService.startInputOrWindowGainedFocus
10-06 16:55:42.691  1319  1368 D ActivityManagerPerformance: AMP_release() APP_SWITCH
10-06 16:55:42.691  1319  9616 D InputMethodManagerService: startInputOrWindowGainedFocus : windowGainedFocus 
10-06 16:55:42.691  1319  9616 D InputMethodManagerService: windowGainedFocus: destinationUserId (getCallingUid) = 0
10-06 16:55:42.691  1319  9616 D InputMethodManagerService: windowGainedFocus: currentUserId=0
10-06 16:55:42.691  1319  9616 D InputMethodManagerService: windowGainedFocus: mCurrentFocusedUserId=0
10-06 16:55:42.691  1319  9616 D InputMethodManagerService: windowGainedFocus : lock - currentUserId = 0 destinationUserId = 0
