10-06 16:55:42.691  1319  9616 D InputMethodManagerService: windowGainedFocus : mCurrentFocusedUserId - 0 and mSecureKeypadEnabled - false, userSwitched - false
10-06 16:55:42.691  1319  9616 V InputMethodManagerService: windowGainedFocus : reason=WINDOW_FOCUS_GAIN client=android.os.BinderProxy@866d23b inputContext=null missingMethods= attribute=android.view.inputmethod.EditorInfo@719f07a nm = com.YourCompany.CSC567Final controlFlags=#105 softInputMode=#10 windowFlags=#1810500
10-06 16:55:42.691  1319  9616 V InputMethodManagerService: hideCurrentInputLocked : shouldHideSoftInput is false
10-06 16:55:42.691  1319  9616 D InputMethodManagerService: isImeSwitcherDisabledPackage : false
10-06 16:55:42.691  1319  9616 D InputMethodManagerService: DESKTOP MODE! : 2
10-06 16:55:42.691  1319  9616 D InputMethodManagerService: NOT IN KNOX DESKTOP MODE!
10-06 16:55:42.691  1319  9616 D InputMethodManagerService: updateSystemUiLocked 0
10-06 16:55:42.692 10914 10914 D InputTransport: Input channel destroyed: fd=90
10-06 16:55:42.692  1319  9616 V InputMethodManagerService: Creating new session for client ClientState{5acc02b uid 10271 pid 9776}
10-06 16:55:42.692  1319  9616 D InputTransport: Input channel constructed: fd=461
10-06 16:55:42.692  1319  9616 D InputTransport: Input channel constructed: fd=470
10-06 16:55:42.692  1319  9616 D InputTransport: Input channel destroyed: fd=470
10-06 16:55:42.692  4553 24085 D InputTransport: Input channel constructed: fd=86
10-06 16:55:42.693  1319  9616 D InputMethodManagerService: checkDisplayOfStartInputAndUpdateKeyboard display Id 0last 0
10-06 16:55:42.693  1319  9616 D InputMethodManagerService: setCurrentInputInfo - inputContext : null eidtorInfo : android.view.inputmethod.EditorInfo@719f07a missingMethods : 0
10-06 16:55:42.693  9776  9776 D ViewRootImpl@f74fdf8[GameActivity]: MSG_RESIZED_REPORT: frame=Rect(0, 117 - 1080, 2136) ci=Rect(0, 0 - 0, 0) vi=Rect(0, 0 - 0, 0) or=1
10-06 16:55:42.693  1319  9616 D InputTransport: Input channel constructed: fd=470
10-06 16:55:42.693  1319  9616 D InputTransport: Input channel destroyed: fd=470
10-06 16:55:42.694  9776  9789 D InputTransport: Input channel constructed: fd=90
10-06 16:55:42.695 10914  9811 D CapturePreview: start save : compress capture bitmap : 247046
10-06 16:55:42.696  4553  4553 I InputMethodWrapper:  call dispatchStartInputWithToken
10-06 16:55:42.696  4553  4553 I InputMethodService: dispatchStartInputWithToken
10-06 16:55:42.696  4553  4553 I SKBD_Performance: [IIManager] [PF_CL][onFinishInput] 329115
10-06 16:55:42.696  4553  4553 D InputMethodService: checkDisplayOfStartInputAndUpdateKeyboard display Id 0last 0
10-06 16:55:42.697 10914  9811 D CapturePreview: save result :  path : /storage/emulated/0/Android/data/com.sec.android.app.launcher/cache/homescreenPreview.png
10-06 16:55:42.698  4553  4553 I SKBD    : SamsungKeypad [IMI] onStartInput - caller pid : 9776, caller uid : 10271
10-06 16:55:42.698  1319  9616 D SecContentProvider: query(), uri = 17 selection = isSettingsChangesAllowed
10-06 16:55:42.698  1319  9616 D SecContentProvider: called from com.sec.android.app.launcher
10-06 16:55:42.698  1319  9616 D RestrictionPolicy: isSettingsChangesAllowedAsUser, userId 0 : true
10-06 16:55:42.703  1319  4001 D WindowManager: finishDrawingWindow: Window{fd5ceb1 u0 com.YourCompany.CSC567Final/com.epicgames.ue4.GameActivity} mDrawState=HAS_DRAWN
10-06 16:55:42.703  1319  4001 D WindowManager: finishDrawingWindow: Window{ee65717 u0 com.YourCompany.CSC567Final/com.epicgames.ue4.GameActivity} mDrawState=HAS_DRAWN
10-06 16:55:42.704  9776  9776 D InputMethodManager: prepareNavigationBarInfo() DecorView@297587c[GameActivity]
10-06 16:55:42.704  9776  9776 D InputMethodManager: getNavigationBarColor() -855310
10-06 16:55:42.704  9776  9776 V InputMethodManager: Starting input: tba=com.YourCompany.CSC567Final ic=null mNaviBarColor -855310 mIsGetNaviBarColorSuccess true , NavVisible : true , NavTrans : false
10-06 16:55:42.704  9776  9776 D InputMethodManager: startInputInner - Id : 0
10-06 16:55:42.706 10914 10914 D ViewRootImpl@b25260b[LauncherActivity]: setWindowStopped(true) old=false
10-06 16:55:42.707 10914 10914 D ViewRootImpl@b25260b[LauncherActivity]: Surface release. android.view.WindowManagerGlobal.setStoppedState:669 android.app.Activity.performStop:7650 android.app.ActivityThread.callActivityOnStop:4378 android.app.ActivityThread.performStopActivityInner:4356 android.app.ActivityThread.handleStopActivity:4431 android.app.servertransaction.StopActivityItem.execute:41 android.app.servertransaction.TransactionExecutor.executeLifecycleState:145 android.app.servertransaction.TransactionExecutor.execute:70 
10-06 16:55:42.708 10914 10914 D Launcher.AppsStage: onStopActivity 
10-06 16:55:42.708 10914 10914 I Notification.Badge: removeNotificationsChangedListener
10-06 16:55:42.708 10914 10914 D StageManager: saved stages : inStack [1] , outStack[2]
10-06 16:55:42.709  1319  9616 I WindowManager: Cancelling animation restarting=false, leash=null, surface=Surface(name=AppWindowToken{399fb57 token=Token{5cfacd6 ActivityRecord{5b548f1 u0 com.YourCompany.CSC567Final/com.epicgames.ue4.SplashActivity t195}}})/@0x161456a, parent=Surface(name=Task=195)/@0x38d0a5b
10-06 16:55:42.710   806  2673 I SurfaceFlinger: id=17496 Removed AppWindowToken{399fb57 token=Token{5cfacd6 ActivityRecord{5b548f1 u0 com.YourCompany.CSC567Final/com.epicgames.ue4.SplashActivity t195}}}#0 (0/63)
10-06 16:55:42.711  2189  3443 D ForegroundUtils: could not check pending caller
10-06 16:55:42.712  1319  1358 D CodecSolution: isMaxAspectPackageEx: com.YourCompany.CSC567Final : false(0)
10-06 16:55:42.713  9776  9801 D vulkan  : searching for layers in '/data/app/com.YourCompany.CSC567Final-OilVkiPj8vFuU2xpjMxr9Q==/lib/arm'
10-06 16:55:42.713  9776  9801 D vulkan  : searching for layers in '/system/fake-libs'
10-06 16:55:42.714  9776  9801 D vulkan  : searching for layers in '/data/app/com.YourCompany.CSC567Final-OilVkiPj8vFuU2xpjMxr9Q==/base.apk!/lib/armeabi-v7a'
10-06 16:55:42.715  6365  6502 D DeviceData: buildFlatBuffer - building flatbuffer 
10-06 16:55:42.715  6365  6502 D DeviceData: buildFlatBuffer composed: ms = 0bufflen = 1416
10-06 16:55:42.715  6365  6536 I 1_0_0.25_MPSD_UMD_CHOREOGRAPHER: triggerEventInModels 132 EVENT:[42]
10-06 16:55:42.716  9776  9801 I Adreno  : QUALCOMM build          : 0a66665, If34e3488e3
10-06 16:55:42.716  9776  9801 I Adreno  : Build Date              : 04/05/19
10-06 16:55:42.716  9776  9801 I Adreno  : Shader Compiler Version : EV031.25.16.00
10-06 16:55:42.716  9776  9801 I Adreno  : Local Branch            : 
10-06 16:55:42.716  9776  9801 I Adreno  : Remote Branch           : refs/tags/AU_LINUX_ANDROID_LA.UM.7.1.C1.09.00.00.526.029
10-06 16:55:42.716  9776  9801 I Adreno  : Remote Branch           : NONE
10-06 16:55:42.716  9776  9801 I Adreno  : Reconstruct Branch      : NOTHING
10-06 16:55:42.716  9776  9801 I Adreno  : Build Config                     : S P 6.0.9 AArch32
10-06 16:55:42.727   806   806 I Layer   : id=17496 onRemoved AppWindowToken{399fb57 token=Token{5cfacd6 ActivityRecord{5b548f1 u0 com.YourCompany.CSC567Final/com.epicgames.ue4.SplashActivity t195}}}#0 
10-06 16:55:42.727   806   806 I Layer   : id=17499 onRemoved Letterbox - top#0 
10-06 16:55:42.727   806   806 I Layer   : id=17500 onRemoved Letterbox - bottom#0 
10-06 16:55:42.731   806   806 I SurfaceFlinger: Display 0 HWC layers:
10-06 16:55:42.731   806   806 I SurfaceFlinger:     type    |    handle    | flag |  format   |   source crop (l,t,r,b)    |         frame       | name 
10-06 16:55:42.731   806   806 I SurfaceFlinger: ------------+--------------+------+-----------+----------------------------+---------------------+------
10-06 16:55:42.731   806   806 I SurfaceFlinger:  SolidColor |              | 0004 |  Unknown  |   0.0    0.0   -1.0   -1.0 |    0    0 1080  117 | Letterbox - top#1
10-06 16:55:42.731   806   806 I SurfaceFlinger:  SolidColor |              | 0004 |  Unknown  |   0.0    0.0   -1.0   -1.0 |    0 2136 1080 2280 | Letterbox - bottom#1
10-06 16:55:42.731   806   806 I SurfaceFlinger:      Device | 0x7850239050 | 0002 | RGBA_8888 |   0.0    0.0 1080.0 2019.0 |    0  117 1080 2136 | com.YourCompany.CSC567Final/com.epicgames.ue4.GameActivity[9776]#0
10-06 16:55:42.731   806   806 I SurfaceFlinger:      Device | 0x784fc3e230 | 0002 | RGBA_8888 |   0.0    0.0 1080.0 2019.0 |    0  117 1080 2136 | Splash Screen com.YourCompany.CSC567Final#0
10-06 16:55:42.731   806   806 I SurfaceFlinger:      Device | 0x784fc3e1c0 | 0000 | RGBA_8888 |   0.0    0.0   67.0  419.0 | 1013  332 1080  751 | com.samsung.android.app.cocktailbars[...]arservice.CocktailBarService[6188]#0
10-06 16:55:42.731   806   806 I SurfaceFlinger:      Device | 0x7850238800 | 0000 | RGBA_8888 |   0.0    0.0 1080.0 
10-06 16:55:42.731   806   806 I SurfaceFlinger:  144.0 |    0 2136 1080 2280 | NavigationBar[1940]#0
10-06 16:55:42.731   806   806 I SurfaceFlinger: 
10-06 16:55:42.812  1319  2128 D MdnieScenarioControlService:  packageName : com.YourCompany.CSC567Final    className : com.epicgames.ue4.GameActivity
10-06 16:55:42.812  1319  2128 V MdnieScenarioControlService: setUIMode from UI function(3)
10-06 16:55:42.844  1319  1546 I WindowManager: reset, Reparenting to original parent, shouldDeferScheduleAnimation=false, destroyLeash=true, surface=Surface(name=f0feae5 Splash Screen com.YourCompany.CSC567Final)/@0x5b0bfc5, parent=Surface(name=AppWindowToken{69a263c token=Token{1bdd02f ActivityRecord{e6cee0e u0 com.YourCompany.CSC567Final/com.epicgames.ue4.GameActivity t195}}})/@0xd016a28, parentNativeHandle=android.os.BinderProxy@e0ddd1a, caller=com.android.server.wm.SurfaceAnimator.lambda$getFinishedCallback$0:94 com.android.server.wm.-$$Lambda$SurfaceAnimator$SIBia0mND666K8lMCPsoid8pUTI.run:4 com.android.server.wm.SurfaceAnimator.lambda$getFinishedCallback$1:101 com.android.server.wm.-$$Lambda$SurfaceAnimator$vdRZk66hQVbQCvVXEaQCT1kVmFc.onAnimationFinished:4 com.android.server.wm.LocalAnimationAdapter.lambda$startAnimation$0:74 
10-06 16:55:42.844  1319  1546 D SurfaceControl: reparent is called, sc=Surface(name=f0feae5 Splash Screen com.YourCompany.CSC567Final)/@0x5b0bfc5, newParentHandle=android.os.BinderProxy@e0ddd1a, transaction=android.view.SurfaceControl$Transaction@161404b
10-06 16:55:42.844  1319  1546 D SurfaceControl: destroy(transaction), animation-leash is destroyed, sc=Surface(name=Surface(name=f0feae5 Splash Screen com.YourCompany.CSC567Final)/@0x5b0bfc5 - animation-leash)/@0x59d729c, transaction=android.view.SurfaceControl$Transaction@161404b, caller=com.android.server.wm.SurfaceAnimator.reset:335 com.android.server.wm.SurfaceAnimator.lambda$getFinishedCallback$0:94 com.android.server.wm.-$$Lambda$SurfaceAnimator$SIBia0mND666K8lMCPsoid8pUTI.run:4 com.android.server.wm.SurfaceAnimator.lambda$getFinishedCallback$1:101 com.android.server.wm.-$$Lambda$SurfaceAnimator$vdRZk66hQVbQCvVXEaQCT1kVmFc.onAnimationFinished:4 com.android.server.wm.LocalAnimationAdapter.lambda$startAnimation$0:74 com.android.server.wm.-$$Lambda$LocalAnimationAdapter$X--EomqUvw4qy89IeeTFTH7aCMo.run:4 
10-06 16:55:42.845  1319  1546 E WindowManager: win=Window{f0feae5 u0 Splash Screen com.YourCompany.CSC567Final EXITING} destroySurfaces: appStopped=false win.mWindowRemovalAllowed=true win.mRemoveOnExit=true win.mViewVisibility=0 caller=com.android.server.wm.AppWindowToken.destroySurfaces:870 com.android.server.wm.AppWindowToken.destroySurfaces:851 com.android.server.wm.WindowState.onExitAnimationDone:5387 com.android.server.wm.WindowStateAnimator.onAnimationFinished:319 com.android.server.wm.WindowState.onAnimationFinished:5809 com.android.server.wm.-$$Lambda$yVRF8YoeNdTa8GR1wDStVsHu8xM.run:2 com.android.server.wm.SurfaceAnimator.lambda$getFinishedCallback$0:97 
10-06 16:55:42.845  1319  1546 I WindowManager: Destroying surface Surface(name=Splash Screen com.YourCompany.CSC567Final)/@0x576f9ba called by com.android.server.wm.WindowStateAnimator.destroySurface:1903 com.android.server.wm.WindowStateAnimator.destroySurfaceLocked:838 com.android.server.wm.WindowState.destroySurfaceUnchecked:3790 com.android.server.wm.WindowState.destroySurface:3771 com.android.server.wm.AppWindowToken.destroySurfaces:870 com.android.server.wm.AppWindowToken.destroySurfaces:851 com.android.server.wm.WindowState.onExitAnimationDone:5387 com.android.server.wm.WindowStateAnimator.onAnimationFinished:319 
10-06 16:55:42.845   806  2673 I SurfaceFlinger: id=17498 Removed Splash Screen com.YourCompany.CSC567Final#0 (0/60)
10-06 16:55:42.845  1319  1546 D WindowManager: clearSavedLeashOnCommit, savedLeash=Surface(name=Surface(name=f0feae5 Splash Screen com.YourCompany.CSC567Final)/@0x5b0bfc5 - animation-leash)/@0x59d729c, caller=com.android.server.wm.WindowContainer.removeImmediately:337 com.android.server.wm.WindowState.removeImmediately:2637 com.android.server.wm.WindowState.destroySurface:3774 com.android.server.wm.AppWindowToken.destroySurfaces:870 com.android.server.wm.AppWindowToken.destroySurfaces:851 com.android.server.wm.WindowState.onExitAnimationDone:5387 
10-06 16:55:42.848   806   865 W SurfaceFlinger: Attempting to set client state on removed layer: Splash Screen com.YourCompany.CSC567Final#0 [s.what : 40]
10-06 16:55:42.848   806   865 D Layer   : [f0feae5 Splash Screen com.YourCompany.CSC567Final#0]::reparent oldParent:[Surface(name=f0feae5 Splash Screen com.YourCompany.CSC567Final)/@0x5b0bfc5 - animation-leash#0], newParent:[AppWindowToken{69a263c token=Token{1bdd02f ActivityRecord{e6cee0e u0 com.YourCompany.CSC567Final/com.epicgames.ue4.GameActivity t195}}}#0]
10-06 16:55:42.848   806   865 W SurfaceFlinger: Attempting to destroy on removed layer: Splash Screen com.YourCompany.CSC567Final#0
10-06 16:55:42.848   806   865 I SurfaceFlinger: id=17513 Removed Surface(name=f0feae5 Splash Screen com.YourCompany.CSC567Final)/@0x5b0bfc5 - animation-leash#0 (5/59)
10-06 16:55:42.848   806   865 I SurfaceFlinger: id=17497 Removed f0feae5 Splash Screen com.YourCompany.CSC567Final#0 (4/58)
10-06 16:55:42.861   806   806 I Layer   : id=17497 onRemoved f0feae5 Splash Screen com.YourCompany.CSC567Final#0 
10-06 16:55:42.861   806   806 I Layer   : id=17498 onRemoved Splash Screen com.YourCompany.CSC567Final#0 
10-06 16:55:42.861   806   806 I Layer   : id=17513 onRemoved Surface(name=f0feae5 Splash Screen com.YourCompany.CSC567Final)/@0x5b0bfc5 - animation-leash#0 
10-06 16:55:42.866  8376  8400 I WorkerManager: Releasing worker: [searchwidget]/[59]/[com.google.android.apps.gsa.staticplugins.searchwidget.ai]
10-06 16:55:42.867   806   806 I SurfaceFlinger: Display 0 HWC layers:
10-06 16:55:42.867   806   806 I SurfaceFlinger:     type    |    handle    | flag |  format   |   source crop (l,t,r,b)    |         frame       | name 
10-06 16:55:42.867   806   806 I SurfaceFlinger: ------------+--------------+------+-----------+----------------------------+---------------------+------
10-06 16:55:42.867   806   806 I SurfaceFlinger:  SolidColor |              | 0004 |  Unknown  |   0.0    0.0   -1.0   -1.0 |    0    0 1080  117 | Letterbox - top#1
10-06 16:55:42.867   806   806 I SurfaceFlinger:  SolidColor |              | 0004 |  Unknown  |   0.0    0.0   -1.0   -1.0 |    0 2136 1080 2280 | Letterbox - bottom#1
10-06 16:55:42.867   806   806 I SurfaceFlinger:      Device | 0x7850239050 | 0002 | RGBA_8888 |   0.0    0.0 1080.0 2019.0 |    0  117 1080 2136 | com.YourCompany.CSC567Final/com.epicgames.ue4.GameActivity[9776]#0
10-06 16:55:42.867   806   806 I SurfaceFlinger:      Device | 0x784fc3e1c0 | 0000 | RGBA_8888 |   0.0    0.0   67.0  419.0 | 1013  332 1080  751 | com.samsung.android.app.cocktailbars[...]arservice.CocktailBarService[6188]#0
10-06 16:55:42.867   806   806 I SurfaceFlinger:      Device | 0x7850238800 | 0000 | RGBA_8888 |   0.0    0.0 1080.0  144.0 |    0 2136 1080 2280 | NavigationBar[1940]#0
10-06 16:55:42.867   806   806 I SurfaceFlinger: 
10-06 16:55:42.886  1319  1319 D AppWidgetServiceImpl: handleNotifyUpdateAppWidget, appWidgetId = 3
10-06 16:55:42.886  8376  8418 I WorkerManager: Releasing worker: [searchwidget]/[59]/[com.google.android.apps.gsa.staticplugins.searchwidget.ai]
10-06 16:55:42.887 10914 10914 I LauncherWidgetHostView: updateLastOrientation, orientation: 1, activityOrientation: 1, fromRemoteViews: true, widget: ComponentInfo{com.google.android.googlequicksearchbox/com.google.android.googlequicksearchbox.SearchWidgetProvider}
10-06 16:55:42.966   762   837 D SensorsBio: Als_common::readEvents, enabled : 0, data : 9.000000, 0.000000, 1.000000, 1.000000, 2.000000, 50000.000000, 64000.000000
10-06 16:55:42.975  1319  1658 D WifiPermissionsUtil: canAccessScanResults: pkgName = android, uid = 1000
10-06 16:55:42.976  1940  1940 D SecStatusBarWifiView: updateState: WifiIconState(resId=2131232605, visible=true, activityId=2131232610)
10-06 16:55:42.988  1319  1319 D CustomFrequencyManagerService: releaseDVFSLockLocked : Getting Lock type frm List : DVFS_MIN_LIMIT  frequency : 1708800  uid : 1000  pid : 1319  tag : AMS_RESUME_TAIL@CPU_MIN@32
10-06 16:55:43.047  1036  1700 D bauth_FPBAuthService: pcf : 0x1012, 0 ,2 ,0 ,0 ,0 ,2, 2.0.4.1
10-06 16:55:43.047  1036  1700 D bauth_FPBAuthService: thread id : 2, preenroll_flag : 0, nd cnt : 1, cso : 2, et : 0
10-06 16:55:43.047  1036  1700 D bauth_FPBAuthService: FPBAuthService, 9962
10-06 16:55:43.168  1319  1558 I SensorService: [FLICKERLIGHT] lux value : 77, code value : 255, als value : 1
10-06 16:55:43.421   762   837 D SensorsBio: Als_common::readEvents, enabled : 0, data : 11.000000, 0.000000, 1.000000, 1.000000, 1.000000, 50000.000000, 64000.000000
10-06 16:55:43.489  1319  4001 D CustomFrequencyManagerService: FrequencyrequestList.getNextSchedTuneBoostRequest, index: 0
10-06 16:55:43.609  1940  2268 D NetworkController.MobileSignalController(0/2): onSignalStrengthsChanged signalStrength=SignalStrength: 99 99 -120 -160 -120 -160 -1 21 -101 -13 66 2147483647 0 2147483647 99 255 2147483647 0x4000 P gsm|lte use_rsrp_and_rssnr_for_lte_level  [-128, -118, -108, -98] [-115, -105, -95, -85] level=4
10-06 16:55:43.609  1940  2268 D NetworkController.MobileSignalController(0/2): getMobileIconGroup(): 13
10-06 16:55:43.609  1940  2268 D NetworkController.MobileSignalController(0/2): updateTMOMobileIconGroup(): 13
10-06 16:55:43.616  1319  1319 D Telecom:EchoLocateHandoverMgr: onSignalStrengthsChanged: SignalStrength: 99 99 -120 -160 -120 -160 -1 21 -101 -13 66 2147483647 0 2147483647 99 255 2147483647 0x4000 P gsm|lte use_rsrp_and_rssnr_for_lte_level  [-128, -118, -108, -98] [-115, -105, -95, -85]
10-06 16:55:43.659  8882  8882 E adbd    : failed to connect to socket 'tcp:6666': Connection refused
10-06 16:55:43.671  1319  1852 D WifiPermissionsUtil: canAccessScanResults: pkgName = android, uid = 1000
10-06 16:55:43.672  1319  1558 I SensorService: [FLICKERLIGHT] lux value : 77, code value : 255, als value : 1
10-06 16:55:43.827   762   837 D SensorsBio: Als_common::readEvents, enabled : 0, data : -1.000000, 0.000000, 1.000000, 1.000000, 1.000000, 50000.000000, 64000.000000
10-06 16:55:43.861  1319  1319 I Telecom:SamsungPrebindingServiceImpl: isSktTPhoneMode supportTPhone: false
10-06 16:55:43.862  1319  1319 I Telecom:SamsungPrebindingServiceImpl: needToKeepBinding: false match not found
10-06 16:55:43.985  1319  1658 D WifiTrafficPoller: TrafficStats TxPkts=1340649 RxPkts=3900519 TxBytes=269760024 RxBytes=4878044002 , Foreground uid=10271 pkgName=com.YourCompany.CSC567Final TxPackets=-1 RxPackets=-1 TxBytes=-1 RxBytes=-1
10-06 16:55:43.985  3745  3745 D SDHMS:at: writeSysfs:: path = /sys/class/scsi_host/host0/../../../clkscale_enable, value = 1
10-06 16:55:43.986  1319  1658 D WifiPermissionsUtil: canAccessScanResults: pkgName = android, uid = 1000
10-06 16:55:44.048  1036  1700 D bauth_FPBAuthService: pcf : 0x1012, 0 ,2 ,0 ,0 ,0 ,2, 2.0.4.1
10-06 16:55:44.048  1036  1700 D bauth_FPBAuthService: thread id : 2, preenroll_flag : 0, nd cnt : 1, cso : 2, et : 0
10-06 16:55:44.048  1036  1700 D bauth_FPBAuthService: FPBAuthService, 9962
10-06 16:55:44.175  1319  1558 I SensorService: [FLICKERLIGHT] lux value : 77, code value : 255, als value : 1
10-06 16:55:44.275   762   837 D SensorsBio: Als_common::readEvents, enabled : 0, data : 11.000000, 0.000000, 1.000000, 1.000000, 1.000000, 50000.000000, 64000.000000
10-06 16:55:44.331   693   705 D Netd    : notify() code: 614, msg: Address updated 2601:281:c901:8d71:6b92:b96d:e5ab:3dab/64 wlan0 0 0
10-06 16:55:44.332   693   705 D Netd    : notify() code: 614, msg: Address updated 2601:281:c901:8d71:945:bc3b:9c5d:f7bc/64 wlan0 1 0
10-06 16:55:44.333   767   767 D WifiHAL : Setting APF program, halHandle = 0x7b3562d6a0
10-06 16:55:44.333   767   767 I WifiHAL : 
10-06 16:55:44.333   767   767 I WifiHAL : createRequest: APF set program request
10-06 16:55:44.335  2034  2058 D EPDG -- [NETMGMT]: Interface wlan0 address updated
10-06 16:55:44.336   693   705 D Netd    : notify() code: 615, msg: DnsInfo servers wlan0 86400 2001:558:feed::1,2001:558:feed::2
10-06 16:55:44.336  2034  2421 D EPDG -- SIM0 [EpdgSubScription]: EpdgAddressUpdated: address: 2601:281:c901:8d71:6b92:b96d:e5ab:3dab iface: wlan0mFqdnRetryCount : 0
10-06 16:55:44.338  2034  2058 D EPDG -- [NETMGMT]: Interface wlan0 address updated
10-06 16:55:44.338  2034  2421 D EPDG -- SIM0 [EpdgSubScription]: EpdgAddressUpdated: address: 2601:281:c901:8d71:945:bc3b:9c5d:f7bc iface: wlan0mFqdnRetryCount : 0
10-06 16:55:44.348   767   767 I WifiHAL : Done!
10-06 16:55:44.678  1319  1558 I SensorService: [FLICKERLIGHT] lux value : 77, code value : 255, als value : 1
10-06 16:55:44.701  1940  2424 D OpenGLRenderer: eglDestroySurface = 0x7264c82c00, 0x72586a9000
10-06 16:55:44.726   762   837 D SensorsBio: Als_common::readEvents, enabled : 0, data : -1.000000, 0.000000, 1.000000, 1.000000, 1.000000, 50000.000000, 64000.000000
10-06 16:55:44.762  1319 24939 D BatteryService: Sending ACTION_BATTERY_CHANGED. scale:100, info:{.chargerAcOnline = false, .chargerUsbOnline = true, .chargerWirelessOnline = false, .maxChargingCurrent = 0, .maxChargingVoltage = 0, .batteryStatus = CHARGING, .batteryHealth = GOOD, .batteryPresent = true, .batteryLevel = 46, .batteryVoltage = 3850, .batteryTemperature = 260, .batteryCurrent = 0, .batteryCycleCount = 0, .batteryFullCharge = 3000000, .batteryChargeCounter = 1407000, .batteryTechnology = Li-ion}
10-06 16:55:44.762  1319 24939 D BatteryService: online:4, current avg:62, charge type:1, POGO powered:false, power sharing:false, high voltage charger:false, charger_type:0, capacity:280000, batterySWSelfDischarging:false, misc_event:0, current_event:0, current_now:379
10-06 16:55:44.764  1319  1319 I MotionRecognitionService: Plugged
10-06 16:55:44.764  1319  1319 D MotionRecognitionService:   mCableConnection= 1
10-06 16:55:44.764  1319  1319 D MotionRecognitionService: setPowerConnected : mGripEnabled = false
10-06 16:55:44.764  1319  1367 I Tethering: BATTERY_CHANGED, level = 46lowBatteryThreshold = 15
10-06 16:55:44.764  1319  1319 D UsbDeviceManager: received ACTION_BATTERY_CHANGED
10-06 16:55:44.766  1880  1880 D BigDataInfoController: Intent : android.intent.action.BATTERY_CHANGED
10-06 16:55:44.769  1319  1366 D UsbDeviceManager: handleMessage -> MSG_UPDATE_CHARGING_STATE = 1
10-06 16:55:44.769  1319  1366 D UsbDeviceManager: updateUsbNotification(false) : mConnected = true, mConfigured = true, mCurrentFunctions = 4, mHostConnected = false, mSourcePower = false, mSinkPower = true, mUsbCharging = true, mUseUsbNotification = true
10-06 16:55:44.770  1319  1366 D UsbDeviceManager: updateUsbNotification, set mCurrentFunctionsForNoti : mtp
10-06 16:55:44.770  1319  1366 D DexObserverFW: isDexModeOn() : false
10-06 16:55:44.770  1319  1366 D DexObserverFW: isSemiDexModeOn() : false
10-06 16:55:44.770  1319  1366 D UsbDeviceManager: id=27, mUsbNotificationId=27, titleRes=17042106
10-06 16:55:44.771  2034  2421 D EPDG -- SIM0 [EpdgSubScription]: android.intent.action.BATTERY_CHANGED intent received.
10-06 16:55:44.772  1940  1940 D KeyguardUpdateMonitor: received broadcast android.intent.action.BATTERY_CHANGED
10-06 16:55:44.773  1940  1940 D PowerUI : priorPlugType = 2 mPlugType = 2 priorBatteryStatus = 2 mBatteryStatus = 2
10-06 16:55:44.775  1940  1940 D PowerUI.Notification: showChargingNotice oldChargingType : 1 currentChargingType : 1 oldChargingTime : 11967000 mChargingTime : 11967000
10-06 16:55:44.775  1940  1940 D PowerUI.Notification: There is no change about charging status, so return!
10-06 16:55:44.775  1940  1940 D PowerUI : Battery swelling mode - priorBatterySwellingMode = 0 mBatterySwellingMode = 0
10-06 16:55:44.776  1940  1940 D KeyguardUpdateMonitor: handleBatteryUpdate
10-06 16:55:44.788  1940  1940 I StackScroller: ADJUST STACK.TRANSLATION
10-06 16:55:44.789  1940  1940 I chatty  : uid=10010(com.samsung.android.app.aodservice) com.android.systemui identical 1 line
10-06 16:55:44.789  1940  1940 I StackScroller: ADJUST STACK.TRANSLATION
10-06 16:55:44.845   803  9119 V APM_AudioPolicyManager: getAudioPolicyConfig: audioParam;outDevice
10-06 16:55:44.845   803  9119 V APM_AudioPolicyManager: getNewOutputDevice() selected device 0
10-06 16:55:44.845   803  9119 V APM_AudioPolicyManager: ### curdevice : 2
10-06 16:55:44.882  1940  2268 D NetworkController.MobileSignalController(0/2): onSignalStrengthsChanged signalStrength=SignalStrength: 99 99 -120 -160 -120 -160 -1 23 -101 -13 68 2147483647 0 2147483647 99 255 2147483647 0x4000 P gsm|lte use_rsrp_and_rssnr_for_lte_level  [-128, -118, -108, -98] [-115, -105, -95, -85] level=4
10-06 16:55:44.882  1940  2268 D NetworkController.MobileSignalController(0/2): getMobileIconGroup(): 13
10-06 16:55:44.882  1940  2268 D NetworkController.MobileSignalController(0/2): updateTMOMobileIconGroup(): 13
10-06 16:55:44.886  1319  1319 D Telecom:EchoLocateHandoverMgr: onSignalStrengthsChanged: SignalStrength: 99 99 -120 -160 -120 -160 -1 23 -101 -13 68 2147483647 0 2147483647 99 255 2147483647 0x4000 P gsm|lte use_rsrp_and_rssnr_for_lte_level  [-128, -118, -108, -98] [-115, -105, -95, -85]
10-06 16:55:44.988  1319  1658 D WifiPermissionsUtil: canAccessScanResults: pkgName = android, uid = 1000
10-06 16:55:45.015  9650  9672 I id.app.sbrowse: Waiting for a blocking GC ProfileSaver
10-06 16:55:45.029  9650  9672 I id.app.sbrowse: WaitForGcToComplete blocked ProfileSaver on AddRemoveAppImageSpace for 13.288ms
10-06 16:55:45.048  1036  1700 D bauth_FPBAuthService: pcf : 0x1012, 0 ,2 ,0 ,0 ,0 ,2, 2.0.4.1
10-06 16:55:45.048  1036  1700 D bauth_FPBAuthService: thread id : 2, preenroll_flag : 0, nd cnt : 1, cso : 2, et : 0
10-06 16:55:45.048  1036  1700 D bauth_FPBAuthService: FPBAuthService, 9962
10-06 16:55:45.131   762   837 D SensorsBio: Als_common::readEvents, enabled : 0, data : 9.000000, 0.000000, 1.000000, 1.000000, 2.000000, 50000.000000, 64000.000000
10-06 16:55:45.152  1319  1659 D WifiStateMachine: enter getWifiLinkLayerStats
10-06 16:55:45.153  1319  1659 I WifiVendorHal: getWifiLinkLayerStats(l.2972) before calling iface.getLinkLayerStats
10-06 16:55:45.191  1319  1659 I WifiVendorHal: getWifiLinkLayerStats(l.2972) after calling iface.getLinkLayerStats
10-06 16:55:45.267  1319  1659 I WifiStateMachine: checkScoreBasedQuality -  mPreviousScore[0]:73 mPreviousScore[1]:74 mPreviousScore[2]:74 s2Score:75mPrevoiusScoreAverage:73
10-06 16:55:45.490  9474  9498 I Finsky  : [2703] gsy.a(24): No selector loaded
10-06 16:55:45.494  9474  9547 I Finsky  : [2739] qbu.b(1): Triggered update for experiment package com.google.android.finsky.stable.
10-06 16:55:45.524  1319  3966 D [a11y]  : getUserAccounts0
10-06 16:55:45.531  9474  9504 I Finsky  : [2709] dss.run(3): Initializing the instant apps module.
10-06 16:55:45.575  1319  3966 D [a11y]  : getUserAccounts0
10-06 16:55:45.581  9474  9512 I Finsky  : [2712] zhq.a(10): Do not start WearSupportService due to Wear service optimization
10-06 16:55:45.581  1319  3966 D PackageManager: setEnabledSetting : userId = 0 packageName = com.android.vending cmp = com.google.android.finsky.wear.WearSupportService newState = 2 callingPackage = 10067/com.android.vending
10-06 16:55:45.583   762   837 D SensorsBio: Als_common::readEvents, enabled : 0, data : 9.000000, 0.000000, 1.000000, 1.000000, 2.000000, 50000.000000, 64000.000000
10-06 16:55:45.584  9474  9513 I Finsky  : [2713] dsp.run(8): Component class com.google.android.finsky.wear.WearSupportService disabled via PackageManager.
10-06 16:55:45.584  1319  2170 D PackageManager: setEnabledSetting : userId = 0 packageName = com.android.vending cmp = com.google.android.finsky.wear.WearChangeListenerService newState = 2 callingPackage = 10067/com.android.vending
10-06 16:55:45.585  9474  9498 I Finsky  : [2703] yez.f(2): Restoring notifications
10-06 16:55:45.585  9474  9513 I Finsky  : [2713] dsp.run(8): Component class com.google.android.finsky.wear.WearChangeListenerService disabled via PackageManager.
10-06 16:55:45.606  9474  9498 I Finsky  : [2703] yez.f(5): Done restoring notifications
10-06 16:55:45.622  9474  9547 I Finsky  : [2739] qbu.b(10): Already at the latest configurations for experiment package com.google.android.finsky.stable.
10-06 16:55:45.622  9474  9548 I Finsky  : [2740] qbu.b(1): Triggered update for experiment package com.google.android.finsky.regular.
10-06 16:55:45.666  8882  8882 E adbd    : failed to connect to socket 'tcp:6666': Connection refused
10-06 16:55:45.681  9474  9548 I Finsky  : [2740] qbu.b(10): Already at the latest configurations for experiment package com.google.android.finsky.regular.
10-06 16:55:45.681  9474  9538 I Finsky  : [2734] qbu.b(1): Triggered update for experiment package com.google.android.finsky.regular.
10-06 16:55:45.683  1319  2170 D [a11y]  : getUserAccounts0
10-06 16:55:45.683  1319  1558 I SensorService: [FLICKERLIGHT] lux value : 77, code value : 255, als value : 2
10-06 16:55:45.689  1319  2170 D [a11y]  : getUserAccounts0
10-06 16:55:45.689  1319  2943 I Pageboost: Launcher App Execution
10-06 16:55:45.736  9474  9538 I Finsky  : [2734] qbu.b(10): Already at the latest configurations for experiment package com.google.android.finsky.regular.
10-06 16:55:45.773  9474  9474 I Finsky  : [2] taf.run(5): Detected restoreservicev2://recovery not needed, will not run
10-06 16:55:45.822  9474  9865 I Finsky  : [2759] ahvz.a(2): registerListener
10-06 16:55:45.825  9474  9865 I Finsky  : [2759] jce.a(2): getDownloads(-)
10-06 16:55:45.828  9474  9866 I Finsky  : [2760] ahwe.a(7): Initiate binding to the service.
10-06 16:55:45.830  9474  9865 I Finsky  : [2759] ecf.run(7): Initialized AssetModuleDownloader.
10-06 16:55:45.833  1319  2170 D StorageManagerService: getExternalStorageMountMode : 3
10-06 16:55:45.834  1319  2170 D StorageManagerService: getExternalStorageMountMode : 3
10-06 16:55:45.834  1319  2170 D StorageManagerService: getExternalStorageMountMode : final mountMode=3, uid : 10067, packageName : com.android.vending
10-06 16:55:45.834  1319  2170 I ApplicationPolicy: isApplicationExternalStorageWhitelisted:com.android.vending user:0
10-06 16:55:45.834  1319  2170 D ApplicationPolicy: isApplicationExternalStorageWhitelisted: DO is not enabled on user 0. Allowed.
10-06 16:55:45.834  1319  2170 D ActivityManager: package  com.android.vending, user - 0 is SDcard whitelisted
10-06 16:55:45.834  1319  2170 I ApplicationPolicy: isApplicationExternalStorageBlacklisted:com.android.vending user:0
10-06 16:55:45.834  1319  2170 D ApplicationPolicy: isApplicationExternalStorageBlacklisted: DO is not enabled on user 0. Allowed.
10-06 16:55:45.834  1319  2170 I ApplicationPolicy: isApplicationExternalStorageBlacklisted:com.android.vending user:0
10-06 16:55:45.834  1319  2170 D ApplicationPolicy: isApplicationExternalStorageBlacklisted: DO is not enabled on user 0. Allowed.
10-06 16:55:45.860  1319  1359 I ActivityManager: Start proc 9867:com.android.vending:download_service/u0a67 for service com.android.vending/com.google.android.finsky.downloadservice.DownloadService
10-06 16:55:45.860  9867  9867 E Zygote  : isWhitelistProcess - Process is Whitelisted
10-06 16:55:45.862  9867  9867 E Zygote  : accessInfo : 1
10-06 16:55:45.883  9867  9867 W ownload_servic: Using default instruction set features for ARM CPU variant (cortex-a9) using conservative defaults
10-06 16:55:45.887  9867  9867 E ownload_servic: Not starting debugger since process cannot load the jdwp agent.
10-06 16:55:45.909  1319  2170 I ActivityManager: DSS on for com.android.vending and scale is 1.0
10-06 16:55:45.939  9867  9867 I ownload_servic: The ClassLoaderContext is a special shared library.
10-06 16:55:45.986  9867  9867 I Finsky:download_service: [2] dtn.aH(9): Process created at version: 16.8.18-all [0] [PR] 270573219
10-06 16:55:45.990  1319  1658 D WifiPermissionsUtil: canAccessScanResults: pkgName = android, uid = 1000
10-06 16:55:46.011   762   837 D SensorsBio: Als_common::readEvents, enabled : 0, data : -1.000000, 0.000000, 1.000000, 1.000000, 2.000000, 50000.000000, 64000.000000
10-06 16:55:46.044  9867  9867 D ConnectivityManager: requestNetwork; CallingUid : 10067, CallingPid : 9867
10-06 16:55:46.048  1319  2170 D ConnectivityService: requestNetwork for uid/pid:10067/9867 NetworkRequest [ TRACK_DEFAULT id=1855, [ Capabilities: INTERNET&NOT_RESTRICTED&TRUSTED Unwanted:  Uid: 10067] ]
10-06 16:55:46.049  1036  1700 D bauth_FPBAuthService: pcf : 0x1012, 0 ,2 ,0 ,0 ,0 ,2, 2.0.4.1
10-06 16:55:46.049  1036  1700 D bauth_FPBAuthService: thread id : 2, preenroll_flag : 0, nd cnt : 1, cso : 2, et : 0
10-06 16:55:46.049  1036  1700 D bauth_FPBAuthService: FPBAuthService, 9962
10-06 16:55:46.049  1319  1674 D ConnectivityService: rematching NetworkAgentInfo [WIFI () - 502]
10-06 16:55:46.049  1319  1674 D ConnectivityService:  network has: [ Transports: WIFI Capabilities: NOT_METERED&INTERNET&NOT_RESTRICTED&TRUSTED&NOT_VPN&VALIDATED&NOT_ROAMING&FOREGROUND&NOT_CONGESTED&NOT_SUSPENDED Unwanted:  LinkUpBandwidth>=1048576Kbps LinkDnBandwidth>=1048576Kbps SignalStrength: -60 SSID: "DDNC"]
10-06 16:55:46.050  1319  1674 D ConnectivityService: Network NetworkAgentInfo [WIFI () - 502] was already satisfying request 1128. No change.
10-06 16:55:46.050  1319  1674 D ConnectivityService: Network NetworkAgentInfo [WIFI () - 502] was already satisfying request 1766. No change.
10-06 16:55:46.050  1319  1674 D ConnectivityService:   checking if request is : NetworkRequest [ TRACK_DEFAULT id=1855, [ Capabilities: INTERNET&NOT_RESTRICTED&TRUSTED Unwanted:  Uid: 10067] ], satisfies : true
10-06 16:55:46.050  1319  1674 D ConnectivityService: currentScore = 0, newScore = 60
10-06 16:55:46.050  1319  1674 D ConnectivityService: rematch for NetworkAgentInfo [WIFI () - 502]
10-06 16:55:46.050  1319  1674 D ConnectivityService:    accepting network in place of null
10-06 16:55:46.050  1319  1674 D ConnectivityService: sending new Min Network Score(60): NetworkRequest [ TRACK_DEFAULT id=1855, [ Capabilities: INTERNET&NOT_RESTRICTED&TRUSTED Unwanted:  Uid: 10067] ]
10-06 16:55:46.050  1319  1862 D Ethernet: got request NetworkRequest [ TRACK_DEFAULT id=1855, [ Capabilities: INTERNET&NOT_RESTRICTED&TRUSTED Unwanted:  Uid: 10067] ] with score 60
10-06 16:55:46.050  1319  1862 D Ethernet:   my score=110, my filter=[]
10-06 16:55:46.050  1319  1862 D Ethernet: evalRequest
10-06 16:55:46.050  1319  1862 D Ethernet:   done
10-06 16:55:46.051  1880  1880 D PhoneSwitcherNetworkRequstListener: got request NetworkRequest [ TRACK_DEFAULT id=1855, [ Capabilities: INTERNET&NOT_RESTRICTED&TRUSTED Unwanted:  Uid: 10067] ] with score 60
10-06 16:55:46.051  1880  1880 D PhoneSwitcherNetworkRequstListener:   my score=101, my filter=[ Transports: CELLULAR Capabilities: MMS&SUPL&DUN&FOTA&IMS&CBS&IA&RCS&XCAP&EIMS&INTERNET&NOT_RESTRICTED&TRUSTED&NOT_VPN&ENT1&FOC&MCX Unwanted:  Specifier: <android.net.MatchAllNetworkSpecifier@0>]
10-06 16:55:46.051  1880  1880 D PhoneSwitcherNetworkRequstListener: evalRequest
10-06 16:55:46.051  1880  1880 D PhoneSwitcherNetworkRequstListener:   needNetworkFor
10-06 16:55:46.053  1319  1674 D ConnectivityService: Network NetworkAgentInfo [WIFI () - 502] was already satisfying request 1765. No change.
10-06 16:55:46.053  1319  1674 D ConnectivityService: Network NetworkAgentInfo [WIFI () - 502] was already satisfying request 1809. No change.
10-06 16:55:46.053  1319  1674 D ConnectivityService: Network NetworkAgentInfo [WIFI () - 502] was already satisfying request 1. No change.
10-06 16:55:46.053  1319  1674 D ConnectivityService: Network NetworkAgentInfo [WIFI () - 502] was already satisfying request 12. No change.
10-06 16:55:46.053  1319  1674 D ConnectivityService: Network NetworkAgentInfo [WIFI () - 502] was already satisfying request 1852. No change.
10-06 16:55:46.053  1319  1674 D ConnectivityService: Network NetworkAgentInfo [WIFI () - 502] was already satisfying request 1126. No change.
10-06 16:55:46.053  1319  1674 D ConnectivityService:   checking if request is : NetworkRequest [ REQUEST id=1827, [ Transports: CELLULAR Capabilities: IMS&TRUSTED&NOT_VPN Unwanted:  Uid: 1000] ], satisfies : false
10-06 16:55:46.053  9474  9474 I Finsky  : [2] ahwk.onServiceConnected(3): ServiceConnectionImpl.onServiceConnected(ComponentInfo{com.android.vending/com.google.android.finsky.downloadservice.DownloadService})
10-06 16:55:46.053  1319  1674 D ConnectivityService: Network NetworkAgentInfo [WIFI () - 502] was already satisfying request 9. No change.
10-06 16:55:46.053  1319  1674 D ConnectivityService: Network NetworkAgentInfo [WIFI () - 502] was already satisfying request 1811. No change.
10-06 16:55:46.053  1319  1674 D ConnectivityService: Network NetworkAgentInfo [WIFI () - 502] was already satisfying request 73. No change.
10-06 16:55:46.053  1319  1674 D ConnectivityService: Network NetworkAgentInfo [WIFI () - 502] was already satisfying request 1850. No change.
10-06 16:55:46.053  9867  9884 I Finsky:download_service: [2712] ive.a(1): Trying to resume downloads.
10-06 16:55:46.053  1319  1674 D ConnectivityService: sending notification CALLBACK_AVAILABLE for NetworkRequest [ TRACK_DEFAULT id=1855, [ Capabilities: INTERNET&NOT_RESTRICTED&TRUSTED Unwanted:  Uid: 10067] ]
10-06 16:55:46.053  1319  1659 D WIFI_UT : got request NetworkRequest [ TRACK_DEFAULT id=1855, [ Capabilities: INTERNET&NOT_RESTRICTED&TRUSTED Unwanted:  Uid: 10067] ] with score 60
10-06 16:55:46.054  1319  1659 D WIFI_UT :   my score=2147483647, my filter=[ Transports: WIFI Capabilities: NOT_METERED&INTERNET&NOT_RESTRICTED&TRUSTED&NOT_VPN&NOT_ROAMING&NOT_CONGESTED Unwanted:  LinkUpBandwidth>=1048576Kbps LinkDnBandwidth>=1048576Kbps]
10-06 16:55:46.054  1319  1659 D WIFI_UT : evalRequest
10-06 16:55:46.054  1319  1659 D WIFI_UT :   needNetworkFor
10-06 16:55:46.054  1319  1659 D WIFI    : got request NetworkRequest [ TRACK_DEFAULT id=1855, [ Capabilities: INTERNET&NOT_RESTRICTED&TRUSTED Unwanted:  Uid: 10067] ] with score 60
10-06 16:55:46.054  1319  1659 D WIFI    :   my score=60, my filter=[ Transports: WIFI Capabilities: NOT_METERED&INTERNET&NOT_RESTRICTED&TRUSTED&NOT_VPN&NOT_ROAMING&NOT_CONGESTED Unwanted:  LinkUpBandwidth>=1048576Kbps LinkDnBandwidth>=1048576Kbps]
10-06 16:55:46.054  1319  1659 D WIFI    : evalRequest
10-06 16:55:46.054  1319  1659 D WIFI    :   needNetworkFor
10-06 16:55:46.054  1319  1674 D ConnectivityService: rematching NetworkAgentInfo [MOBILE (LTE) - 662]
10-06 16:55:46.054  1319  1674 D ConnectivityService:  network has: [ Transports: CELLULAR Capabilities: IMS&NOT_METERED&TRUSTED&NOT_VPN&VALIDATED&NOT_ROAMING&FOREGROUND&NOT_CONGESTED&NOT_SUSPENDED Unwanted:  LinkDnBandwidth>=11529Kbps Specifier: <2>]
10-06 16:55:46.054  1319  1664 D WIFI_P2P: got request NetworkRequest [ TRACK_DEFAULT id=1855, [ Capabilities: INTERNET&NOT_RESTRICTED&TRUSTED Unwanted:  Uid: 10067] ] with score 60
10-06 16:55:46.054  1319  1664 D WIFI_P2P:   my score=60, my filter=[ Transports: WIFI Capabilities: WIFI_P2P&NOT_RESTRICTED&TRUSTED&NOT_VPN Unwanted:  LinkUpBandwidth>=1048576Kbps LinkDnBandwidth>=1048576Kbps]
10-06 16:55:46.054  1319  1664 D WIFI_P2P: evalRequest
10-06 16:55:46.054  1319  1664 D WIFI_P2P:   done
10-06 16:55:46.055  9474  9866 I Finsky  : [2760] ahwi.a(6): linkToDeath
10-06 16:55:46.057  1319  1674 D ConnectivityService:   checking if request is : NetworkRequest [ TRACK_DEFAULT id=1128, [ Capabilities: INTERNET&NOT_RESTRICTED&TRUSTED Unwanted:  Uid: 10044] ], satisfies : false
10-06 16:55:46.057  1319  1674 D ConnectivityService:   checking if request is : NetworkRequest [ TRACK_DEFAULT id=1766, [ Capabilities: INTERNET&NOT_RESTRICTED&TRUSTED Unwanted:  Uid: 10181] ], satisfies : false
10-06 16:55:46.057  1319  1674 D ConnectivityService:   checking if request is : NetworkRequest [ TRACK_DEFAULT id=1855, [ Capabilities: INTERNET&NOT_RESTRICTED&TRUSTED Unwanted:  Uid: 10067] ], satisfies : false
10-06 16:55:46.057  1319  1674 D ConnectivityService:   checking if request is : NetworkRequest [ TRACK_DEFAULT id=1765, [ Capabilities: INTERNET&NOT_RESTRICTED&TRUSTED Unwanted:  Uid: 1000] ], satisfies : false
10-06 16:55:46.057  1319  1674 D ConnectivityService:   checking if request is : NetworkRequest [ TRACK_DEFAULT id=1809, [ Capabilities: INTERNET&NOT_RESTRICTED&TRUSTED Unwanted:  Uid: 10193] ], satisfies : false
10-06 16:55:46.057  1319  1674 D ConnectivityService:   checking if request is : NetworkRequest [ REQUEST id=1, [ Capabilities: INTERNET&NOT_RESTRICTED&TRUSTED&NOT_VPN Unwanted: ] ], satisfies : false
10-06 16:55:46.057  1319  1674 D ConnectivityService:   checking if request is : NetworkRequest [ TRACK_DEFAULT id=12, [ Capabilities: INTERNET&NOT_RESTRICTED&TRUSTED Unwanted:  Uid: 10010] ], satisfies : false
10-06 16:55:46.057  1319  1674 D ConnectivityService:   checking if request is : NetworkRequest [ TRACK_DEFAULT id=1852, [ Capabilities: INTERNET&NOT_RESTRICTED&TRUSTED Unwanted:  Uid: 10115] ], satisfies : false
10-06 16:55:46.057  1319  1674 D ConnectivityService:   checking if request is : NetworkRequest [ TRACK_DEFAULT id=1126, [ Capabilities: INTERNET&NOT_RESTRICTED&TRUSTED Unwanted:  Uid: 10044] ], satisfies : false
10-06 16:55:46.057  1319  1674 D ConnectivityService: Network NetworkAgentInfo [MOBILE (LTE) - 662] was already satisfying request 1827. No change.
10-06 16:55:46.057  1319  1674 D ConnectivityService:   checking if request is : NetworkRequest [ TRACK_DEFAULT id=9, [ Capabilities: INTERNET&NOT_RESTRICTED&TRUSTED Unwanted:  Uid: 1000] ], satisfies : false
10-06 16:55:46.057  1319  1674 D ConnectivityService:   checking if request is : NetworkRequest [ TRACK_DEFAULT id=1811, [ Capabilities: INTERNET&NOT_RESTRICTED&TRUSTED Unwanted:  Uid: 10193] ], satisfies : false
10-06 16:55:46.057  1319  1674 D ConnectivityService:   checking if request is : NetworkRequest [ TRACK_DEFAULT id=73, [ Capabilities: INTERNET&NOT_RESTRICTED&TRUSTED Unwanted:  Uid: 10044] ], satisfies : false
10-06 16:55:46.057  1319  1674 D ConnectivityService:   checking if request is : NetworkRequest [ TRACK_DEFAULT id=1850, [ Capabilities: INTERNET&NOT_RESTRICTED&TRUSTED Unwanted:  Uid: 10067] ], satisfies : false
10-06 16:55:46.058  1319  3966 D ConnectivityService: filterNetworkStateForUid() uid: 10067, pid: 9867
10-06 16:55:46.058  1319  3966 D ConnectivityService: filterNetworkStateForUid() uid: 10067, pid: 9867, networkInfo: [type: WIFI[], state: CONNECTED/CONNECTED, reason: (unspecified), extra: (none), failover: false, available: true, roaming: false]
10-06 16:55:46.058  9867  9879 I Finsky:download_service: [2707] iwr.a(13): Starting getDownloads().
10-06 16:55:46.060  1319  2170 I ActivityManager: Killing 7223:com.samsung.android.app.appsedge/u0a11 (adj 906): empty #31
10-06 16:55:46.061  1319  1360 W libprocessgroup: kill(-7223, 9) failed: No such process
10-06 16:55:46.062  9867  9885 I Finsky:download_service: [2713] ivr.onAvailable(3): Network is available [NetworkState{connected=true, wifi=true, metered=false, roaming=false}].
10-06 16:55:46.071  1319  1360 W libprocessgroup: kill(-7223, 9) failed: No such process
10-06 16:55:46.105  1319  1360 I chatty  : uid=1000(system) ActivityManager identical 5 lines
10-06 16:55:46.110  1319  1360 W libprocessgroup: kill(-7223, 9) failed: No such process
10-06 16:55:46.111  1319  1360 I libprocessgroup: Successfully killed process cgroup uid 10011 pid 7223 in 49ms
10-06 16:55:46.112   694   694 I Zygote  : Process 7223 exited due to signal (9)
10-06 16:55:46.113  2189  3443 D ForegroundUtils: could not check pending caller
10-06 16:55:46.114  9474  9866 I Finsky  : [2760] ahwf.a(3): Unbind from service.
10-06 16:55:46.115  9474  9486 I Finsky  : [2691] jbr.d(6): onGetDownloads()
10-06 16:55:46.188  1319  1558 I SensorService: [FLICKERLIGHT] lux value : 77, code value : 255, als value : 2
10-06 16:55:46.330  9751  9767 I droid.app.note: Waiting for a blocking GC ProfileSaver
10-06 16:55:46.438   762   837 D SensorsBio: Als_common::readEvents, enabled : 0, data : 11.000000, 0.000000, 1.000000, 1.000000, 1.000000, 50000.000000, 64000.000000
10-06 16:55:46.691  1319  1558 I SensorService: [FLICKERLIGHT] lux value : 77, code value : 255, als value : 1
10-06 16:55:46.892   762   837 D SensorsBio: Als_common::readEvents, enabled : 0, data : 11.000000, 0.000000, 1.000000, 1.000000, 1.000000, 50000.000000, 64000.000000
10-06 16:55:46.914  2940  2940 D io_stats: !@   8,0 r 4966799 181706592 w 2653060 60232640 d 266062 121190016 f 706106 962781 iot 3900720 2999807 th 102400 0 0 pt 0 inp 0 0 315769.203
10-06 16:55:46.969  1319  1319 D PkgPredictorService-PreloadController: Pkg: com.facebook.katana already preloaded
10-06 16:55:46.994  1319  1658 D WifiPermissionsUtil: canAccessScanResults: pkgName = android, uid = 1000
10-06 16:55:47.049  1036  1700 D bauth_FPBAuthService: pcf : 0x1012, 0 ,2 ,0 ,0 ,0 ,2, 2.0.4.1
10-06 16:55:47.050  1036  1700 D bauth_FPBAuthService: thread id : 2, preenroll_flag : 0, nd cnt : 1, cso : 2, et : 0
10-06 16:55:47.050  1036  1700 D bauth_FPBAuthService: FPBAuthService, 9962
10-06 16:55:47.194  1319  1558 I SensorService: [FLICKERLIGHT] lux value : 77, code value : 255, als value : 1
10-06 16:55:47.296   762   837 D SensorsBio: Als_common::readEvents, enabled : 0, data : -1.000000, 0.000000, 1.000000, 1.000000, 1.000000, 50000.000000, 64000.000000
10-06 16:55:47.301   693   705 D Netd    : notify() code: 614, msg: Address updated 2601:281:c901:8d71:6b92:b96d:e5ab:3dab/64 wlan0 0 0
10-06 16:55:47.301   693   705 D Netd    : notify() code: 614, msg: Address updated 2601:281:c901:8d71:945:bc3b:9c5d:f7bc/64 wlan0 1 0
10-06 16:55:47.301   693   705 D Netd    : notify() code: 615, msg: DnsInfo servers wlan0 86400 2001:558:feed::1,2001:558:feed::2
10-06 16:55:47.305  2034  2058 D EPDG -- [NETMGMT]: Interface wlan0 address updated
10-06 16:55:47.306  2034  2421 D EPDG -- SIM0 [EpdgSubScription]: EpdgAddressUpdated: address: 2601:281:c901:8d71:6b92:b96d:e5ab:3dab iface: wlan0mFqdnRetryCount : 0
10-06 16:55:47.307  2034  2058 D EPDG -- [NETMGMT]: Interface wlan0 address updated
10-06 16:55:47.307  2034  2421 D EPDG -- SIM0 [EpdgSubScription]: EpdgAddressUpdated: address: 2601:281:c901:8d71:945:bc3b:9c5d:f7bc iface: wlan0mFqdnRetryCount : 0
10-06 16:55:47.310   767   767 D WifiHAL : Setting APF program, halHandle = 0x7b3562d6a0
10-06 16:55:47.310   767   767 I WifiHAL : 
10-06 16:55:47.310   767   767 I WifiHAL : createRequest: APF set program request
10-06 16:55:47.325   767   767 I WifiHAL : Done!
10-06 16:55:47.676  8882  8882 E adbd    : failed to connect to socket 'tcp:6666': Connection refused
10-06 16:55:47.696  1319  1558 I SensorService: [FLICKERLIGHT] lux value : 76, code value : 255, als value : 1
10-06 16:55:47.746   762   837 D SensorsBio: Als_common::readEvents, enabled : 0, data : 11.000000, 0.000000, 1.000000, 1.000000, 1.000000, 50000.000000, 64000.000000
10-06 16:55:47.964  1319  6686 D GameManagerService: identifyGamePackage. com.YourCompany.CSC567Final
10-06 16:55:47.965  1319  6686 D GamePkgDataHelper: getGamePkgData(). com.YourCompany.CSC567Final
10-06 16:55:47.970  1319  1319 D PkgPredictorService-PreloadController: Preloaded pkgs num enough!
10-06 16:55:47.999  1319  1658 D WifiTrafficPoller: TrafficStats TxPkts=1340649 RxPkts=3900538 TxBytes=269760024 RxBytes=4878045648 , Foreground uid=10271 pkgName=com.YourCompany.CSC567Final TxPackets=-1 RxPackets=-1 TxBytes=-1 RxBytes=-1
10-06 16:55:48.003  1319  4010 D WifiPermissionsUtil: canAccessScanResults: pkgName = com.sec.android.sdhms, uid = 1000
10-06 16:55:48.003  1319  1658 D WifiPermissionsUtil: canAccessScanResults: pkgName = android, uid = 1000
10-06 16:55:48.050  1036  1700 D bauth_FPBAuthService: pcf : 0x1012, 0 ,2 ,0 ,0 ,0 ,2, 2.0.4.1
10-06 16:55:48.050  1036  1700 D bauth_FPBAuthService: thread id : 2, preenroll_flag : 0, nd cnt : 1, cso : 2, et : 0
10-06 16:55:48.050  1036  1700 D bauth_FPBAuthService: FPBAuthService, 9962
10-06 16:55:48.195   762   837 D SensorsBio: Als_common::readEvents, enabled : 0, data : -1.000000, 0.000000, 1.000000, 1.000000, 1.000000, 50000.000000, 64000.000000
10-06 16:55:48.196  1319  1558 I SensorService: [FLICKERLIGHT] lux value : 76, code value : 255, als value : 1
10-06 16:55:48.269  1319  1659 D WifiStateMachine: enter getWifiLinkLayerStats
10-06 16:55:48.269  1319  1659 I WifiVendorHal: getWifiLinkLayerStats(l.2972) before calling iface.getLinkLayerStats
10-06 16:55:48.310  1319  1659 I WifiVendorHal: getWifiLinkLayerStats(l.2972) after calling iface.getLinkLayerStats
10-06 16:55:48.393  1319  1659 I WifiStateMachine: checkScoreBasedQuality -  mPreviousScore[0]:74 mPreviousScore[1]:74 mPreviousScore[2]:75 s2Score:75mPrevoiusScoreAverage:74
10-06 16:55:48.602   762   837 D SensorsBio: Als_common::readEvents, enabled : 0, data : 11.000000, 0.000000, 1.000000, 1.000000, 1.000000, 50000.000000, 64000.000000
10-06 16:55:48.679  1319  1852 D WifiPermissionsUtil: canAccessScanResults: pkgName = android, uid = 1000
