01-15 16:48:00.814  1389  3694 D BatteryService: online:4, current avg:86, charge type:1, power sharing:false, high voltage charger:false, capacity:280000, batterySWSelfDischarging:false, current_now:88

01-15 16:48:00.814  1389  3694 D BatteryService: stay LED for fully charged

01-15 16:48:00.814  1389  1389 D BatteryService: Sending ACTION_BATTERY_CHANGED.

01-15 16:48:00.814  1389  1389 I MotionRecognitionService: Plugged

01-15 16:48:00.814  1389  1389 D MotionRecognitionService:   cableConnection= 1

01-15 16:48:00.814  1389  1389 D MotionRecognitionService: setPowerConnected | current backoffstate  = 1024 , state =1024

01-15 16:48:00.814  1389  1389 D MotionRecognitionService: skip setTransmitPower. 

01-15 16:48:00.824  2701  2701 D KeyguardUpdateMonitor: handleBatteryUpdate

01-15 16:48:00.824  3344  3344 D BatteryMonitor: new battery level: 100

01-15 16:48:00.824  2701  2701 D SecKeyguardStatusUtils: regionalDateFormat = h:mm a isRTLlanguage = false returnDateFormat = E, d MMMM

01-15 16:48:00.824  3232  3232 D PhoneApp: PhoneAppBroadcastReceiver onReceive android.intent.action.BATTERY_CHANGED

01-15 16:48:00.824  2701  2701 D BatteryMeterView: ACTION_BATTERY_CHANGED : level:100 status:5 health:2

01-15 16:48:00.824  2701  2701 D BatteryMeterView: ACTION_BATTERY_CHANGED : level:100 status:5 health:2

01-15 16:48:00.824  2701  2701 D BatteryMeterView: ACTION_BATTERY_CHANGED : level:100 status:5 health:2

01-15 16:48:00.884  3232  3232 D TelephonyExtension: Not stopping low battery tone

01-15 16:48:00.884  1389  2357 V AlarmManager:  remove PendingIntent] PendingIntent{15adc96: PendingIntentRecord{88d5f29 com.android.phone broadcastIntent}}

01-15 16:48:01.274  2701  2701 D StatusBar.NetworkController: onSignalStrengthsChanged signalStrength=SignalStrength: 99 99 -120 -160 -87 -25 6 99 2147483647 2147483647 2147483647 -1 2147483647 0x300 cdma level=3

01-15 16:48:01.274  2701  2701 D StatusBar.NetworkController: updateTelephonySignalStrength: hasService=true ss=SignalStrength: 99 99 -120 -160 -87 -25 6 99 2147483647 2147483647 2147483647 -1 2147483647 0x300 cdma

01-15 16:48:01.274  2701  2701 D StatusBar.NetworkController: updateTelephonySignalStrength: iconLevel=3

01-15 16:48:01.274  2701  2701 D StatusBar.NetworkController: updateTelephonySignalStrength, No signal level. mPhoneSignalIconId = com.android.systemui:drawable/tw_stat_sys_5_level_signal_3_auto_rotate mDataSignalIconId = com.android.systemui:drawable/tw_stat_sys_5_level_signal_3_auto_rotate mQSPhoneSignalIconId = com.android.systemui:drawable/ic_qs_signal_3 mContentDescriptionPhoneSignal = Three bars of phone signal

01-15 16:48:01.294  2701  2701 D StatusBar.NetworkController: onSignalStrengthsChanged signalStrength=SignalStrength: 99 99 -120 -160 -87 -25 6 99 2147483647 2147483647 2147483647 -1 2147483647 0x300 cdma level=3

01-15 16:48:01.294  2701  2701 D StatusBar.NetworkController: updateTelephonySignalStrength: hasService=true ss=SignalStrength: 99 99 -120 -160 -87 -25 6 99 2147483647 2147483647 2147483647 -1 2147483647 0x300 cdma

01-15 16:48:01.294  2701  2701 D StatusBar.NetworkController: updateTelephonySignalStrength: iconLevel=3

01-15 16:48:01.294  2701  2701 D StatusBar.NetworkController: updateTelephonySignalStrength, No signal level. mPhoneSignalIconId = com.android.systemui:drawable/tw_stat_sys_5_level_signal_3_auto_rotate mDataSignalIconId = com.android.systemui:drawable/tw_stat_sys_5_level_signal_3_auto_rotate mQSPhoneSignalIconId = com.android.systemui:drawable/ic_qs_signal_3 mContentDescriptionPhoneSignal = Three bars of phone signal

01-15 16:48:01.324  1389  4809 D EPDG -- [MODEM]: message length is  9

01-15 16:48:01.324  1389  4809 D EPDG -- [MODEM]: countRead is 7 offset is 7remaining is 0

01-15 16:48:01.324  1389  4809 D EPDG -- EpdgIpcMessageFactory: ipcMainCmd: 8

01-15 16:48:01.324  1389  4809 D EPDG -- [UTILS]: isUSerBinary: true

01-15 16:48:01.334  1389  4809 D EPDG -- [RILRECEIVER]: [Rx]: Main: IPC_NET_CMD Sub: IPC_NET_REGIST

01-15 16:48:01.334  1389  4809 D EPDG -- [RILRECEIVER]: [Rx]: Param: FF 03 

01-15 16:48:01.334  1389  4809 I EPDG -- [RILRECEIVER]: RX [NET_REGIST] -- RESPONSE -- EPDG NOT AVAILABLE

01-15 16:48:01.334  1389  4809 D EPDG -- [NETIPCMESSAGE]: encodeNetRegist

01-15 16:48:01.334  1389  4809 D EPDG -- [UTILS]: isUSerBinary: true

01-15 16:48:01.334  1389  4809 D EPDG -- [IPCDISPATCHER]: [Tx]: Main: IPC_NET_CMD Sub: IPC_NET_REGIST Cmd Type: IPC_CMD_RESP

01-15 16:48:01.334  1389  4809 D EPDG -- [IPCDISPATCHER]: [Tx]: Param: 30 03 01 00 00 00 00 00 00 00 00 00 00 

01-15 16:48:01.334  1389  4809 D EPDG -- [MODEM]: EpdgModem instance already exists !

01-15 16:48:01.334  1389  4807 D EPDG -- [MODEM]: Successfully written to RIL

01-15 16:48:01.334  1389  2637 D EPDG -- [EPDGService]: Event received: RIL_EPDG_STATUS_QUERY

01-15 16:48:01.334  1389  2637 D EPDG -- [EPDGService]: handleMessage: cid - 1

01-15 16:48:01.374  3232  3232 D MccTable: updateMccMncConfiguration mccmnc='00000' fromServiceState=true

01-15 16:48:01.384  3232  3232 D MccTable: updateMccMncConfiguration defaultMccMnc=311480

01-15 16:48:01.384  3232  3232 D MccTable: updateMccMncConfiguration: mcc=0, mnc=0

01-15 16:48:01.384  3232  3232 D MccTable: WIFI_COUNTRY_CODE set to 

01-15 16:48:01.384  1389  3406 I WifiService: WifiService trying to set country code to  with persist set to true

01-15 16:48:01.394  3232  3232 W Settings: Setting airplane_mode_on has moved from android.provider.Settings.System to android.provider.Settings.Global, returning read-only value.

01-15 16:48:01.394  2701  2701 D StatusBar.NetworkController: Invisible Data Activity Icon

01-15 16:48:01.404  2701  2701 D StatusBar.NetworkController: refreshViews connected={ data } level=3 combinedSignalIconId=0x7f02085f/com.android.systemui:drawable/tw_stat_sys_5_level_signal_3_auto_rotate mobileLabel=Verizon Wireless wifiLabel= emergencyOnly=false combinedLabel=Verizon Wireless mAirplaneMode=false mDataActivity=0 mPhoneSignalIconId=0x7f02085f/com.android.systemui:drawable/tw_stat_sys_5_level_signal_3_auto_rotate mQSPhoneSignalIconId=0x7f0201b9/com.android.systemui:drawable/ic_qs_signal_3 mDataDirectionIconId=0x0/(null) mDataSignalIconId=0x7f02085f/com.android.systemui:drawable/tw_stat_sys_5_level_signal_3_auto_rotate mDataTypeIconId=0x7f0204d5/com.android.systemui:drawable/stat_sys_data_connected_disabled_3g mQSDataTypeIconId=0x0/(null) mNoSimIconId=0x0/(null) mWifiIconId=0x7f020709/com.android.systemui:drawable/stat_sys_wifi_signal_0 mQSWifiIconId=0x7f0201d9/com.android.systemui:drawable/ic_qs_wifi_no_network mWifiActivityIconId=0x0/(null) mBluetoothTetherIconId=0x7f0206ec/com.android.systemui:drawable/stat_sys_tether_bluetooth

01-15 16:48:01.404  2701  2701 D StatusBar.NetworkController: refreshNwBoosterIndicator - setNWBoosterIndicators(false)

01-15 16:48:01.404  2701  2701 D StatusBar.NetworkController: applyVZW

01-15 16:48:01.404  2701  2701 D StatusBar.NetworkController: applyVZW : mDataTypeDisabledIconIdcom.android.systemui:drawable/stat_sys_data_connected_disabled_3g

01-15 16:48:01.404  2701  2701 D StatusBar.NetworkController: refreshNwBoosterIndicator - setNWBoosterIndicators(false)

01-15 16:48:01.404  2701  2701 D StatusBar.NetworkController: applyVZW

01-15 16:48:01.414  2701  2701 D StatusBar.NetworkController: applyVZW : mDataTypeDisabledIconIdcom.android.systemui:drawable/stat_sys_data_connected_disabled_3g

01-15 16:48:01.414  2701  2701 D StatusBar.NetworkController: refreshNwBoosterIndicator - setNWBoosterIndicators(false)

01-15 16:48:01.414  2701  2701 D StatusBar.NetworkController: applyVZW

01-15 16:48:01.424  2701  2701 D StatusBar.NetworkController: applyVZW : mDataTypeDisabledIconIdcom.android.systemui:drawable/stat_sys_data_connected_disabled_3g

01-15 16:48:01.424  2701  2701 D StatusBar.NetworkController: refreshNwBoosterIndicator - setNWBoosterIndicators(false)

01-15 16:48:01.424  2701  2701 D StatusBar.NetworkController: applyVZW

01-15 16:48:01.424  3232  3232 E TelephonyProvider: URL not supplied. No update will happen

01-15 16:48:01.424  3232  3232 D TelephonyProvider: APN updated !! match = 7

01-15 16:48:01.434  3232  3232 D TelephonyProvider: query: url=content://telephony/siminfo, projectionIn=null, selection=sim_id>=0selectionArgs=null, sort=null

01-15 16:48:01.434  2701  2701 D StatusBar.NetworkController: applyVZW : mDataTypeDisabledIconIdcom.android.systemui:drawable/stat_sys_data_connected_disabled_3g

01-15 16:48:01.434  3232  3232 D TelephonyProvider: query: match = 7

01-15 16:48:01.434  2701  2701 D KeyguardUpdateMonitor: received broadcast android.provider.Telephony.SPN_STRINGS_UPDATED

01-15 16:48:01.434  2701  2701 I PERF    : received broadcast android.provider.Telephony.SPN_STRINGS_UPDATED

01-15 16:48:01.444  2701  2701 I KeyguardUpdateMonitor: Received SPN update on phoneId :0 , mTelephonyPlmn[0]Searching for Service , mTelephonySpn[0]null

01-15 16:48:01.444  2701  2701 D CarrierLabel: updateNetworkName showSpn=false spn= showPlmn=true plmn=Searching for Service

01-15 16:48:01.444  2701  2701 D KeyguardUpdateMonitor: handleCarrierInfoUpdate: plmn = Searching for Service, spn = null

01-15 16:48:01.444  1389  2745 D SecContentProvider2: query(), uri = 15 selection = getLockScreenHiddenItems

01-15 16:48:01.444  2701  2701 D CarrierText: updateCarrierText(): 1

01-15 16:48:01.444  2701  2701 D CarrierText: Getting plmn/spn sticky brdcst Searching for Service / 

01-15 16:48:01.444  2701  2701 D CarrierText: concatenate : plmn = Searching for Service

01-15 16:48:01.444  2701  2701 D CarrierText: Handling READY , carrierTextForSimState = Searching for Service

01-15 16:48:01.454  2701  2701 D CarrierText: concatenate : spn = Searching for Service

01-15 16:48:01.454  2701  2701 D CarrierText: Result :  displayText = Searching for Service , carrierTextForSimState = Searching for Service

01-15 16:48:01.454  2701  2701 D CarrierText: setText :  displayText = Searching for Service

01-15 16:48:01.464  3344  3344 D SimManagerFactory: onSubscriptionsChanged:

01-15 16:48:01.464  2701  2701 V KeyguardUpdateMonitor: onSubscriptionInfoChanged()

01-15 16:48:01.464  1389  1582 D GpsLocationProvider: received SIM related action: 

01-15 16:48:01.474  3344  3344 D SimManagerFactory: onSubscriptionsChanged: subInfo={id=1, iccId=891480000XXXXXXXXXXX simSlotIndex=0 displayName=CARD 1 carrierName=Searching for Service nameSource=0 iconTint=0 dataRoaming=0 iconBitmap=android.graphics.Bitmap@fc07f3f mcc 311 mnc 480 mStatus=1 mNwMode=-1}

01-15 16:48:01.474  3344  3344 D SimManagerFactory: update simManager

01-15 16:48:01.474  1389  1389 D WifiStateMachine: setFccChannel: channel = 0

01-15 16:48:01.474  3344  3344 D PdnController: onServiceStateChanged(1 0 voice home data home  Unknown EvDo-rev.A CSS not supported 0 0 RoamInd=1 DefRoamInd=1 VoiceRegType=0 ImsVoiceAvail=0 IsEbSupport=0 IsEaBarred=0 Snap=0 FemtocellInd=0 EmergOnly=false IsDataRoamingFromRegistration=false)

01-15 16:48:01.474  2701  2701 V KeyguardUpdateMonitor: SubInfo:{id=1, iccId=891480000XXXXXXXXXXX simSlotIndex=0 displayName=CARD 1 carrierName=Searching for Service nameSource=0 iconTint=0 dataRoaming=0 iconBitmap=android.graphics.Bitmap@caa54b5 mcc 311 mnc 480 mStatus=1 mNwMode=-1}

01-15 16:48:01.474  2701  2701 V KeyguardUpdateMonitor: getSubscriptionInfo  list is null - handleSimSubscription Fail !!!! 

01-15 16:48:01.474  3344  3344 D PdnController: notifySnapshotState: snapshotState=0 old=0

01-15 16:48:01.474  1389  1389 D WifiService: onServiceStateChanged : 1

01-15 16:48:01.474  1389  1389 D WifiService: [FCC]STATE_OUT_OF_SERVICE & Airplane off, setFccChannel(0)!!!

01-15 16:48:01.484  3344  3344 D VolteServiceModule: onServiceStateChanged(1 0 voice home data home  Unknown EvDo-rev.A CSS not supported 0 0 RoamInd=1 DefRoamInd=1 VoiceRegType=0 ImsVoiceAvail=0 IsEbSupport=0 IsEaBarred=0 Snap=0 FemtocellInd=0 EmergOnly=false IsDataRoamingFromRegistration=false)

01-15 16:48:01.484  1389  1389 W MediaFocusControl: ##################################################

01-15 16:48:01.484  1389  1389 W MediaFocusControl: ### RIL State is changed0 -> 1

01-15 16:48:01.484  1389  1389 W MediaFocusControl: ##################################################

01-15 16:48:01.484  1389  1389 D EPDG -- [EPDGService]: onServiceStateChanged state=1

01-15 16:48:01.484  1389  2637 D EPDG -- [EPDGService]: getIsSimCardRemoved: returning: false

01-15 16:48:01.484  1389  2637 D EPDG -- [EPDGService]: getIsSimCardRemoved: returning: false

01-15 16:48:01.484  1389  2637 D EPDG -- [EPDGService]: onNetworkStatusChanged

01-15 16:48:01.484  1389  2627 D WifiStateMachine: setFccChannelNative: channel = 0

01-15 16:48:01.484  1389  2627 D WifiNative-wlan0: callSECApiInt - ID [230]

01-15 16:48:01.484  1389  2636 D ConnectivityManager: getMobileDataEnabled()+ subId=1

01-15 16:48:01.494  3232  3243 D PhoneInterfaceManager: [PhoneIntfMgr] getDataEnabled: subId=1 phoneId=0

01-15 16:48:01.494  3232  3243 D PhoneInterfaceManager: [PhoneIntfMgr] getDataEnabled: subId=1 retVal=true

01-15 16:48:01.494  1389  1582 D GpsLocationProvider: SIM MCC/MNC is available: 311480

01-15 16:48:01.494  1389  1582 D GpsLocationProvider: Reset GPS properties, previous size = 20

01-15 16:48:01.494  1389  2636 D ConnectivityManager: getMobileDataEnabled()- subId=1 retVal=true

01-15 16:48:01.494  3344  3344 E OmcCode : OMC is empty

01-15 16:48:01.494  3344  3344 E OmcCode : salesCode is loaded :VZW

01-15 16:48:01.494  3344  3344 D Mno     : fromSim: operator=311480

01-15 16:48:01.494  1389  1582 D GpsLocationProvider: GpsParamsResource: SUPL_HOST=supl.google.com

01-15 16:48:01.494  1389  1582 D GpsLocationProvider: GpsParamsResource: SUPL_PORT=7275

01-15 16:48:01.494  2701  2701 D StatusBar.NetworkController: onServiceStateChanged voiceState=1 dataState=0

01-15 16:48:01.494  2701  2701 D StatusBar.NetworkController: onServiceStateChanged mDataNetType=6

01-15 16:48:01.494  3344  3344 D Mno     : getCountryCode: mcc=310

01-15 16:48:01.494  3344  3344 D Mno     : choose mno : 311, 480, Verizon Wirelss, us

01-15 16:48:01.494  2701  2701 D StatusBar.NetworkController: getDataServiceState: dataServiceState=0

01-15 16:48:01.504  2701  2701 D StatusBar.NetworkController: updateTelephonySignalStrength: hasService=false ss=SignalStrength: 99 99 -120 -160 -87 -25 6 99 2147483647 2147483647 2147483647 -1 2147483647 0x300 cdma

01-15 16:48:01.504  2701  2701 D StatusBar.NetworkController: updateTelephonySignalStrength: iconLevel=3

01-15 16:48:01.504  2701  2701 D StatusBar.NetworkController: updateTelephonySignalStrength, No signal level. mPhoneSignalIconId = com.android.systemui:drawable/tw_stat_sys_5_level_signal_3_auto_rotate mDataSignalIconId = com.android.systemui:drawable/tw_stat_sys_5_level_signal_3_auto_rotate mQSPhoneSignalIconId = com.android.systemui:drawable/ic_qs_signal_3 mContentDescriptionPhoneSignal = Three bars of phone signal

01-15 16:48:01.504  1389  1582 D GpsLocationProvider: GpsParamsResource: NTP_SERVER=north-america.pool.ntp.org

01-15 16:48:01.504  2701  2701 D StatusBar.NetworkController: getUpdateDataNetType(): 6

01-15 16:48:01.504  1389  1582 D GpsLocationProvider: GpsParamsResource: SUPL_VER=0x20000

01-15 16:48:01.504  1389  1582 D GpsLocationProvider: GpsParamsResource: SUPL_MODE=1

01-15 16:48:01.504  2701  2701 D StatusBar.NetworkController: PhoneState:0 voLTECall:false voiceNetTpe:0 dataNetType:6, ine911:false

01-15 16:48:01.504  2701  2701 D StatusBar.NetworkController: isCdma(), !isCdmaEri(), mRoamingIconId = 0

01-15 16:48:01.524  1389  1582 D GpsLocationProvider: GPS properties reloaded, size = 20

01-15 16:48:01.524  1389  2637 D EPDG -- [EPDGService]: Celluler is not available, disable Wifi thresholds if Idle

01-15 16:48:01.524  1389  2637 D EPDG -- [EPDGService]: setIsRssiDisabledForProfiling: value: true

01-15 16:48:01.524  2701  2701 D StatusBar.NetworkController: CDMA : disabled icon displayed

01-15 16:48:01.534  1389  2637 D EPDG -- [EPDGService]: Active Rat Changed from 6(CDMA - EvDo rev. A) to 6(CDMA - EvDo rev. A)

01-15 16:48:01.534  1389  2637 D EPDG -- [EPDGService]: startTimerForPdnXfer: Updating the alarm with delay:1000network: 6

01-15 16:48:01.534  1389  2637 V EPDG -- [EPDGService]: Request Network : 6requested : false

01-15 16:48:01.534  1389  2637 D EPDG -- [EPDGService]: mCellularAvailable = false

01-15 16:48:01.534  1389  2637 D EPDG -- [EPDGService]: checkVopsStatus: service state is: 1 0 voice home data home  Unknown EvDo-rev.A CSS not supported 0 0 RoamInd=1 DefRoamInd=1 VoiceRegType=0 ImsVoiceAvail=0 IsEbSupport=0 IsEaBarred=0 Snap=0 FemtocellInd=0 EmergOnly=false IsDataRoamingFromRegistration=false

01-15 16:48:01.534  1389  2637 D EPDG -- [EPDGService]: getIsVoPSEnabled: returning: false

01-15 16:48:01.534  2701  2701 D StatusBar.NetworkController: isCdmaLTE - mSimState:READY

01-15 16:48:01.534  2701  2701 D StatusBar.NetworkController: updateDataIcon, mDataDirectionIconId = (null) mDataConnected = true

01-15 16:48:01.544  2701  2701 D AirplaneModeTile: onServiceStateChanged(0) : 1

01-15 16:48:01.544  2701  2701 D AirplaneModeTile: mPhoneStateListener - inAirplaneMode : false

01-15 16:48:01.544  2701  2701 D AirplaneModeTile: Alert Dialog is not showing

01-15 16:48:01.544  2701  2701 D AirplaneModeTile:  value : false, DB : 0

01-15 16:48:01.544  2701  2701 D KeyguardUpdateMonitor: received broadcast android.intent.action.SERVICE_STATE

01-15 16:48:01.544  2701  2701 I PERF    : received broadcast android.intent.action.SERVICE_STATE

01-15 16:48:01.544  2701  2701 V KeyguardUpdateMonitor: action android.intent.action.SERVICE_STATE serviceState=1 0 voice home data home  Unknown EvDo-rev.A CSS not supported 0 0 RoamInd=1 DefRoamInd=1 VoiceRegType=0 ImsVoiceAvail=0 IsEbSupport=0 IsEaBarred=0 Snap=0 FemtocellInd=0 EmergOnly=false IsDataRoamingFromRegistration=false subId=1

01-15 16:48:01.554  2701  2701 D KeyguardUpdateMonitor: handleServiceStateChange(subId=1, serviceState=1 0 voice home data home  Unknown EvDo-rev.A CSS not supported 0 0 RoamInd=1 DefRoamInd=1 VoiceRegType=0 ImsVoiceAvail=0 IsEbSupport=0 IsEaBarred=0 Snap=0 FemtocellInd=0 EmergOnly=false IsDataRoamingFromRegistration=false

01-15 16:48:01.554  1389  1606 V BroadcastQueue: [background] Process cur broadcast BroadcastRecord{4e9d017 u-1 android.intent.action.SERVICE_STATE qIdx=4}, state= (APP_RECEIVE) DELIVERED for app ProcessRecord{c23eda7 25781:com.sec.android.app.mt/1000}

01-15 16:48:01.564 25781 25781 D StatusChecker: onReceive : android.intent.action.SERVICE_STATE

01-15 16:48:01.564 25781 25781 D StatusChecker: onReceive : SIMChangeAlertOption disabled return

01-15 16:48:01.574  3344  3344 D PdnController: onCellLocationChanged:

01-15 16:48:01.574  3344  3344 D RegistrationManagerBase: onCellLocationChanged:

01-15 16:48:01.574  3344  3344 D VolteServiceModule: onCellLocationChanged:

01-15 16:48:01.574  3344  3437 D ResipRegistrationManager: handleMessage(): 24

01-15 16:48:01.574  3344  3437 D RegistrationManagerBase: handleMessage: what 24

01-15 16:48:01.584  3344  3437 D PaniGenerator: generate: network=6, fallbackPlmn=null

01-15 16:48:01.594  3344  3437 D PaniGenerator: Don't use getDataPlmn if not in CS:1x and PS:LTE

01-15 16:48:01.594  1389  3694 V BroadcastQueue: [background] Process cur broadcast BroadcastRecord{4e9d017 u-1 android.intent.action.SERVICE_STATE qIdx=4}, state= (APP_RECEIVE) DELIVERED for app ProcessRecord{2ff3c2e 20273:com.verizon.messaging.vzmsgs/u0a90}

01-15 16:48:01.604  3344  3437 E PaniGenerator: generate: invalid network operator 00000

01-15 16:48:01.614  3344  3437 E OmcCode : OMC is empty

01-15 16:48:01.614  3344  3437 E OmcCode : salesCode is loaded :VZW

01-15 16:48:01.614  3344  3437 D Mno     : fromSim: operator=311480

01-15 16:48:01.614  3344  3437 D Mno     : getCountryCode: mcc=310

01-15 16:48:01.614  3344  3437 D Mno     : choose mno : 311, 480, Verizon Wirelss, us

01-15 16:48:01.614  3344  3437 D RegistrationManagerBase: onNetworkEventChanged: event=NetworkEvent [network=6, voiceOverPs=UNKNOWN, outOfService=false, isDataRoaming=false, isVoiceRoaming=false, csOutOfService=true, isWifiConnected=false, isEpdgConnected=false] old=NetworkEvent [network=6, voiceOverPs=UNKNOWN, outOfService=false, isDataRoaming=false, isVoiceRoaming=false, csOutOfService=false, isWifiConnected=false, isEpdgConnected=false]

01-15 16:48:01.614  3344  3437 D ImModule: onNetworkChanged to NetworkEvent [network=6, voiceOverPs=UNKNOWN, outOfService=false, isDataRoaming=false, isVoiceRoaming=false, csOutOfService=true, isWifiConnected=false, isEpdgConnected=false]

01-15 16:48:01.614  3344  3437 D CapabilityDiscoveryModule: onNetworkChanged: NetworkEvent [network=6, voiceOverPs=UNKNOWN, outOfService=false, isDataRoaming=false, isVoiceRoaming=false, csOutOfService=true, isWifiConnected=false, isEpdgConnected=false]

01-15 16:48:01.614  3344  3437 D VolteServiceModule: onNetworkChanged: NetworkEvent [network=6, voiceOverPs=UNKNOWN, outOfService=false, isDataRoaming=false, isVoiceRoaming=false, csOutOfService=true, isWifiConnected=false, isEpdgConnected=false]

01-15 16:48:01.614  3344  3437 D RegistrationManagerBase: tryRegister:

01-15 16:48:01.614  3344  3547 D VolteServiceModule: tryDisconnect(100)

01-15 16:48:01.624  3344  3437 E OmcCode : OMC is empty

01-15 16:48:01.624  3344  3437 E OmcCode : salesCode is loaded :VZW

01-15 16:48:01.624  3344  3437 D Mno     : fromSim: operator=311480

01-15 16:48:01.624  3344  3437 D Mno     : getCountryCode: mcc=310

01-15 16:48:01.624  3344  3437 D Mno     : choose mno : 311, 480, Verizon Wirelss, us

01-15 16:48:01.634  3344  3437 D RegistrationManagerBase: tryRegister(task) id: 20, name: VZW VoLTE

01-15 16:48:01.634  3344  3437 D Mno     : fromSim: operator=311480

01-15 16:48:01.634  3344  3437 D Mno     : getCountryCode: mcc=310

01-15 16:48:01.634  3344  3437 D Mno     : choose mno : 311, 480, Verizon Wirelss, us

01-15 16:48:01.634  3344  3437 D RegistrationManagerBase: findBestNetwork: check availability CDMA - EvDo rev. A

01-15 16:48:01.634  3344  3437 D RegistrationManagerBase: findBestNetwork: No network satisfying condition.

01-15 16:48:01.634  3344  3437 D RegistrationGovernorVzw: isReadyToRegister(), mHasPendingOmadmUpdate : false

01-15 16:48:01.634  3344  3437 D RegistrationManagerBase: task VZW VoLTE isWaitAutoconfig: false

01-15 16:48:01.634  3344  3437 D RegistrationGovernorVzw: checkProfileUpdateFromDM()

01-15 16:48:01.634  2701  2701 D StatusBar.NetworkController: Invisible Data Activity Icon

01-15 16:48:01.634  2701  2701 D StatusBar.NetworkController: refreshViews connected={ data } level=3 combinedSignalIconId=0x7f02085f/com.android.systemui:drawable/tw_stat_sys_5_level_signal_3_auto_rotate mobileLabel=Searching for Service wifiLabel= emergencyOnly=false combinedLabel=Searching for Service mAirplaneMode=false mDataActivity=0 mPhoneSignalIconId=0x7f02085f/com.android.systemui:drawable/tw_stat_sys_5_level_signal_3_auto_rotate mQSPhoneSignalIconId=0x7f0201b9/com.android.systemui:drawable/ic_qs_signal_3 mDataDirectionIconId=0x0/(null) mDataSignalIconId=0x7f02085f/com.android.systemui:drawable/tw_stat_sys_5_level_signal_3_auto_rotate mDataTypeIconId=0x7f0204d5/com.android.systemui:drawable/stat_sys_data_connected_disabled_3g mQSDataTypeIconId=0x0/(null) mNoSimIconId=0x0/(null) mWifiIconId=0x7f020709/com.android.systemui:drawable/stat_sys_wifi_signal_0 mQSWifiIconId=0x7f0201d9/com.android.systemui:drawable/ic_qs_wifi_no_network mWifiActivityIconId=0x0/(null) mBluetoothTetherIconId=0x7f0206ec/com.android.systemui:drawable/stat_sys_tether_bluetooth

01-15 16:48:01.644  2701  2701 D StatusBar.NetworkController: refreshNwBoosterIndicator - setNWBoosterIndicators(false)

01-15 16:48:01.644  2701  2701 D StatusBar.NetworkController: applyVZW

01-15 16:48:01.644  2701  2701 D StatusBar.NetworkController: applyVZW : mDataTypeDisabledIconIdcom.android.systemui:drawable/stat_sys_data_connected_disabled_3g

01-15 16:48:01.644  2701  2701 D StatusBar.NetworkController: refreshNwBoosterIndicator - setNWBoosterIndicators(false)

01-15 16:48:01.644  2701  2701 D StatusBar.NetworkController: applyVZW

01-15 16:48:01.654  3344  3437 D RCS_CONFIG: DmConfigProvider.query,155:query uri:xxxxx

01-15 16:48:01.654  2701  2701 D StatusBar.NetworkController: applyVZW : mDataTypeDisabledIconIdcom.android.systemui:drawable/stat_sys_data_connected_disabled_3g

01-15 16:48:01.654  2701  2701 D StatusBar.NetworkController: refreshNwBoosterIndicator - setNWBoosterIndicators(false)

01-15 16:48:01.654  2701  2701 D StatusBar.NetworkController: applyVZW

01-15 16:48:01.664  2701  2701 D StatusBar.NetworkController: applyVZW : mDataTypeDisabledIconIdcom.android.systemui:drawable/stat_sys_data_connected_disabled_3g

01-15 16:48:01.664  2701  2701 D StatusBar.NetworkController: refreshNwBoosterIndicator - setNWBoosterIndicators(false)

01-15 16:48:01.664  2701  2701 D StatusBar.NetworkController: applyVZW

01-15 16:48:01.664  3232  3232 W Telephony: : onSubscriptionsChanged

01-15 16:48:01.664  3232  3232 I Telephony: PstnIncomingCallNotifier: Unregistering: Handler (com.android.internal.telephony.cdma.CDMALTEPhone) {aa00816}

01-15 16:48:01.664  3344  3437 D RCS_CONFIG: StorageAdapter$SQLiteAdapter.read,354:path:omadm/*

01-15 16:48:01.664  3344  3437 D ImsSettingsProvider: query Uri: content://com.sec.ims.settings/nvstorage/omadm/

01-15 16:48:01.664  3344  3437 D ImsSettingsProvider: match 15

01-15 16:48:01.664  3344  3437 V ImsSettingsProvider: query Uri[content://com.sec.ims.settings/nvstorage/omadm/], selection [null]

01-15 16:48:01.664  3344  3437 D NvStorage: query: omadm,null

01-15 16:48:01.664  2701  2701 D StatusBar.NetworkController: applyVZW : mDataTypeDisabledIconIdcom.android.systemui:drawable/stat_sys_data_connected_disabled_3g

01-15 16:48:01.674  3232  3232 D Telephony: PstnCallNotifier: Unregistering: Handler (com.android.internal.telephony.cdma.CDMALTEPhone) {aa00816}

01-15 16:48:01.674  3232  3232 D Telephony: PstnPhoneCapabilitiesNotifier: Unregistering: Handler (com.android.internal.telephony.cdma.CDMALTEPhone) {aa00816}

01-15 16:48:01.674  3232  3232 D Telephony: TelecomAccountRegistry: Found 1 phones.  Attempting to register.

01-15 16:48:01.674  3232  3232 D Telephony: TelecomAccountRegistry: Phone with subscription id 1

01-15 16:48:01.674  3232  3232 W Telephony: TelecomAccountRegistry: adding account for single sim devices

01-15 16:48:01.674  3232  3232 W Telephony: AccountEntry: isEmergency: false, isDummy: false

01-15 16:48:01.674  3344  3437 D RCS_CONFIG: StorageAdapter$SQLiteAdapter.read,360:omadm/./3GPP_IMS/AVAIL_CACHE_EXP:60

01-15 16:48:01.684  3344  3437 D RCS_CONFIG: StorageAdapter$SQLiteAdapter.read,360:omadm/./3GPP_IMS/timer_vzw:6

01-15 16:48:01.684  3344  3437 D RCS_CONFIG: StorageAdapter$SQLiteAdapter.read,360:omadm/./3GPP_IMS/CAP_CACHE_EXP:7776000

01-15 16:48:01.694  3232  3232 W Telephony: AccountEntry: label when PhoneAccount is single: Searching for Service

01-15 16:48:01.694  3232  3232 D Telephony: AccountEntry: updateVideoPauseSupport -- mcc/mnc for sub: {id=1, iccId=891480000XXXXXXXXXXX simSlotIndex=0 displayName=CARD 1 carrierName=Searching for Service nameSource=0 iconTint=0 dataRoaming=0 iconBitmap=android.graphics.Bitmap@43a8b6e mcc 311 mnc 480 mStatus=1 mNwMode=-1}

01-15 16:48:01.694  3344  3437 D RCS_CONFIG: StorageAdapter$SQLiteAdapter.read,360:omadm/./3GPP_IMS/Timer_T2:16000

01-15 16:48:01.704  3344  3437 D RCS_CONFIG: StorageAdapter$SQLiteAdapter.read,360:omadm/./3GPP_IMS/tvolte_hys_timer:60

01-15 16:48:01.704  3344  3437 D RCS_CONFIG: StorageAdapter$SQLiteAdapter.read,360:omadm/./3GPP_IMS/nv_init_done:1

01-15 16:48:01.704  1389  1408 I Telecom : PhoneAccountRegistrar: [ComponentInfo{com.android.phone/com.android.services.telephony.TelephonyConnectionService}, [406b9cce917dceae5a392405bf42879017fb8c6e], UserHandle{0}(icon: Icon(typ=BITMAP size=96x96) -> Icon(typ=BITMAP size=96x96))(lbl: Searching for Service -> Verizon Wireless)(desc: Searching for Service -> Verizon Wireless)]

01-15 16:48:01.714  3344  3437 D RCS_CONFIG: StorageAdapter$SQLiteAdapter.read,360:omadm/./3GPP_IMS/SIP_SESSION_TIMER:300

01-15 16:48:01.714  3344  3437 D RCS_CONFIG: StorageAdapter$SQLiteAdapter.read,360:omadm/./3GPP_IMS/t_delay:5

01-15 16:48:01.724  3344  3437 D RCS_CONFIG: StorageAdapter$SQLiteAdapter.read,360:omadm/./3GPP_IMS/EPDG_THLTE1:-117

01-15 16:48:01.724  3344  3437 D RCS_CONFIG: StorageAdapter$SQLiteAdapter.read,360:omadm/./3GPP_IMS/GZIP_FLAG:1

01-15 16:48:01.734  3232  3232 I Telephony: AccountEntry: Registered phoneAccount: [[ ] PhoneAccount: ComponentInfo{com.android.phone/com.android.services.telephony.TelephonyConnectionService}, [406b9cce917dceae5a392405bf42879017fb8c6e], UserHandle{0} Capabilities: 54 Schemes: tel voicemail ] with handle: ComponentInfo{com.android.phone/com.android.services.telephony.TelephonyConnectionService}, [406b9cce917dceae5a392405bf42879017fb8c6e], UserHandle{0}

01-15 16:48:01.734  3232  3232 I Telephony: PstnIncomingCallNotifier: Registering: Handler (com.android.internal.telephony.cdma.CDMALTEPhone) {aa00816}

01-15 16:48:01.734  1389  1408 I Telecom : : Sending phone-account intent as user

01-15 16:48:01.744  3344  3437 D RCS_CONFIG: StorageAdapter$SQLiteAdapter.read,360:omadm/./3GPP_IMS/MIN_SE:300

01-15 16:48:01.744  3344  3437 D RCS_CONFIG: StorageAdapter$SQLiteAdapter.read,360:omadm/./3GPP_IMS/VWF_ENABLED:1

01-15 16:48:01.744  3344  3437 D RCS_CONFIG: StorageAdapter$SQLiteAdapter.read,360:omadm/./3GPP_IMS/T_LTE_911_FAIL:20

01-15 16:48:01.744  3344  3437 D RCS_CONFIG: StorageAdapter$SQLiteAdapter.read,360:omadm/./3GPP_IMS/PUBLISH_TIMER:1200

01-15 16:48:01.754  3344  3437 D RCS_CONFIG: StorageAdapter$SQLiteAdapter.read,360:omadm/./3GPP_IMS/EPDG_THLTE3:-110

01-15 16:48:01.754  3232  3232 D Telephony: PstnCallNotifier: Registering: Handler (com.android.internal.telephony.cdma.CDMALTEPhone) {aa00816}

01-15 16:48:01.754  3344  3437 D RCS_CONFIG: StorageAdapter$SQLiteAdapter.read,360:omadm/./3GPP_IMS/SUBSCRIBE_MAX_ENTRY:100

01-15 16:48:01.754  1389  1606 V BroadcastQueue: [background] Process cur broadcast BroadcastRecord{dbecc04 u-1 android.telecom.action.PHONE_ACCOUNT_REGISTERED qIdx=4}, state= (APP_RECEIVE) DELIVERED for app ProcessRecord{32b9a9d 3060:android.process.acore/u0a47}

01-15 16:48:01.764  3344  3437 D RCS_CONFIG: StorageAdapter$SQLiteAdapter.read,360:omadm/./3GPP_IMS/AMR_AUDIO_BITRATE_WB:2

01-15 16:48:01.764  3344  3437 D RCS_CONFIG: StorageAdapter$SQLiteAdapter.read,360:omadm/./3GPP_IMS/silent_redial:1

01-15 16:48:01.764  3344  3437 D RCS_CONFIG: StorageAdapter$SQLiteAdapter.read,360:omadm/./3GPP_IMS/SRC_THROTTLE_PUBLISH:60

01-15 16:48:01.764  3232  3232 D Telephony: PstnPhoneCapabilitiesNotifier: Registering: Handler (com.android.internal.telephony.cdma.CDMALTEPhone) {aa00816}

01-15 16:48:01.764  3344  3437 D RCS_CONFIG: StorageAdapter$SQLiteAdapter.read,360:omadm/./3GPP_IMS/EAB_SETTING:1

01-15 16:48:01.774  3344  3437 D RCS_CONFIG: StorageAdapter$SQLiteAdapter.read,360:omadm/./3GPP_IMS/POLL_LIST_SUB_EXP:30

01-15 16:48:01.774  3344  3437 D RCS_CONFIG: StorageAdapter$SQLiteAdapter.read,360:omadm/./3GPP_IMS/CAP_POLL_INTERVAL:625000

01-15 16:48:01.774  3232  3232 V RcsCallTracker: Service state changed

01-15 16:48:01.774  3344  3437 D RCS_CONFIG: StorageAdapter$SQLiteAdapter.read,360:omadm/./3GPP_IMS/vzw_eab_publish_fail:0

01-15 16:48:01.774  1389  3373 W Telecom : : No account found for the calling user

01-15 16:48:01.784  3344  3437 D RCS_CONFIG: StorageAdapter$SQLiteAdapter.read,360:omadm/./3GPP_IMS/LVC_ENABLED:1

01-15 16:48:01.784  3232  3232 D PhoneApp: PhoneAppBroadcastReceiver onReceive android.intent.action.SERVICE_STATE

01-15 16:48:01.784  3232  3232 D PhoneMultiSimUtils: getPhoneBySubId: subId =1

01-15 16:48:01.784  3232  3232 D NotificationMgr: updateNetworkSelection()...serviceState = 1 networkSelection:  subId: 1 SimState:5

01-15 16:48:01.784  3344  3437 D RCS_CONFIG: StorageAdapter$SQLiteAdapter.read,360:omadm/./3GPP_IMS/EPDG_THLTE2:-115

01-15 16:48:01.784  3232  3232 D NotificationMgr: cancelNetworkSelection() - subId:1

01-15 16:48:01.784  3232  3232 D NotificationMgr: cancelNetworkSelection()...

01-15 16:48:01.784  3232  3232 D NotificationMgr: cancelNetworkSelection()...user:UserHandle{0}

01-15 16:48:01.784  3344  3437 D RCS_CONFIG: StorageAdapter$SQLiteAdapter.read,360:omadm/./3GPP_IMS/Timer_T1:3000

01-15 16:48:01.794  3232  3232 D TelephonyExtension: deviceProvisioned : true / simInserted : true

01-15 16:48:01.794  3232  3232 D TelephonyExtension: !isFactoryMode : true / !isGlobalMode : false / !doNotShow : true

01-15 16:48:01.794  3232  3232 D TelephonyExtension: networkMode : 10

01-15 16:48:01.794  3232  3232 D TelephonyExtension: shouldGlobalNetworkDialogDisplay - shouldDisplay : false

01-15 16:48:01.794  3344  3437 D RCS_CONFIG: StorageAdapter$SQLiteAdapter.read,360:omadm/./3GPP_IMS/SMS_FORMAT:3GPP2

01-15 16:48:01.794  3232  3232 D Telephony: PstnPhoneCapabilitiesNotifier: handleVideoCapabilitesChanged. Video capability - false

01-15 16:48:01.794  3344  3437 D RCS_CONFIG: StorageAdapter$SQLiteAdapter.read,360:omadm/./3GPP_IMS/AMR_AUDIO_BITRATE:7

01-15 16:48:01.794  3344  3437 D RCS_CONFIG: StorageAdapter$SQLiteAdapter.read,360:omadm/./3GPP_IMS/VOLTE_ENABLED:1

01-15 16:48:01.794  1389  3602 I Telecom : PhoneAccountRegistrar: [ComponentInfo{com.android.phone/com.android.services.telephony.TelephonyConnectionService}, [406b9cce917dceae5a392405bf42879017fb8c6e], UserHandle{0}(icon: Icon(typ=BITMAP size=96x96) -> Icon(typ=BITMAP size=96x96))]

01-15 16:48:01.804  3344  3437 D RCS_CONFIG: StorageAdapter$SQLiteAdapter.read,360:omadm/./3GPP_IMS/PUBLISH_TIMER_EXTEND:86400

01-15 16:48:01.804  3344  3437 D RCS_CONFIG: StorageAdapter$SQLiteAdapter.read,360:omadm/./3GPP_IMS/Timer_TF:30000

01-15 16:48:01.804  3344  3437 D RCS_CONFIG: StorageAdapter$SQLiteAdapter.read,360:omadm/./3GPP_IMS/sms_over_ip_network_indication:1

01-15 16:48:01.804  1389  3602 I Telecom : : Sending phone-account intent as user

01-15 16:48:01.814  3344  3437 D RCS_CONFIG: DmConfigHelper.read,110:omadm/./3GPP_IMS/AMR_AUDIO_BITRATE : 7

01-15 16:48:01.814  3344  3437 D RCS_CONFIG: DmConfigHelper.read,110:omadm/./3GPP_IMS/AMR_AUDIO_BITRATE_WB : 2

01-15 16:48:01.814  1389  1606 V BroadcastQueue: [background] Process cur broadcast BroadcastRecord{74f1d7a u-1 android.telecom.action.PHONE_ACCOUNT_REGISTERED qIdx=4}, state= (APP_RECEIVE) DELIVERED for app ProcessRecord{32b9a9d 3060:android.process.acore/u0a47}

01-15 16:48:01.824  3344  3437 D RCS_CONFIG: DmConfigHelper.read,110:omadm/./3GPP_IMS/AMR_WB : 1

01-15 16:48:01.824  3344  3437 D RCS_CONFIG: DmConfigHelper.read,110:omadm/./3GPP_IMS/AVAIL_CACHE_EXP : 60

01-15 16:48:01.824  3344  3437 D RCS_CONFIG: DmConfigHelper.read,110:omadm/./3GPP_IMS/CAP_CACHE_EXP : 7776000

01-15 16:48:01.834  3344  3437 D RCS_CONFIG: DmConfigHelper.read,110:omadm/./3GPP_IMS/CAP_DISCOVERY : 1

01-15 16:48:01.834  3344  3437 D RCS_CONFIG: DmConfigHelper.read,110:omadm/./3GPP_IMS/CAP_POLL_INTERVAL : 625000

01-15 16:48:01.834  3344  3437 D RCS_CONFIG: DmConfigHelper.read,110:omadm/./3GPP_IMS/DCN_NUMBER : 4437501000

01-15 16:48:01.834  3344  3437 D RCS_CONFIG: DmConfigHelper.read,110:omadm/./3GPP_IMS/DOMAIN_PUI : vzims.com

01-15 16:48:01.834  3344  3437 D RCS_CONFIG: DmConfigHelper.read,110:omadm/./3GPP_IMS/EAB_SETTING : 1

01-15 16:48:01.844  3344  3437 D RCS_CONFIG: DmConfigHelper.read,110:omadm/./3GPP_IMS/EPDG_HANDOVER_ENABLED : 1

01-15 16:48:01.844  3344  3437 D RCS_CONFIG: DmConfigHelper.read,110:omadm/./3GPP_IMS/EPDG_THLTE1 : -117

01-15 16:48:01.844  3344  3437 D RCS_CONFIG: DmConfigHelper.read,110:omadm/./3GPP_IMS/EPDG_THLTE2 : -115

01-15 16:48:01.844  3344  3437 D RCS_CONFIG: DmConfigHelper.read,110:omadm/./3GPP_IMS/EPDG_THLTE3 : -110

01-15 16:48:01.854  3344  3437 D RCS_CONFIG: DmConfigHelper.read,110:omadm/./3GPP_IMS/EUC_ENABLED : 1

01-15 16:48:01.854  3344  3437 D RCS_CONFIG: DmConfigHelper.read,110:omadm/./3GPP_IMS/FQDN_FOR_PCSCF : 0

01-15 16:48:01.854  3344  3437 D RCS_CONFIG: DmConfigHelper.read,110:omadm/./3GPP_IMS/FT_ENABLED : 1

01-15 16:48:01.854  3344  3437 D RCS_CONFIG: DmConfigHelper.read,110:omadm/./3GPP_IMS/FTHTTP_ENABLED : 1

01-15 16:48:01.854  3344  3437 D RCS_CONFIG: DmConfigHelper.read,110:omadm/./3GPP_IMS/GZIP_FLAG : 1

01-15 16:48:01.864  3344  3437 D RCS_CONFIG: DmConfigHelper.read,110:omadm/./3GPP_IMS/HD_VOICE : 0

01-15 16:48:01.864  3344  3437 D RCS_CONFIG: DmConfigHelper.read,110:omadm/./3GPP_IMS/Home_network_domain_name : vzims.com

01-15 16:48:01.864  3344  3437 D RCS_CONFIG: DmConfigHelper.read,110:omadm/./3GPP_IMS/IM_ENABLED : 1

01-15 16:48:01.864  3344  3437 D RCS_CONFIG: DmConfigHelper.read,110:omadm/./3GPP_IMS/IMS_TEST_MODE : 0

01-15 16:48:01.864  3344  3437 D RCS_CONFIG: DmConfigHelper.read,110:omadm/./3GPP_IMS/IS_ENABLED : 1

01-15 16:48:01.874  3344  3437 D RCS_CONFIG: DmConfigHelper.read,110:omadm/./3GPP_IMS/LVC_BETA_SETTING : 1

01-15 16:48:01.874  3344  3437 D RCS_CONFIG: DmConfigHelper.read,110:omadm/./3GPP_IMS/LVC_ENABLED : 1

01-15 16:48:01.874  3344  3437 D RCS_CONFIG: DmConfigHelper.read,110:omadm/./3GPP_IMS/MIN_SE : 300

01-15 16:48:01.874  3344  3437 D RCS_CONFIG: DmConfigHelper.read,110:omadm/./3GPP_IMS/nv_init_done : 1

01-15 16:48:01.884  3344  3437 D RCS_CONFIG: DmConfigHelper.read,110:omadm/./3GPP_IMS/OPTIONS_ENABLED : 1

01-15 16:48:01.884  3344  3437 D RCS_CONFIG: DmConfigHelper.read,110:omadm/./3GPP_IMS/P-CSCF_Address : 2600:80d:1::10:161:44:a2

01-15 16:48:01.884  3344  3437 D RCS_CONFIG: DmConfigHelper.read,110:omadm/./3GPP_IMS/PHONE_CONTEXT_URI : phone-context=vzims.com

01-15 16:48:01.884  3344  3437 D RCS_CONFIG: DmConfigHelper.read,110:omadm/./3GPP_IMS/POLL_LIST_SUB_EXP : 30

01-15 16:48:01.884  3344  3437 D RCS_CONFIG: DmConfigHelper.read,110:omadm/./3GPP_IMS/PREF_CSCF_PORT : 1

01-15 16:48:01.894  3344  3437 D RCS_CONFIG: DmConfigHelper.read,110:omadm/./3GPP_IMS/PUBLISH_ERR_RETRY_TIMER : 21600

01-15 16:48:01.894  3344  3437 D RCS_CONFIG: DmConfigHelper.read,110:omadm/./3GPP_IMS/PUBLISH_TIMER : 1200

01-15 16:48:01.894  3344  3437 D RCS_CONFIG: DmConfigHelper.read,110:omadm/./3GPP_IMS/PUBLISH_TIMER_EXTEND : 86400

01-15 16:48:01.894  3344  3437 D RCS_CONFIG: DmConfigHelper.read,110:omadm/./3GPP_IMS/RINGBACK_TIMER : 60

01-15 16:48:01.894  3344  3437 D RCS_CONFIG: DmConfigHelper.read,110:omadm/./3GPP_IMS/RINGING_TIMER : 55

01-15 16:48:01.904  3344  3437 D RCS_CONFIG: DmConfigHelper.read,110:omadm/./3GPP_IMS/RTP_RTCP_TIMER : 10

01-15 16:48:01.904  3344  3437 D RCS_CONFIG: DmConfigHelper.read,110:omadm/./3GPP_IMS/SHOW_REG_INFO_TO_SETTING_APP : 1

01-15 16:48:01.904  3344  3437 D RCS_CONFIG: DmConfigHelper.read,110:omadm/./3GPP_IMS/silent_redial : 1

01-15 16:48:01.904  3344  3437 D RCS_CONFIG: DmConfigHelper.read,110:omadm/./3GPP_IMS/SIP_SESSION_TIMER : 300

01-15 16:48:01.904  3344  3437 D RCS_CONFIG: DmConfigHelper.read,110:omadm/./3GPP_IMS/SLM_ENABLED : 1

01-15 16:48:01.914  3344  3437 D RCS_CONFIG: DmConfigHelper.read,110:omadm/./3GPP_IMS/SMS_FORMAT : 3GPP2

01-15 16:48:01.914  3344  3437 D RCS_CONFIG: DmConfigHelper.read,110:omadm/./3GPP_IMS/sms_over_ip_network_indication : 1

01-15 16:48:01.914  3344  3437 D RCS_CONFIG: DmConfigHelper.read,110:omadm/./3GPP_IMS/SMSIP_ENABLED : 1

01-15 16:48:01.914  3344  3437 D RCS_CONFIG: DmConfigHelper.read,110:omadm/./3GPP_IMS/SPEAKER_DEFAULT_VIDEO : 1

01-15 16:48:01.914  3344  3437 D RCS_CONFIG: DmConfigHelper.read,110:omadm/./3GPP_IMS/SRC_AMR : 1

01-15 16:48:01.924  3344  3437 D RCS_CONFIG: DmConfigHelper.read,110:omadm/./3GPP_IMS/SRC_AMR_WB : 1

01-15 16:48:01.924  3344  3437 D RCS_CONFIG: DmConfigHelper.read,110:omadm/./3GPP_IMS/SRC_THROTTLE_PUBLISH : 60

01-15 16:48:01.924  3344  3437 D RCS_CONFIG: DmConfigHelper.read,110:omadm/./3GPP_IMS/SS_ENABLED : 1

01-15 16:48:01.924  3344  3437 D RCS_CONFIG: DmConfigHelper.read,110:omadm/./3GPP_IMS/SUBSCRIBE_MAX_ENTRY : 100

01-15 16:48:01.924  3344  3437 D RCS_CONFIG: DmConfigHelper.read,110:omadm/./3GPP_IMS/t_delay : 5

01-15 16:48:01.924  3344  3437 D RCS_CONFIG: DmConfigHelper.read,110:omadm/./3GPP_IMS/T_LTE_911_FAIL : 20

01-15 16:48:01.934  3344  3437 D RCS_CONFIG: DmConfigHelper.read,110:omadm/./3GPP_IMS/Timer_T1 : 3000

01-15 16:48:01.934  3344  3437 D RCS_CONFIG: DmConfigHelper.read,110:omadm/./3GPP_IMS/Timer_T2 : 16000

01-15 16:48:01.934  3344  3437 D RCS_CONFIG: DmConfigHelper.read,110:omadm/./3GPP_IMS/Timer_TF : 30000

01-15 16:48:01.934  3344  3437 D RCS_CONFIG: DmConfigHelper.read,110:omadm/./3GPP_IMS/timer_vzw : 6

01-15 16:48:01.934  3344  3437 D RCS_CONFIG: DmConfigHelper.read,110:omadm/./3GPP_IMS/tvolte_hys_timer : 60

01-15 16:48:01.944  3344  3437 D RCS_CONFIG: DmConfigHelper.read,110:omadm/./3GPP_IMS/TWLAN_911_CALLFAIL_TIMER : 20

01-15 16:48:01.944  3344  3437 D RCS_CONFIG: DmConfigHelper.read,110:omadm/./3GPP_IMS/TWWAN_911_FAIL_TIMER : 40

01-15 16:48:01.944  3344  3437 D RCS_CONFIG: DmConfigHelper.read,110:omadm/./3GPP_IMS/UDP_KEEP_ALIVE : 30

01-15 16:48:01.944  3344  3437 D RCS_CONFIG: DmConfigHelper.read,110:omadm/./3GPP_IMS/URI_MEDIA_RSC_SERV_3WAY_CALL : sip:confserver@vzims.com

01-15 16:48:01.944  3344  3437 D RCS_CONFIG: DmConfigHelper.read,110:omadm/./3GPP_IMS/VCE_CONFIG : 0

01-15 16:48:01.954  3344  3437 D RCS_CONFIG: DmConfigHelper.read,110:omadm/./3GPP_IMS/VOLTE_ENABLED : 1

01-15 16:48:01.954  3344  3437 D RCS_CONFIG: DmConfigHelper.read,110:omadm/./3GPP_IMS/VOWIFI_SUPPORTED : 1

01-15 16:48:01.954  3344  3437 D RCS_CONFIG: DmConfigHelper.read,110:omadm/./3GPP_IMS/VS_ENABLED : 1

01-15 16:48:01.954  3344  3437 D RCS_CONFIG: DmConfigHelper.read,110:omadm/./3GPP_IMS/VWF_ENABLED : 1

01-15 16:48:01.954  3344  3437 D RCS_CONFIG: DmConfigHelper.read,110:omadm/./3GPP_IMS/vzw_eab_publish_fail : 0

01-15 16:48:01.984  3344  3437 D ImsSettingsProvider: query Uri: content://com.sec.ims.settings/nvstorage/omadm/

01-15 16:48:01.984  3344  3437 D ImsSettingsProvider: match 15

01-15 16:48:01.984  3344  3437 V ImsSettingsProvider: query Uri[content://com.sec.ims.settings/nvstorage/omadm/], selection [null]

01-15 16:48:01.984  3344  3437 D NvStorage: query: omadm,[sms_over_ip_network_indication]

01-15 16:48:01.984  3344  3437 E DmProfileLoader: no Value for 14

01-15 16:48:01.984  3344  3437 E DmProfileLoader: no Value for 15

01-15 16:48:01.984  3344  3437 E DmProfileLoader: no Value for 16

01-15 16:48:01.984  3344  3437 E DmProfileLoader: no Value for 17

01-15 16:48:01.984  3344  3437 E DmProfileLoader: no Value for 18

01-15 16:48:01.984  3344  3437 E DmProfileLoader: no Value for 19

01-15 16:48:01.984  3344  3437 E DmProfileLoader: no Value for 21

01-15 16:48:01.984  3344  3437 E DmProfileLoader: no Value for 22

01-15 16:48:01.984  3344  3437 E DmProfileLoader: no Value for 23

01-15 16:48:01.984  3344  3437 E DmProfileLoader: no Value for 24

01-15 16:48:01.984  3344  3437 E DmProfileLoader: no Value for 25

01-15 16:48:01.984  3344  3437 E DmProfileLoader: no Value for 71

01-15 16:48:01.984  3344  3437 E DmProfileLoader: no Value for 70

01-15 16:48:01.984  3344  3437 E DmProfileLoader: no Value for 69

01-15 16:48:01.994  3344  3437 E DmProfileLoader: no Value for 68

01-15 16:48:01.994  3344  3437 E DmProfileLoader: no Value for 108

01-15 16:48:01.994  3344  3437 E DmProfileLoader: no Value for 132

01-15 16:48:01.994  3344  3437 E DmProfileLoader: no Value for 60

01-15 16:48:01.994  3344  3437 E DmProfileLoader: no Value for 61

01-15 16:48:01.994  3344  3437 E DmProfileLoader: no Value for 62

01-15 16:48:01.994  3344  3437 E DmProfileLoader: no Value for 63

01-15 16:48:01.994  3344  3437 E DmProfileLoader: no Value for 90

01-15 16:48:01.994  3344  3437 D Mno     : fromSim: operator=311480

01-15 16:48:01.994  3344  3437 D Mno     : getCountryCode: mcc=310

01-15 16:48:01.994  3344  3437 D Mno     : choose mno : 311, 480, Verizon Wirelss, us

01-15 16:48:01.994  3344  3437 D RegistrationManagerBase: findBestNetwork: check availability CDMA - EvDo rev. A

01-15 16:48:01.994  3344  3437 D RegistrationManagerBase: findBestNetwork: No network satisfying condition.

01-15 16:48:01.994  3344  3437 D RegistrationManagerBase: selectPdnType: 11

01-15 16:48:01.994  3344  3437 D RegistrationManagerBase: getServiceForNetwork: network 0

01-15 16:48:01.994  3344  3437 D RegistrationManagerBase: no ims service for current rat 0

01-15 16:48:01.994  3344  3437 D ResipRegistrationManager: handleMessage(): 32

01-15 16:48:01.994  3344  3437 D RegistrationManagerBase: handleMessage: what 32

01-15 16:48:01.994  3344  3437 D RegistrationManagerBase: onPendingUpdateRegistration: 

01-15 16:48:02.534  1389  2637 D EPDG -- [EPDGService]: Trigger Move for PDN's from WIFI networktype = 6

01-15 16:48:02.534  1389  2637 D EPDG -- [EPDGService]: Higher priority RAT handling done. No action taken for current N/w Type6

01-15 16:48:04.854 11974 11974 E TZ_CCM_SERVER: Only 'CCM' are supported

01-15 16:48:04.854 11974 11974 I TZ_CCM_SERVER: ###Exit TZ CCM Server

01-15 16:48:05.904   501  1947 D QC-time-services: Lib:time_genoff_operation: pargs->base = 12

01-15 16:48:05.904   501  1947 D QC-time-services: Lib:time_genoff_operation: pargs->operation = 0

01-15 16:48:05.904   501  1947 D QC-time-services: Lib:time_genoff_operation: pargs->ts_val = 1570514888000

01-15 16:48:05.904   599  2031 D QC-time-services: Daemon: Connection accepted:time_genoff

01-15 16:48:05.904   501  1947 D QC-time-services: Lib:time_genoff_operation: Send to server  passed!!

01-15 16:48:05.904  2701  2701 D StatusBar.NetworkController: onSignalStrengthsChanged signalStrength=SignalStrength: 99 99 -120 -160 -87 -25 6 99 2147483647 2147483647 2147483647 -1 2147483647 0x300 cdma level=3

01-15 16:48:05.904  2701  2701 D StatusBar.NetworkController: updateTelephonySignalStrength: hasService=false ss=SignalStrength: 99 99 -120 -160 -87 -25 6 99 2147483647 2147483647 2147483647 -1 2147483647 0x300 cdma

01-15 16:48:05.904   599 11981 D QC-time-services: Daemon: genoff_handler: Process name is rild

01-15 16:48:05.904   599 11981 D QC-time-services: Daemon:Received base = 12, unit = 1, operation = 0,value = 1570514888000

01-15 16:48:05.904   599 11981 D QC-time-services: Daemon:genoff_opr: Base = 12, val = 1570514888000, operation = 0

01-15 16:48:05.904  2701  2701 D StatusBar.NetworkController: updateTelephonySignalStrength: iconLevel=3

01-15 16:48:05.904   599 11981 D QC-time-services: Daemon:rtc_get: Time read from RTC -- MM/DD/YY HH:MM:SS0/6/70 6:2:9

01-15 16:48:05.904   599 11981 D QC-time-services: Daemon:Value read from RTC seconds = 453729000

01-15 16:48:05.904   599 11981 D QC-time-services: Daemon:new time 1570514888000 

01-15 16:48:05.904   599 11981 D QC-time-services: Daemon: delta 1570061159000 genoff 1570061159000 

01-15 16:48:05.904  2701  2701 D StatusBar.NetworkController: updateTelephonySignalStrength, No signal level. mPhoneSignalIconId = com.android.systemui:drawable/tw_stat_sys_5_level_signal_3_auto_rotate mDataSignalIconId = com.android.systemui:drawable/tw_stat_sys_5_level_signal_3_auto_rotate mQSPhoneSignalIconId = com.android.systemui:drawable/ic_qs_signal_3 mContentDescriptionPhoneSignal = Three bars of phone signal

01-15 16:48:05.904   599 11981 D QC-time-services: Daemon:genoff_persistent_update: Writing genoff = 1570061159000 to memory

01-15 16:48:05.904   599 11981 D QC-time-services: Daemon:Opening File: /data/time/ats_12

01-15 16:48:05.904   599 11981 D QC-time-services: Daemon:time_persistent_memory_opr:Genoff write operation 

01-15 16:48:05.914   501  1947 E QC-time-services: Receive Passed == base = 12, unit = 1, operation = 0, result = 0

01-15 16:48:05.914   599  2031 E QC-time-services: Daemon: Time-services: Waiting to acceptconnection

01-15 16:48:05.924  2701  2701 D StatusBar.NetworkController: onSignalStrengthsChanged signalStrength=SignalStrength: 99 99 -120 -160 -87 -25 6 99 2147483647 2147483647 2147483647 -1 2147483647 0x300 cdma level=3

01-15 16:48:05.924  2701  2701 D StatusBar.NetworkController: updateTelephonySignalStrength: hasService=false ss=SignalStrength: 99 99 -120 -160 -87 -25 6 99 2147483647 2147483647 2147483647 -1 2147483647 0x300 cdma

01-15 16:48:05.924  2701  2701 D StatusBar.NetworkController: updateTelephonySignalStrength: iconLevel=3

01-15 16:48:05.924  2701  2701 D StatusBar.NetworkController: updateTelephonySignalStrength, No signal level. mPhoneSignalIconId = com.android.systemui:drawable/tw_stat_sys_5_level_signal_3_auto_rotate mDataSignalIconId = com.android.systemui:drawable/tw_stat_sys_5_level_signal_3_auto_rotate mQSPhoneSignalIconId = com.android.systemui:drawable/ic_qs_signal_3 mContentDescriptionPhoneSignal = Three bars of phone signal

01-15 16:48:05.944  2701  2701 D StatusBar.NetworkController: onSignalStrengthsChanged signalStrength=SignalStrength: 99 99 -92 -80 -87 -25 6 99 2147483647 2147483647 2147483647 -1 2147483647 0x330 cdma level=3

01-15 16:48:05.944  2701  2701 D StatusBar.NetworkController: updateTelephonySignalStrength: hasService=false ss=SignalStrength: 99 99 -92 -80 -87 -25 6 99 2147483647 2147483647 2147483647 -1 2147483647 0x330 cdma

01-15 16:48:05.944  2701  2701 D StatusBar.NetworkController: updateTelephonySignalStrength: iconLevel=3

01-15 16:48:05.944  2701  2701 D StatusBar.NetworkController: updateTelephonySignalStrength, No signal level. mPhoneSignalIconId = com.android.systemui:drawable/tw_stat_sys_5_level_signal_3_auto_rotate mDataSignalIconId = com.android.systemui:drawable/tw_stat_sys_5_level_signal_3_auto_rotate mQSPhoneSignalIconId = com.android.systemui:drawable/ic_qs_signal_3 mContentDescriptionPhoneSignal = Three bars of phone signal

01-15 16:48:05.984  1389  4809 D EPDG -- [MODEM]: message length is  9

01-15 16:48:05.984  1389  4809 D EPDG -- [MODEM]: countRead is 7 offset is 7remaining is 0

