10-06 16:55:56.424  2034  2421 D EPDG -- SIM0 [EpdgSubScription]: EpdgAddressUpdated: address: 2601:281:c901:8d71:6b92:b96d:e5ab:3dab iface: wlan0mFqdnRetryCount : 0
10-06 16:55:56.426  2034  2058 D EPDG -- [NETMGMT]: Interface wlan0 address updated
10-06 16:55:56.426   762  5883 I sensors-hal: handle_sns_client_event:61, auto_rotation_event: start msgid:1025
10-06 16:55:56.427   762  5883 I sensors-hal: handle_sns_client_event:79, auto_rotation_event: 255
10-06 16:55:56.427  2034  2421 D EPDG -- SIM0 [EpdgSubScription]: EpdgAddressUpdated: address: 2601:281:c901:8d71:945:bc3b:9c5d:f7bc iface: wlan0mFqdnRetryCount : 0
10-06 16:55:56.428  1319  1587 D SensorHubManager: onGetSensorHubDataLocked: library(4) = 1, 1, 7, -1
10-06 16:55:56.429  1319  1588 D CAE     : onGetSensorHubData(SensorHubParserProvider.java:91) - onGetSensorHubData Event [event buffer len :4], AP_WAKEUP
10-06 16:55:56.430  1319  1588 I CAE     : parse(SensorHubParserProvider.java:192) - buffer size = 4
10-06 16:55:56.430  1319  1588 I CAE     : parse(SensorHubParserProvider.java:203) - 1, 1, 7, -1,
10-06 16:55:56.431  1319  1588 D CAE     : display(ContextProvider.java:375) - ================= AUTO_ROTATION =================
10-06 16:55:56.431  1319  1588 I CAE     : display(ContextProvider.java:391) - Angle=[-1]
10-06 16:55:56.432  1319  1599 D SemContextService: Service.updateContext() : service = Auto Rotation
10-06 16:55:56.433  1319  1358 D SemContextManager: onSemContextChanged() : event = Auto Rotation Angle : -1
10-06 16:55:56.433  1319  1358 D SemContextManager: AutoRotationEvent : Angle = -1
10-06 16:55:56.434  1319  1358 V WindowOrientationListener: OrientationSensorJudge.onSemContextChanged, Rotation: -1
10-06 16:55:56.434   767   767 I WifiHAL : Done!
10-06 16:55:56.546   762  5883 I sensors-hal: handle_sns_client_event:61, auto_rotation_event: start msgid:1025
10-06 16:55:56.546   762  5883 I sensors-hal: handle_sns_client_event:79, auto_rotation_event: 0
10-06 16:55:56.547  1319  1587 D SensorHubManager: onGetSensorHubDataLocked: library(4) = 1, 1, 7, 0
10-06 16:55:56.549  1319  1588 D CAE     : onGetSensorHubData(SensorHubParserProvider.java:91) - onGetSensorHubData Event [event buffer len :4], AP_WAKEUP
10-06 16:55:56.549  1319  1588 I CAE     : parse(SensorHubParserProvider.java:192) - buffer size = 4
10-06 16:55:56.550  1319  1588 I CAE     : parse(SensorHubParserProvider.java:203) - 1, 1, 7, 0,
10-06 16:55:56.551  1319  1588 D CAE     : display(ContextProvider.java:375) - ================= AUTO_ROTATION =================
10-06 16:55:56.552  1319  1588 I CAE     : display(ContextProvider.java:391) - Angle=[0]
10-06 16:55:56.554  1319  1599 D SemContextService: Service.updateContext() : service = Auto Rotation
10-06 16:55:56.554  1319  1358 D SemContextManager: onSemContextChanged() : event = Auto Rotation Angle : 0
10-06 16:55:56.554  1319  1358 D SemContextManager: AutoRotationEvent : Angle = 0
10-06 16:55:56.554  1319  1358 V WindowOrientationListener: OrientationSensorJudge.onSemContextChanged, Rotation: 0
10-06 16:55:56.559  1319  1358 V WindowOrientationListener: getProposedRotation :0
10-06 16:55:56.559  1319  1358 V WindowManager: rotationForOrientationLw(orient=4, last=0); user=0  sensorRotation=0 mLidState=-1 mDockMode=0 mHdmiPlugged=false
10-06 16:55:56.641  1319  9616 D WifiPermissionsUtil: canAccessScanResults: pkgName = com.google.android.gms, uid = 10044
10-06 16:55:56.959   762  5875 I sensors-hal: handle_sns_std_sensor_event:78, [SSC_LIGHT] physical_light lux: 135, mode: 2, copr: 0, brightness: 255, ts=441448040280321
10-06 16:55:57.045  1319  1658 D WifiPermissionsUtil: canAccessScanResults: pkgName = android, uid = 1000
10-06 16:55:57.055  1036  1700 D bauth_FPBAuthService: pcf : 0x1012, 0 ,2 ,0 ,0 ,0 ,2, 2.0.4.1
10-06 16:55:57.055  1036  1700 D bauth_FPBAuthService: thread id : 2, preenroll_flag : 0, nd cnt : 1, cso : 2, et : 0
10-06 16:55:57.055  1036  1700 D bauth_FPBAuthService: FPBAuthService, 9962
10-06 16:55:57.266   762  5883 I sensors-hal: handle_sns_client_event:61, auto_rotation_event: start msgid:1025
10-06 16:55:57.267   762  5883 I sensors-hal: handle_sns_client_event:79, auto_rotation_event: 255
10-06 16:55:57.268  1319  1587 D SensorHubManager: onGetSensorHubDataLocked: library(4) = 1, 1, 7, -1
10-06 16:55:57.269  1319  1588 D CAE     : onGetSensorHubData(SensorHubParserProvider.java:91) - onGetSensorHubData Event [event buffer len :4], AP_WAKEUP
10-06 16:55:57.269  1319  1588 I CAE     : parse(SensorHubParserProvider.java:192) - buffer size = 4
10-06 16:55:57.270  1319  1588 I CAE     : parse(SensorHubParserProvider.java:203) - 1, 1, 7, -1,
10-06 16:55:57.271  1319  1588 D CAE     : display(ContextProvider.java:375) - ================= AUTO_ROTATION =================
10-06 16:55:57.272  1319  1588 I CAE     : display(ContextProvider.java:391) - Angle=[-1]
10-06 16:55:57.273  1319  1599 D SemContextService: Service.updateContext() : service = Auto Rotation
10-06 16:55:57.273  1319  1358 D SemContextManager: onSemContextChanged() : event = Auto Rotation Angle : -1
10-06 16:55:57.273  1319  1358 D SemContextManager: AutoRotationEvent : Angle = -1
10-06 16:55:57.273  1319  1358 V WindowOrientationListener: OrientationSensorJudge.onSemContextChanged, Rotation: -1
10-06 16:55:57.626   762  5883 I sensors-hal: handle_sns_client_event:61, auto_rotation_event: start msgid:1025
10-06 16:55:57.626   762  5883 I sensors-hal: handle_sns_client_event:79, auto_rotation_event: 0
10-06 16:55:57.627  1319  1587 D SensorHubManager: onGetSensorHubDataLocked: library(4) = 1, 1, 7, 0
10-06 16:55:57.628  1319  1588 D CAE     : onGetSensorHubData(SensorHubParserProvider.java:91) - onGetSensorHubData Event [event buffer len :4], AP_WAKEUP
10-06 16:55:57.628  1319  1588 I CAE     : parse(SensorHubParserProvider.java:192) - buffer size = 4
10-06 16:55:57.628  1319  1588 I CAE     : parse(SensorHubParserProvider.java:203) - 1, 1, 7, 0,
10-06 16:55:57.629  1319  1588 D CAE     : display(ContextProvider.java:375) - ================= AUTO_ROTATION =================
10-06 16:55:57.629  1319  1588 I CAE     : display(ContextProvider.java:391) - Angle=[0]
10-06 16:55:57.630  1319  1599 D SemContextService: Service.updateContext() : service = Auto Rotation
10-06 16:55:57.630  1319  1358 D SemContextManager: onSemContextChanged() : event = Auto Rotation Angle : 0
10-06 16:55:57.630  1319  1358 D SemContextManager: AutoRotationEvent : Angle = 0
10-06 16:55:57.630  1319  1358 V WindowOrientationListener: OrientationSensorJudge.onSemContextChanged, Rotation: 0
10-06 16:55:57.632  1319  1358 V WindowOrientationListener: getProposedRotation :0
10-06 16:55:57.633  1319  1358 V WindowManager: rotationForOrientationLw(orient=4, last=0); user=0  sensorRotation=0 mLidState=-1 mDockMode=0 mHdmiPlugged=false
10-06 16:55:57.673  1319  1659 D WifiStateMachine: enter getWifiLinkLayerStats
10-06 16:55:57.674  1319  1659 I WifiVendorHal: getWifiLinkLayerStats(l.2972) before calling iface.getLinkLayerStats
10-06 16:55:57.714  1319  1659 I WifiVendorHal: getWifiLinkLayerStats(l.2972) after calling iface.getLinkLayerStats
10-06 16:55:57.726  8882  8882 E adbd    : failed to connect to socket 'tcp:6666': Connection refused
10-06 16:55:57.746   762  5883 I sensors-hal: handle_sns_client_event:61, auto_rotation_event: start msgid:1025
10-06 16:55:57.746   762  5883 I sensors-hal: handle_sns_client_event:79, auto_rotation_event: 255
10-06 16:55:57.748  1319  1587 D SensorHubManager: onGetSensorHubDataLocked: library(4) = 1, 1, 7, -1
10-06 16:55:57.749  1319  1588 D CAE     : onGetSensorHubData(SensorHubParserProvider.java:91) - onGetSensorHubData Event [event buffer len :4], AP_WAKEUP
10-06 16:55:57.749  1319  1588 I CAE     : parse(SensorHubParserProvider.java:192) - buffer size = 4
10-06 16:55:57.750  1319  1588 I CAE     : parse(SensorHubParserProvider.java:203) - 1, 1, 7, -1,
10-06 16:55:57.751  1319  1588 D CAE     : display(ContextProvider.java:375) - ================= AUTO_ROTATION =================
10-06 16:55:57.752  1319  1588 I CAE     : display(ContextProvider.java:391) - Angle=[-1]
10-06 16:55:57.753  1319  1599 D SemContextService: Service.updateContext() : service = Auto Rotation
10-06 16:55:57.757  1319  1358 D SemContextManager: onSemContextChanged() : event = Auto Rotation Angle : -1
10-06 16:55:57.757  1319  1358 D SemContextManager: AutoRotationEvent : Angle = -1
10-06 16:55:57.757  1319  1358 V WindowOrientationListener: OrientationSensorJudge.onSemContextChanged, Rotation: -1
10-06 16:55:57.768  1319  1659 I WifiStateMachine: checkScoreBasedQuality -  mPreviousScore[0]:75 mPreviousScore[1]:77 mPreviousScore[2]:77 s2Score:78mPrevoiusScoreAverage:76
10-06 16:55:57.779  1319  9616 D SamsungAlarmManager: Cancel Alarm calling from uid:10044 pid :2435 / op:PendingIntent{82d2cf7: PendingIntentRecord{37d2f76 com.google.android.gms broadcastIntent}}
10-06 16:55:57.783  1319  9616 I SamsungAlarmManager: setLocked to kernel - T:2 / 20191006T165610, SetElapsed=441462030, nowELAPSED=441448872
10-06 16:55:57.783  1319  9616 I SamsungAlarmManager: setLocked to kernel - T:3 / 20191006T165600, SetElapsed=441451089, nowELAPSED=441448872
10-06 16:55:57.787  1319  9616 D SamsungAlarmManager: setExact Intent (T:2/F:5/AC:false) 20191006T172457 - CU:10044/CP:2435
10-06 16:55:57.787  1319  9616 I SamsungAlarmManager: setLocked to kernel - T:2 / 20191006T165610, SetElapsed=441462030, nowELAPSED=441448875
10-06 16:55:57.787  1319  9616 I SamsungAlarmManager: setLocked to kernel - T:3 / 20191006T165600, SetElapsed=441451089, nowELAPSED=441448875
10-06 16:55:57.796  1319  9616 I ActivityManager: Killing 9209:com.samsung.android.bbc.bbcagent/1000 (adj 906): empty #31
10-06 16:55:57.799  1319  1360 W libprocessgroup: kill(-9209, 9) failed: No such process
10-06 16:55:57.799  1319  9616 I ActivityManager: Killing 9112:com.samsung.android.game.gos/u0a151 (adj 906): empty #32
10-06 16:55:57.802  1319  9616 D PowerManagerService: [api] setDeviceIdleTempWhitelist: appids: [0]10115  (uid: 1000 pid: 1319)
10-06 16:55:57.805  1319  1360 I chatty  : uid=1000(system) ActivityManager identical 1 line
10-06 16:55:57.817  1319  1360 W libprocessgroup: kill(-9209, 9) failed: No such process
10-06 16:55:57.819  8376  8400 I WorkerManager: Releasing worker: [gcm]/[55]/[com.google.android.apps.gsa.staticplugins.bc.e]
10-06 16:55:57.827  1319  1360 W libprocessgroup: kill(-9209, 9) failed: No such process
10-06 16:55:57.828  8376  8430 W LocationOracle: No location history returned by ContextManager
10-06 16:55:57.840  1319  1360 W libprocessgroup: kill(-9209, 9) failed: No such process
10-06 16:55:57.846  1319  1360 I chatty  : uid=1000(system) ActivityManager identical 1 line
10-06 16:55:57.851  1319  1360 W libprocessgroup: kill(-9209, 9) failed: No such process
10-06 16:55:57.853   694   694 I Zygote  : Process 9209 exited due to signal (9)
10-06 16:55:57.854   694   694 I Zygote  : Process 9112 exited due to signal (9)
10-06 16:55:57.857  1319  1360 W libprocessgroup: kill(-9209, 9) failed: No such process
10-06 16:55:57.857  1319  1360 I libprocessgroup: Successfully killed process cgroup uid 1000 pid 9209 in 58ms
10-06 16:55:57.857  2189  3443 D ForegroundUtils: could not check pending caller
10-06 16:55:57.858  1319  1360 W libprocessgroup: kill(-9112, 9) failed: No such process
10-06 16:55:57.858  1319  1360 I libprocessgroup: Successfully killed process cgroup uid 10151 pid 9112 in 0ms
10-06 16:55:57.863  2189  3443 D ForegroundUtils: could not check pending caller
10-06 16:55:57.937  1319  4001 D SamsungAlarmManager: Cancel Alarm calling from uid:10115 pid :8376 / op:PendingIntent{a7da193: PendingIntentRecord{1a9b946 com.google.android.googlequicksearchbox broadcastIntent}}
10-06 16:55:57.940  1319  4001 I SamsungAlarmManager: setLocked to kernel - T:2 / 20191006T165610, SetElapsed=441462030, nowELAPSED=441449029
10-06 16:55:57.941  1319  4001 I SamsungAlarmManager: setLocked to kernel - T:3 / 20191006T165600, SetElapsed=441451089, nowELAPSED=441449029
10-06 16:55:57.944  1319  4001 D SamsungAlarmManager: setInexact Intent (T:1/F:0/AC:false) 20191006T170456 - CU:10115/CP:8376
10-06 16:55:57.945  1319  4001 I SamsungAlarmManager: setLocked to kernel - T:2 / 20191006T165610, SetElapsed=441462030, nowELAPSED=441449033
10-06 16:55:57.945  1319  4001 I SamsungAlarmManager: setLocked to kernel - T:3 / 20191006T165600, SetElapsed=441451089, nowELAPSED=441449033
10-06 16:55:57.964  1319  4001 D ApplicationPolicy: isStatusBarNotificationAllowedAsUser: packageName = com.google.android.googlequicksearchbox,userId = 0
10-06 16:55:57.964  1319  4001 D API test: getContainerInfo: value is 
10-06 16:55:57.964  1319  4001 D ApplicationPolicy: isStatusBarNotificationAllowedAsUser: packageName = com.google.android.googlequicksearchbox,userId = 0
10-06 16:55:57.964  1319  4001 D API test: getContainerInfo: value is 
10-06 16:55:57.978  8376  8430 W ErrorReporter: reportError [type: 1323, code: 917507, bug: 119055758]: java.lang.Throwable: Current Time: 1570402557, Next Alarm Time: 0
10-06 16:55:57.981  2096  2144 W GeofenceRequestManager_FLP: No GeofenceRequestData
10-06 16:55:57.982  2435  5248 I GeofencerStateMachine: removeGeofences: removeRequest=RemoveGeofencingRequest[REMOVE_BY_PENDING_INTENT pendingIntent=PendingIntent[creatorPackage=com.google.android.googlequicksearchbox], packageName=com.google.android.googlequicksearchbox]
10-06 16:55:57.982  1319  4001 D ApplicationPolicy: isStatusBarNotificationAllowedAsUser: packageName = com.google.android.googlequicksearchbox,userId = 0
10-06 16:55:57.982  1319  4001 D API test: getContainerInfo: value is 
10-06 16:55:57.984  1319  4001 D ApplicationPolicy: isStatusBarNotificationAllowedAsUser: packageName = com.google.android.googlequicksearchbox,userId = 0
10-06 16:55:57.984  1319  4001 D API test: getContainerInfo: value is 
10-06 16:55:57.993  8376  8430 E GeofenceHelper: Failed: remove geofences by PendingIntent
10-06 16:55:58.005  8376  8837 I WorkerManager: Releasing worker: [gcm]/[55]/[com.google.android.apps.gsa.staticplugins.bc.e]
10-06 16:55:58.005  8376  8400 I WorkerManager: Releasing worker: [gcm]/[55]/[com.google.android.apps.gsa.staticplugins.bc.e]
10-06 16:55:58.006  8376  8400 I WorkerManager: Releasing worker: [gcm]/[55]/[com.google.android.apps.gsa.staticplugins.bc.e]
10-06 16:55:58.009  8376  8376 E FirebaseInstanceId: Failed to resolve target intent service, skipping classname enforcement
10-06 16:55:58.010  1319  9616 W ActivityManager: Unable to start service Intent { act=com.google.firebase.MESSAGING_EVENT pkg=com.google.android.googlequicksearchbox (has extras) } U=0: not found
10-06 16:55:58.010  8376  8376 E FirebaseInstanceId: Error while delivering the message: ServiceIntent not found.
10-06 16:55:58.015  2435  6111 E WakeLock: GCMSEND release without a matched acquire!
10-06 16:55:58.015  2435  6111 W WakeLock: GCMSEND counter does not exist
10-06 16:55:58.019  1319  9616 D WifiPermissionsUtil: canAccessScanResults: pkgName = com.sec.android.sdhms, uid = 1000
10-06 16:55:58.048  1319  1658 D WifiPermissionsUtil: canAccessScanResults: pkgName = android, uid = 1000
10-06 16:55:58.051  1940  1940 D SecStatusBarWifiView: updateState: WifiIconState(resId=2131232605, visible=true, activityId=2131232611)
10-06 16:55:58.056  1036  1700 D bauth_FPBAuthService: pcf : 0x1012, 0 ,2 ,0 ,0 ,0 ,2, 2.0.4.1
10-06 16:55:58.056  1036  1700 D bauth_FPBAuthService: thread id : 2, preenroll_flag : 0, nd cnt : 1, cso : 2, et : 0
10-06 16:55:58.056  1036  1700 D bauth_FPBAuthService: FPBAuthService, 9962
10-06 16:55:58.069  1319  1319 D EdgeLightingManager: isCallingUserSupported : callingUserId=0, mUserId=0, isDualAppId=false
10-06 16:55:58.070  1319  1319 D EdgeLightingManager: showForNotification : isInteractive=true, isHeadUp=false, color=0, sbn = StatusBarNotification(pkg=com.google.android.googlequicksearchbox user=UserHandle{0} id=-611807699 tag=n key=0|com.google.android.googlequicksearchbox|-611807699|n|10115: Notification(channel=30 pri=0 contentView=null vibrate=null sound=null tick defaults=0x0 flags=0x108 color=0xff4285f4 vis=PRIVATE semFlags=0x0 semPriority=0 semMissedCount=0))
10-06 16:55:58.071  1319  1319 D EdgeLightingClientManager: isAvailableEdgeLighting: condition=1 mCondition=0 mIsConnected=false0
10-06 16:55:58.071  1319  1319 D EdgeLightingManager: showForNotificationScreenOn : return false by isAvailableEdgeLighting.
10-06 16:55:58.089  1319  4010 D SensorService: Calling activate off 6
10-06 16:55:58.090   762   762 I sensors-hal: batch:202, android.sensor.accelerometer/6, period=20000000, max_latency=0
10-06 16:55:58.090   762   762 I sensors-hal: batch:211, android.sensor.accelerometer/6, period=20000000, max_latency=0 request completed
10-06 16:55:58.092  2435  9908 D SensorManager: unregisterListener ::   
10-06 16:55:58.096  6365  6502 D DeviceData: buildFlatBuffer - building flatbuffer 
10-06 16:55:58.096  6365  6502 D DeviceData: buildFlatBuffer composed: ms = 1bufflen = 1240
10-06 16:55:58.096  6365  6536 I 1_0_0.25_MPSD_UMD_CHOREOGRAPHER: triggerEventInModels 132 EVENT:[10]
10-06 16:55:58.097  6365  6536 I 1_0_0.25_MPSD_IAD_MANAGER: update EVENT:[10]
10-06 16:55:58.099 10914 10914 D Notification.Badge: [invalid] onNotificationPosted : StatusBarNotification(pkg=com.google.android.googlequicksearchbox user=UserHandle{0} id=-611807699 tag=n key=0|com.google.android.googlequicksearchbox|-611807699|n|10115: Notification(channel=30 pri=0 contentView=null vibrate=null sound=null tick defaults=0x0 flags=0x108 color=0xff4285f4 vis=PRIVATE semFlags=0x0 semPriority=0 semMissedCount=0))
10-06 16:55:58.106  1319  1319 D EdgeLightingManager: isCallingUserSupported : callingUserId=0, mUserId=0, isDualAppId=false
10-06 16:55:58.107  1319  1319 D EdgeLightingManager: showForNotification : isInteractive=true, isHeadUp=false, color=0, sbn = StatusBarNotification(pkg=com.google.android.googlequicksearchbox user=UserHandle{0} id=-611807699 tag=n key=0|com.google.android.googlequicksearchbox|-611807699|n|10115: Notification(channel=30 pri=0 contentView=null vibrate=null sound=null tick defaults=0x0 flags=0x108 color=0xff4285f4 vis=PRIVATE semFlags=0x0 semPriority=0 semMissedCount=0))
10-06 16:55:58.107  1319  1319 D EdgeLightingClientManager: isAvailableEdgeLighting: condition=1 mCondition=0 mIsConnected=false0
10-06 16:55:58.107  1319  1319 D EdgeLightingManager: showForNotificationScreenOn : return false by isAvailableEdgeLighting.
10-06 16:55:58.112  1940  1940 D KeyguardServiceBoxContainer: updateCMAS() hasCmasNotification = false, mHasCMAS = false
10-06 16:55:58.112  1940  1940 I StackScroller: ADJUST STACK.TRANSLATION
10-06 16:55:58.113  1940  1940 I chatty  : uid=10010(com.samsung.android.app.aodservice) com.android.systemui identical 1 line
10-06 16:55:58.113  1940  1940 I StackScroller: ADJUST STACK.TRANSLATION
10-06 16:55:58.124  6365  6502 D DeviceData: buildFlatBuffer - building flatbuffer 
10-06 16:55:58.124  6365  6502 D DeviceData: buildFlatBuffer composed: ms = 0bufflen = 1240
10-06 16:55:58.124  6365  6536 I 1_0_0.25_MPSD_UMD_CHOREOGRAPHER: triggerEventInModels 132 EVENT:[10]
10-06 16:55:58.124  6365  6536 I 1_0_0.25_MPSD_IAD_MANAGER: update EVENT:[10]
10-06 16:55:58.125 10914 10914 D Notification.Badge: [invalid] onNotificationPosted : StatusBarNotification(pkg=com.google.android.googlequicksearchbox user=UserHandle{0} id=-611807699 tag=n key=0|com.google.android.googlequicksearchbox|-611807699|n|10115: Notification(channel=30 pri=0 contentView=null vibrate=null sound=null tick defaults=0x0 flags=0x108 color=0xff4285f4 vis=PRIVATE semFlags=0x0 semPriority=0 semMissedCount=0))
10-06 16:55:58.128  1940  1940 D KeyguardServiceBoxContainer: updateCMAS() hasCmasNotification = false, mHasCMAS = false
10-06 16:55:58.128  1940  1940 I StackScroller: ADJUST STACK.TRANSLATION
10-06 16:55:58.154  1319  4001 D SamsungAlarmManager: setExact Intent (T:2/F:1/AC:false) 20191006T165558 - CU:10044/CP:2435
10-06 16:55:58.154  1319  4001 I SamsungAlarmManager: setLocked to kernel - T:2 / 20191006T165559, SetElapsed=441450241, nowELAPSED=441449243
10-06 16:55:58.199  1940  1940 I chatty  : uid=10010(com.samsung.android.app.aodservice) com.android.systemui identical 7 lines
10-06 16:55:58.199  1940  1940 I StackScroller: ADJUST STACK.TRANSLATION
10-06 16:55:58.359   762  5875 I sensors-hal: handle_sns_std_sensor_event:78, [SSC_LIGHT] physical_light lux: 128, mode: 2, copr: 0, brightness: 255, ts=441449440285061
10-06 16:55:58.567   762  9819 I sensors-hal: handle_sns_std_sensor_event:554, [800] gyro_sample_cal: ts=441449637560061 ns; value = [-0.116437, 0.036828, 0.227971], status = 3
10-06 16:55:58.695  1319  1852 D WifiPermissionsUtil: canAccessScanResults: pkgName = android, uid = 1000
10-06 16:55:58.835  1319  4001 E BartenderActivityManager: BarTender: pid : 9097 cached=true abnormal=false kill=false stay=false release=false
10-06 16:55:59.053  1319  1658 D WifiPermissionsUtil: canAccessScanResults: pkgName = android, uid = 1000
10-06 16:55:59.056  1036  1700 D bauth_FPBAuthService: pcf : 0x1012, 0 ,2 ,0 ,0 ,0 ,2, 2.0.4.1
10-06 16:55:59.056  1036  1700 D bauth_FPBAuthService: thread id : 2, preenroll_flag : 0, nd cnt : 1, cso : 2, et : 0
10-06 16:55:59.056  1036  1700 D bauth_FPBAuthService: FPBAuthService, 9962
10-06 16:55:59.139  1319  1340 D CustomFrequencyManagerService: FrequencyrequestList.getNextSchedTuneBoostRequest, index: 0
10-06 16:55:59.152  1319  1584 D SamsungAlarmManager: Expired : 4
10-06 16:55:59.153  1319  1584 V SamsungAlarmManager: Sending to uid : 10044 action=com.google.android.location.ALARM_WAKEUP_ACTIVITY_DETECTION alarm=Alarm{96ac5d0 type 2 when 441449241 com.google.android.gms}
10-06 16:55:59.161  1319  1584 I SamsungAlarmManager: setLocked to kernel - T:2 / 20191006T165610, SetElapsed=441462030, nowELAPSED=441450249
10-06 16:55:59.161  1319  1584 I SamsungAlarmManager: setLocked to kernel - T:3 / 20191006T165600, SetElapsed=441451089, nowELAPSED=441450249
10-06 16:55:59.166  1319  1340 I SensorService: createSensorEventConnection package name bevm
10-06 16:55:59.169  1319  1340 D SensorService: Calling batch handle==6 flags=0 rate=20000000 timeout== 0
10-06 16:55:59.169   762   762 I sensors-hal: flush:231, android.sensor.accelerometer/6
10-06 16:55:59.171   762   762 I sensors-hal: flush:237, android.sensor.accelerometer/6 completed
10-06 16:55:59.172  2435  9926 D SensorManager: registerListener :: 6, LSM6DSO Accelerometer, 20000, 0,  
10-06 16:55:59.236  1319  1340 D ConnectivityService: filterNetworkStateForUid() uid: 10044, pid: 2435
10-06 16:55:59.236  1319  1340 D ConnectivityService: filterNetworkStateForUid() uid: 10044, pid: 2435, networkInfo: [type: WIFI[], state: CONNECTED/CONNECTED, reason: (unspecified), extra: (none), failover: false, available: true, roaming: false]
10-06 16:55:59.436  1319  7375 D         : mAFPC_Read - w = 1080, h = 2280, s = 8, f = 4, s_size = 9922560, luminance = 420, count = 599, captureOrientation = 0
10-06 16:55:59.486   767   767 D WifiHAL : Setting APF program, halHandle = 0x7b3562d6a0
10-06 16:55:59.487   767   767 I WifiHAL : 
10-06 16:55:59.487   767   767 I WifiHAL : createRequest: APF set program request
10-06 16:55:59.487   693   705 D Netd    : notify() code: 614, msg: Address updated 2601:281:c901:8d71:6b92:b96d:e5ab:3dab/64 wlan0 0 0
10-06 16:55:59.487   693   705 D Netd    : notify() code: 614, msg: Address updated 2601:281:c901:8d71:945:bc3b:9c5d:f7bc/64 wlan0 1 0
10-06 16:55:59.487   693   705 D Netd    : notify() code: 615, msg: DnsInfo servers wlan0 86400 2001:558:feed::1,2001:558:feed::2
10-06 16:55:59.488  2034  2058 D EPDG -- [NETMGMT]: Interface wlan0 address updated
10-06 16:55:59.488  2034  2421 D EPDG -- SIM0 [EpdgSubScription]: EpdgAddressUpdated: address: 2601:281:c901:8d71:6b92:b96d:e5ab:3dab iface: wlan0mFqdnRetryCount : 0
10-06 16:55:59.490  2034  2058 D EPDG -- [NETMGMT]: Interface wlan0 address updated
10-06 16:55:59.490  2034  2421 D EPDG -- SIM0 [EpdgSubScription]: EpdgAddressUpdated: address: 2601:281:c901:8d71:945:bc3b:9c5d:f7bc iface: wlan0mFqdnRetryCount : 0
10-06 16:55:59.500   767   767 I WifiHAL : Done!
10-06 16:55:59.560   762  5875 I sensors-hal: handle_sns_std_sensor_event:78, [SSC_LIGHT] physical_light lux: 107, mode: 2, copr: 0, brightness: 255, ts=441450640279019
10-06 16:55:59.737  8882  8882 E adbd    : failed to connect to socket 'tcp:6666': Connection refused
10-06 16:56:00.001  1319  1584 D SamsungAlarmManager: Expired : 8
10-06 16:56:00.001  1319  1584 V SamsungAlarmManager: Sending to uid : 1000 action=android.intent.action.TIME_TICK alarm=Alarm{17e6efc type 3 when 441451089 android}
10-06 16:56:00.007  1319  1584 I SamsungAlarmManager: setLocked to kernel - T:2 / 20191006T165610, SetElapsed=441462030, nowELAPSED=441451095
10-06 16:56:00.008  1319  1319 D SamsungAlarmManager: setExact Intent (T:3/F:1/AC:false) 20191006T165700 - CU:1000/CP:1319
10-06 16:56:00.009  1319  1319 I SamsungAlarmManager: setLocked to kernel - T:2 / 20191006T165610, SetElapsed=441462030, nowELAPSED=441451097
10-06 16:56:00.012  1940  1940 D KeyguardUpdateMonitor: handleTimeUpdate
10-06 16:56:00.013  1940  1940 D KeyguardServiceBoxContainer: refreshTime() 1
10-06 16:56:00.015  1319  1319 I ActivityManager: Killing 7025:com.samsung.android.game.gametools/u0a42 (adj 906): empty #31
10-06 16:56:00.018  1319  1360 W libprocessgroup: kill(-7025, 9) failed: No such process
10-06 16:56:00.024  1319  1360 I chatty  : uid=1000(system) ActivityManager identical 1 line
10-06 16:56:00.031  1319  1360 W libprocessgroup: kill(-7025, 9) failed: No such process
10-06 16:56:00.035  1940  1940 D QSClockBellTower: He is ready to ring the bell. (((timeText:16:56, skipUpdateForDemo:false, dateText:Sun, October 6)))
10-06 16:56:00.036  1319  1360 W libprocessgroup: kill(-7025, 9) failed: No such process
10-06 16:56:00.036  1940  1940 D QSClock : status_bar_clock notifyTimeChanged(currentTime:16:56) mClockVisibleByPolicy:true, mClockVisibleByUser:true, visible?true, parent:android.widget.LinearLayout{1e48f7a V.E...... ......ID 0,0-123,91 #7f0a02de app:id/left_clock_container}
10-06 16:56:00.037  1940  1940 D QSClockBellTower: Everyone heard the bell. run(currentTime:1570402560035,   getTime():Sun Oct 06 16:56:00 MDT 2019,   getTimeZone():libcore.util.ZoneInfo[id="America/Denver",mRawOffset=-25200000,mEarliestRawOffset=-25200000,mUseDst=true,mDstSavings=3600000,transitions=157])
10-06 16:56:00.042  1319  1360 W libprocessgroup: kill(-7025, 9) failed: No such process
10-06 16:56:00.048  1319  1360 W libprocessgroup: kill(-7025, 9) failed: No such process
10-06 16:56:00.054  1940  1940 I StackScroller: ADJUST STACK.TRANSLATION
10-06 16:56:00.054  1940  1940 I chatty  : uid=10010(com.samsung.android.app.aodservice) com.android.systemui identical 1 line
10-06 16:56:00.054  1940  1940 I StackScroller: ADJUST STACK.TRANSLATION
10-06 16:56:00.056  1036  1700 D bauth_FPBAuthService: pcf : 0x1012, 0 ,2 ,0 ,0 ,0 ,2, 2.0.4.1
10-06 16:56:00.056  1036  1700 D bauth_FPBAuthService: thread id : 2, preenroll_flag : 0, nd cnt : 1, cso : 2, et : 0
10-06 16:56:00.056  1036  1700 D bauth_FPBAuthService: FPBAuthService, 9962
10-06 16:56:00.058  1319  1658 D WifiTrafficPoller: TrafficStats TxPkts=1340658 RxPkts=3900597 TxBytes=269761256 RxBytes=4878053693 , Foreground uid=10271 pkgName=com.YourCompany.CSC567Final TxPackets=-1 RxPackets=-1 TxBytes=-1 RxBytes=-1
10-06 16:56:00.059  1319  1658 D WifiPermissionsUtil: canAccessScanResults: pkgName = android, uid = 1000
10-06 16:56:00.067  1319  1360 W libprocessgroup: kill(-7025, 9) failed: No such process
10-06 16:56:00.080  1319  1360 I chatty  : uid=1000(system) ActivityManager identical 2 lines
10-06 16:56:00.086  1319  1360 W libprocessgroup: kill(-7025, 9) failed: No such process
10-06 16:56:00.088  1940  1940 I StackScroller: ADJUST STACK.TRANSLATION
10-06 16:56:00.088  1940  1940 I chatty  : uid=10010(com.samsung.android.app.aodservice) com.android.systemui identical 1 line
10-06 16:56:00.088  1940  1940 I StackScroller: ADJUST STACK.TRANSLATION
10-06 16:56:00.094  1319  1360 W libprocessgroup: kill(-7025, 9) failed: No such process
10-06 16:56:00.096  1940  1940 D SecStatusBarWifiView: updateState: WifiIconState(resId=2131232605, visible=true, activityId=2131232610)
10-06 16:56:00.100  1319  1360 W libprocessgroup: kill(-7025, 9) failed: No such process
10-06 16:56:00.106  1319  1360 W libprocessgroup: kill(-7025, 9) failed: No such process
10-06 16:56:00.106  3732  3732 D AudioPlaybackControlManager: onPlaybackConfigChanged isMusicPlaying - 0 configs counts - 6
10-06 16:56:00.108  2189  3443 D ForegroundUtils: could not check pending caller
10-06 16:56:00.112  1319  1360 W libprocessgroup: kill(-7025, 9) failed: No such process
10-06 16:56:00.112  1319  1360 I libprocessgroup: Successfully killed process cgroup uid 10042 pid 7025 in 94ms
10-06 16:56:00.112   695   695 I Zygote  : Process 7025 exited due to signal (9)
10-06 16:56:00.114   803  9119 V APM_AudioPolicyManager: AudioPolicyManager:setRecordSilenced(uid:10042, silenced:1)
10-06 16:56:00.325  1880  1898 I System.out: Broadcasting: Intent { act=com.sec.intent.action.SARDEVICE_CP flg=0x10000000 (has extras) }
10-06 16:56:00.330  1319  1319 D InputManager: received SARDEVICE_CP, callAction = on deviceID = 513 cableConnection = 0 option = NONE slot = 0 mSARState1
10-06 16:56:00.331  1319  1319 D InputManager: not found sec_touchkey sar_enable file
10-06 16:56:00.331  1319  1319 D InputManager: enableDeviceForBackOff deviceID:0 deviceValue:1 mIsValidIntentForWifi:false
10-06 16:56:00.334  1319  1319 D MotionRecognitionService:   mReceiver.onReceive :CALL_ACTION_CHANGED : SARDEVICE_CP, callAction = on deviceID = 513 slot = 0
10-06 16:56:00.334  1319  1319 W MotionRecognitionService: SAR_GRIP on
10-06 16:56:00.334  1319  1319 D MotionRecognitionService: mSarGripSlot is 1
10-06 16:56:00.334  1319  1319 W MotionRecognitionService: DEFAULT
10-06 16:56:00.335  1880  2073 I System.out: Broadcast completed: result=0
10-06 16:56:00.623  1319  1633 D InputReader: Input event(8): value=1 when=315782.911501
10-06 16:56:00.623  1319  1633 D InputReader: Input event(8): value=1 when=315782.911501
10-06 16:56:00.623  1319  1633 I InputReader: Touch event's action is 0x0 (deviceType=0) [pCnt=1, s=0.14177 ] when=315782.911501
10-06 16:56:00.624  1319  1632 I InputDispatcher: Delivering touch to (1940): action: 0x4, displayId: 0, 'e2cc088', toolType: 1
10-06 16:56:00.624  1319  1632 I InputDispatcher: Delivering touch to (9776): action: 0x0, displayId: 0, 'fd5ceb1', toolType: 1
10-06 16:56:00.626  9776  9776 D ViewRootImpl@23f8068[GameActivity]: ViewPostIme pointer 0
10-06 16:56:00.697  1319  1633 D InputReader: Input event(8): value=0 when=315782.986863
10-06 16:56:00.697  1319  1633 D InputReader: Input event(8): value=0 when=315782.986863
10-06 16:56:00.697  1319  1633 I InputReader: Touch event's action is 0x1 (deviceType=0) [pCnt=1, s=] when=315782.986863
10-06 16:56:00.698  1319  1632 I InputDispatcher: Delivering touch to (9776): action: 0x1, displayId: 0, 'fd5ceb1', toolType: 1
10-06 16:56:00.700  9776  9776 D ViewRootImpl@23f8068[GameActivity]: ViewPostIme pointer 1
10-06 16:56:00.768  1319  1659 D WifiStateMachine: enter getWifiLinkLayerStats
10-06 16:56:00.768  1319  1659 I WifiVendorHal: getWifiLinkLayerStats(l.2972) before calling iface.getLinkLayerStats
10-06 16:56:00.807  1319  1659 I WifiVendorHal: getWifiLinkLayerStats(l.2972) after calling iface.getLinkLayerStats
10-06 16:56:00.831  1319  1633 D InputReader: Input event(8): value=1 when=315783.121064
10-06 16:56:00.831  1319  1633 D InputReader: Input event(8): value=1 when=315783.121064
10-06 16:56:00.831  1319  1633 I InputReader: Touch event's action is 0x0 (deviceType=0) [pCnt=1, s=0.14178 ] when=315783.121064
10-06 16:56:00.832  1319  1632 I InputDispatcher: Delivering touch to (1940): action: 0x4, displayId: 0, 'e2cc088', toolType: 1
10-06 16:56:00.832  1319  1632 I InputDispatcher: Delivering touch to (9776): action: 0x0, displayId: 0, 'fd5ceb1', toolType: 1
10-06 16:56:00.832  1319  1632 D PowerManagerService: [api] userActivityFromNative : 180 (event: 2 flags: 0) eventTime = 315783121
10-06 16:56:00.834  1319  1319 D GameManagerService: identifyGamePackage. com.YourCompany.CSC567Final
10-06 16:56:00.834  1319  1319 D GamePkgDataHelper: getGamePkgData(). com.YourCompany.CSC567Final
10-06 16:56:00.834  9776  9776 D ViewRootImpl@23f8068[GameActivity]: ViewPostIme pointer 0
10-06 16:56:00.835   774   819 E ANDR-PERF-MPCTL: Invalid profile no. 0, total profiles 0 only
10-06 16:56:00.835  1319  1319 D CustomFrequencyManagerService: acquireDVFSLockLocked : type : DVFS_MIN_LIMIT  frequency : 1056000  uid : 1000  pid : 1319  pkgName : GESTURE_DETECTED@CPU_MIN@54
10-06 16:56:00.874  1319  1659 I WifiStateMachine: checkScoreBasedQuality -  mPreviousScore[0]:77 mPreviousScore[1]:77 mPreviousScore[2]:78 s2Score:77mPrevoiusScoreAverage:77
10-06 16:56:00.898  1319  1633 D InputReader: Input event(8): value=0 when=315783.187723
10-06 16:56:00.898  1319  1633 D InputReader: Input event(8): value=0 when=315783.187723
10-06 16:56:00.898  1319  1633 I InputReader: Touch event's action is 0x1 (deviceType=0) [pCnt=1, s=] when=315783.187723
10-06 16:56:00.898  1319  1632 I InputDispatcher: Delivering touch to (9776): action: 0x1, displayId: 0, 'fd5ceb1', toolType: 1
10-06 16:56:00.900  9776  9776 D ViewRootImpl@23f8068[GameActivity]: ViewPostIme pointer 1
10-06 16:56:00.900  1319  1319 D GameManagerService: identifyGamePackage. com.YourCompany.CSC567Final
10-06 16:56:00.901  1319  1319 D GamePkgDataHelper: getGamePkgData(). com.YourCompany.CSC567Final
10-06 16:56:00.901  1319  1319 D CustomFrequencyManagerService: acquireDVFSLockLocked : type : DVFS_MIN_LIMIT  frequency : 1056000  uid : 1000  pid : 1319  pkgName : GESTURE_DETECTED@CPU_MIN@54
10-06 16:56:00.959  1940  2268 D NetworkController.MobileSignalController(0/2): onSignalStrengthsChanged signalStrength=SignalStrength: 99 99 -120 -160 -120 -160 -1 18 -103 -12 60 2147483647 0 2147483647 99 255 2147483647 0x4000 P gsm|lte use_rsrp_and_rssnr_for_lte_level  [-128, -118, -108, -98] [-115, -105, -95, -85] level=4
10-06 16:56:00.960  1940  2268 D NetworkController.MobileSignalController(0/2): getMobileIconGroup(): 13
10-06 16:56:00.960   762  5875 I sensors-hal: handle_sns_std_sensor_event:78, [SSC_LIGHT] physical_light lux: 134, mode: 2, copr: 0, brightness: 255, ts=441452040270165
10-06 16:56:00.960  1940  2268 D NetworkController.MobileSignalController(0/2): updateTMOMobileIconGroup(): 13
10-06 16:56:00.965  1319  1319 D Telecom:EchoLocateHandoverMgr: onSignalStrengthsChanged: SignalStrength: 99 99 -120 -160 -120 -160 -1 18 -103 -12 60 2147483647 0 2147483647 99 255 2147483647 0x4000 P gsm|lte use_rsrp_and_rssnr_for_lte_level  [-128, -118, -108, -98] [-115, -105, -95, -85]
10-06 16:56:00.987   762  5883 I sensors-hal: handle_sns_client_event:61, auto_rotation_event: start msgid:1025
10-06 16:56:00.988   762  5883 I sensors-hal: handle_sns_client_event:79, auto_rotation_event: 0
10-06 16:56:00.989  1319  1587 D SensorHubManager: onGetSensorHubDataLocked: library(4) = 1, 1, 7, 0
10-06 16:56:00.989  1319  1588 D CAE     : onGetSensorHubData(SensorHubParserProvider.java:91) - onGetSensorHubData Event [event buffer len :4], AP_WAKEUP
10-06 16:56:00.989  1319  1588 I CAE     : parse(SensorHubParserProvider.java:192) - buffer size = 4
10-06 16:56:00.989  1319  1588 I CAE     : parse(SensorHubParserProvider.java:203) - 1, 1, 7, 0,
10-06 16:56:00.990  1319  1588 D CAE     : display(ContextProvider.java:375) - ================= AUTO_ROTATION =================
10-06 16:56:00.990  1319  1588 I CAE     : display(ContextProvider.java:391) - Angle=[0]
10-06 16:56:00.991  1319  1599 D SemContextService: Service.updateContext() : service = Auto Rotation
10-06 16:56:00.991  1319  1358 D SemContextManager: onSemContextChanged() : event = Auto Rotation Angle : 0
10-06 16:56:00.991  1319  1358 D SemContextManager: AutoRotationEvent : Angle = 0
10-06 16:56:00.991  1319  1358 V WindowOrientationListener: OrientationSensorJudge.onSemContextChanged, Rotation: -1
10-06 16:56:01.056  1036  1700 D bauth_FPBAuthService: pcf : 0x1012, 0 ,2 ,0 ,0 ,0 ,2, 2.0.4.1
10-06 16:56:01.057  1036  1700 D bauth_FPBAuthService: thread id : 2, preenroll_flag : 0, nd cnt : 1, cso : 2, et : 0
10-06 16:56:01.057  1036  1700 D bauth_FPBAuthService: FPBAuthService, 9962
10-06 16:56:01.061  1319  1658 D WifiPermissionsUtil: canAccessScanResults: pkgName = android, uid = 1000
10-06 16:56:01.403  1319  1319 D CustomFrequencyManagerService: releaseDVFSLockLocked : Getting Lock type frm List : DVFS_MIN_LIMIT  frequency : 1056000  uid : 1000  pid : 1319  tag : GESTURE_DETECTED@CPU_MIN@54
10-06 16:56:01.404  1319  1358 V WindowOrientationListener: getProposedRotation :0
10-06 16:56:01.404  1319  1358 V WindowManager: rotationForOrientationLw(orient=4, last=0); user=0  sensorRotation=0 mLidState=-1 mDockMode=0 mHdmiPlugged=false
10-06 16:56:01.407   762  5883 I sensors-hal: handle_sns_client_event:61, auto_rotation_event: start msgid:1025
10-06 16:56:01.408   762  5883 I sensors-hal: handle_sns_client_event:79, auto_rotation_event: 255
10-06 16:56:01.410  1319  1587 D SensorHubManager: onGetSensorHubDataLocked: library(4) = 1, 1, 7, -1
10-06 16:56:01.412  1319  1588 D CAE     : onGetSensorHubData(SensorHubParserProvider.java:91) - onGetSensorHubData Event [event buffer len :4], AP_WAKEUP
10-06 16:56:01.412  1319  1588 I CAE     : parse(SensorHubParserProvider.java:192) - buffer size = 4
10-06 16:56:01.413  1319  1588 I CAE     : parse(SensorHubParserProvider.java:203) - 1, 1, 7, -1,
10-06 16:56:01.413  1319  1588 D CAE     : display(ContextProvider.java:375) - ================= AUTO_ROTATION =================
10-06 16:56:01.414  1319  1588 I CAE     : display(ContextProvider.java:391) - Angle=[-1]
10-06 16:56:01.415  1319  1599 D SemContextService: Service.updateContext() : service = Auto Rotation
10-06 16:56:01.417  1319  1358 D SemContextManager: onSemContextChanged() : event = Auto Rotation Angle : -1
10-06 16:56:01.417  1319  1358 D SemContextManager: AutoRotationEvent : Angle = -1
10-06 16:56:01.417  1319  1358 V WindowOrientationListener: OrientationSensorJudge.onSemContextChanged, Rotation: -1
10-06 16:56:01.733  1940  2268 D NetworkController.MobileSignalController(0/2): onSignalStrengthsChanged signalStrength=SignalStrength: 99 99 -120 -160 -120 -160 -1 19 -103 -12 58 2147483647 0 2147483647 99 255 2147483647 0x4000 P gsm|lte use_rsrp_and_rssnr_for_lte_level  [-128, -118, -108, -98] [-115, -105, -95, -85] level=4
10-06 16:56:01.733  1940  2268 D NetworkController.MobileSignalController(0/2): getMobileIconGroup(): 13
10-06 16:56:01.733  1940  2268 D NetworkController.MobileSignalController(0/2): updateTMOMobileIconGroup(): 13
10-06 16:56:01.740  1319  1319 D Telecom:EchoLocateHandoverMgr: onSignalStrengthsChanged: SignalStrength: 99 99 -120 -160 -120 -160 -1 19 -103 -12 58 2147483647 0 2147483647 99 255 2147483647 0x4000 P gsm|lte use_rsrp_and_rssnr_for_lte_level  [-128, -118, -108, -98] [-115, -105, -95, -85]
10-06 16:56:01.745  8882  8882 E adbd    : failed to connect to socket 'tcp:6666': Connection refused
10-06 16:56:01.928  2940  2940 D io_stats: !@   8,0 r 4966810 181706656 w 2653229 60235352 d 266070 121191704 f 706127 962810 iot 3900860 2999897 th 102400 0 0 pt 0 inp 0 0 315784.217
10-06 16:56:02.057  1036  1700 D bauth_FPBAuthService: pcf : 0x1012, 0 ,2 ,0 ,0 ,0 ,2, 2.0.4.1
10-06 16:56:02.057  1036  1700 D bauth_FPBAuthService: thread id : 2, preenroll_flag : 0, nd cnt : 1, cso : 2, et : 0
10-06 16:56:02.057  1036  1700 D bauth_FPBAuthService: FPBAuthService, 9962
10-06 16:56:02.065  1319  1658 D WifiPermissionsUtil: canAccessScanResults: pkgName = android, uid = 1000
10-06 16:56:02.360   762  5875 I sensors-hal: handle_sns_std_sensor_event:78, [SSC_LIGHT] physical_light lux: 112, mode: 2, copr: 0, brightness: 255, ts=441453440277456
10-06 16:56:02.458   693   705 D Netd    : notify() code: 614, msg: Address updated 2601:281:c901:8d71:6b92:b96d:e5ab:3dab/64 wlan0 0 0
10-06 16:56:02.459   693   705 D Netd    : notify() code: 614, msg: Address updated 2601:281:c901:8d71:945:bc3b:9c5d:f7bc/64 wlan0 1 0
10-06 16:56:02.459   693   705 D Netd    : notify() code: 615, msg: DnsInfo servers wlan0 86400 2001:558:feed::1,2001:558:feed::2
10-06 16:56:02.461   767   767 D WifiHAL : Setting APF program, halHandle = 0x7b3562d6a0
10-06 16:56:02.461   767   767 I WifiHAL : 
10-06 16:56:02.461   767   767 I WifiHAL : createRequest: APF set program request
10-06 16:56:02.465  2034  2058 D EPDG -- [NETMGMT]: Interface wlan0 address updated
10-06 16:56:02.466  2034  2421 D EPDG -- SIM0 [EpdgSubScription]: EpdgAddressUpdated: address: 2601:281:c901:8d71:6b92:b96d:e5ab:3dab iface: wlan0mFqdnRetryCount : 0
10-06 16:56:02.467  2034  2058 D EPDG -- [NETMGMT]: Interface wlan0 address updated
10-06 16:56:02.469  2034  2421 D EPDG -- SIM0 [EpdgSubScription]: EpdgAddressUpdated: address: 2601:281:c901:8d71:945:bc3b:9c5d:f7bc iface: wlan0mFqdnRetryCount : 0
10-06 16:56:02.476   767   767 I WifiHAL : Done!
10-06 16:56:02.590  1319  4001 D SensorService: Calling activate off 6
10-06 16:56:02.590   762  1554 I sensors-hal: batch:202, android.sensor.accelerometer/6, period=20000000, max_latency=0
10-06 16:56:02.590   762  1554 I sensors-hal: batch:211, android.sensor.accelerometer/6, period=20000000, max_latency=0 request completed
10-06 16:56:02.592  2435  9926 D SensorManager: unregisterListener ::   
10-06 16:56:02.613  3745  3916 D SDHMS:s : SIOP:: AP:175(308,130) BAT:262(262,0) CHG:173(282,100) USB:266(266,0) WIFI:223(278,50) PA:238(296,50) LRP:271(271,-999) ATC:0(0,-999) 
10-06 16:56:02.655  1319  1357 I ActivityManager: Killing 8144:com.samsung.android.fmm/1000 (adj 906): empty #31
10-06 16:56:02.659  1319  1360 W libprocessgroup: kill(-8144, 9) failed: No such process
10-06 16:56:02.702  1319  4015 D SamsungAlarmManager: setExact Intent (T:2/F:1/AC:false) 20191006T165602 - CU:10044/CP:2435
10-06 16:56:02.703  1319  1360 I chatty  : uid=1000(system) ActivityManager identical 5 lines
10-06 16:56:02.703  1319  4015 I SamsungAlarmManager: setLocked to kernel - T:2 / 20191006T165603, SetElapsed=441454786, nowELAPSED=441453791
10-06 16:56:02.708  1319  1360 W libprocessgroup: kill(-8144, 9) failed: No such process
10-06 16:56:02.710  1319  4015 D ConnectivityService: filterNetworkStateForUid() uid: 10044, pid: 2435
10-06 16:56:02.710  1319  4015 D ConnectivityService: filterNetworkStateForUid() uid: 10044, pid: 2435, networkInfo: [type: WIFI[], state: CONNECTED/CONNECTED, reason: (unspecified), extra: (none), failover: false, available: true, roaming: false]
10-06 16:56:02.712  2435  9897 E rs$DefaultThreadFactory: ===== Detect pool-thread leak =====
10-06 16:56:02.712  2435  9897 E rs$DefaultThreadFactory: dalvik.system.VMStack.getThreadStackTrace(Native Method)
10-06 16:56:02.712  2435  9897 E rs$DefaultThreadFactory: java.lang.Thread.getStackTrace(Thread.java:1538)
10-06 16:56:02.712  2435  9897 E rs$DefaultThreadFactory: java.util.concurrent.Executors$DefaultThreadFactory.newThread(Executors.java:569)
10-06 16:56:02.712  2435  9897 E rs$DefaultThreadFactory: spg.newThread(Unknown Source:9)
10-06 16:56:02.712  2435  9897 E rs$DefaultThreadFactory: java.util.concurrent.ThreadPoolExecutor$Worker.<init>(ThreadPoolExecutor.java:636)
10-06 16:56:02.712  2435  9897 E rs$DefaultThreadFactory: java.util.concurrent.ThreadPoolExecutor.addWorker(ThreadPoolExecutor.java:950)
10-06 16:56:02.712  2435  9897 E rs$DefaultThreadFactory: java.util.concurrent.ThreadPoolExecutor.execute(ThreadPoolExecutor.java:1393)
10-06 16:56:02.712  2435  9897 E rs$DefaultThreadFactory: sjn.a(:com.google.android.gms@19275039@19.2.75 (100408-269183835):14)
10-06 16:56:02.712  2435  9897 E rs$DefaultThreadFactory: sjn.execute(:com.google.android.gms@19275039@19.2.75 (100408-269183835):2)
10-06 16:56:02.712  2435  9897 E rs$DefaultThreadFactory: zvv.run(:com.google.android.gms@19275039@19.2.75 (100408-269183835):20)
10-06 16:56:02.712  2435  9897 E rs$DefaultThreadFactory: bkgy.run(:com.google.android.gms@19275039@19.2.75 (100408-269183835):2)
10-06 16:56:02.712  2435  9897 E rs$DefaultThreadFactory: sjm.b(:com.google.android.gms@19275039@19.2.75 (100408-269183835):33)
10-06 16:56:02.712  2435  9897 E rs$DefaultThreadFactory: sjm.run(:com.google.android.gms@19275039@19.2.75 (100408-269183835):21)
10-06 16:56:02.712  2435  9897 E rs$DefaultThreadFactory: java.util.concurrent.ThreadPoolExecutor.runWorker(ThreadPoolExecutor.java:1167)
10-06 16:56:02.712  2435  9897 E rs$DefaultThreadFactory: java.util.concurrent.ThreadPoolExecutor$Worker.run(ThreadPoolExecutor.java:641)
10-06 16:56:02.712  2435  9897 E rs$DefaultThreadFactory: spf.run(Unknown Source:7)
10-06 16:56:02.712  2435  9897 E rs$DefaultThreadFactory: java.lang.Thread.run(Thread.java:764)
10-06 16:56:02.714  1319  1360 W libprocessgroup: kill(-8144, 9) failed: No such process
10-06 16:56:02.719  2189  3443 D ForegroundUtils: could not check pending caller
10-06 16:56:02.720  1319  1360 W libprocessgroup: kill(-8144, 9) failed: No such process
10-06 16:56:02.723   694   694 I Zygote  : Process 8144 exited due to signal (9)
10-06 16:56:02.725  1319  1360 W libprocessgroup: kill(-8144, 9) failed: No such process
10-06 16:56:02.726  1319  1360 I libprocessgroup: Successfully killed process cgroup uid 1000 pid 8144 in 67ms
10-06 16:56:02.914  1319  4015 D CustomFrequencyManagerService: FrequencyrequestList.getNextSchedTuneBoostRequest, index: 0
10-06 16:56:03.057  1036  1700 D bauth_FPBAuthService: pcf : 0x1012, 0 ,2 ,0 ,0 ,0 ,2, 2.0.4.1
10-06 16:56:03.057  1036  1700 D bauth_FPBAuthService: thread id : 2, preenroll_flag : 0, nd cnt : 1, cso : 2, et : 0
10-06 16:56:03.057  1036  1700 D bauth_FPBAuthService: FPBAuthService, 9962
10-06 16:56:03.069  1319  1658 D WifiPermissionsUtil: canAccessScanResults: pkgName = android, uid = 1000
10-06 16:56:03.211  1940  2268 D NetworkController.MobileSignalController(0/2): onSignalStrengthsChanged signalStrength=SignalStrength: 99 99 -120 -160 -120 -160 -1 19 -104 -12 56 2147483647 0 2147483647 99 255 2147483647 0x4000 P gsm|lte use_rsrp_and_rssnr_for_lte_level  [-128, -118, -108, -98] [-115, -105, -95, -85] level=4
10-06 16:56:03.211  1940  2268 D NetworkController.MobileSignalController(0/2): getMobileIconGroup(): 13
10-06 16:56:03.211  1940  2268 D NetworkController.MobileSignalController(0/2): updateTMOMobileIconGroup(): 13
10-06 16:56:03.214  1319  1319 D Telecom:EchoLocateHandoverMgr: onSignalStrengthsChanged: SignalStrength: 99 99 -120 -160 -120 -160 -1 19 -104 -12 56 2147483647 0 2147483647 99 255 2147483647 0x4000 P gsm|lte use_rsrp_and_rssnr_for_lte_level  [-128, -118, -108, -98] [-115, -105, -95, -85]
10-06 16:56:03.361   762  1554 D SensorsBio: Als_common::setDelay, handle : 1 time : 1000000ns
10-06 16:56:03.362   762   762 D SensorsBio: Als_common::enable, handle : 1, mode : 0, en : 1
10-06 16:56:03.363   762   762 D SensorsBio: Als_common::sendCommand, send enable command
10-06 16:56:03.375  1319  1558 D SensorService: [FLICKERLIGHT] Enable Rear Light Sensor
10-06 16:56:03.376   762   762 I sensors-hal: batch:202, com.samsung.sensor.call_gesture/17, period=1000000, max_latency=0
10-06 16:56:03.376   762   762 I sensors-hal: batch:211, com.samsung.sensor.call_gesture/17, period=1000000, max_latency=0 request completed
10-06 16:56:03.376   762   762 I sensors-hal: activate:129, activate handle 17 
10-06 16:56:03.376   762   762 I sensors-hal: activate:134, com.samsung.sensor.call_gesture/17 en=1
10-06 16:56:03.377   762   762 I sensors-hal: ssc_enable_rt_task:254, ssc_enable_rt_task : true
10-06 16:56:03.391   762   762 I sensors-hal: activate:145, com.samsung.sensor.call_gesture/17 en=1 completed
10-06 16:56:03.391   762  9935 I sensors-hal: handle_indication_realtime:369,  SCHED_FIFO(10) for qmi_cbk
10-06 16:56:03.391   762  9935 I sensors-hal: handle_sns_client_event:46, call_gesture ts=441454478101675, event:4.000000
10-06 16:56:03.391  1319  1558 D SensorService: [FLICKERLIGHT] Enable Move Nomove Detector Sensor
10-06 16:56:03.391  1319  1558 D SensorService: [FLICKERLIGHT] move nomove detector value : 4
10-06 16:56:03.431  1319  1558 W SensorService: [FLICKERLIGHT] lux value : 92, code value : 255, als value : 7
10-06 16:56:03.431  1319  1558 D SensorService: [FLICKERLIGHT] update first Lux : 92, Als : 7
10-06 16:56:03.632   762   837 D SensorsBio: Als_common::readEvents, enabled : 0, data : 78.000000, 4.000000, 5.000000, 5.000000, 7.000000, 50000.000000, 64000.000000
10-06 16:56:03.697  1319  1584 D SamsungAlarmManager: Expired : 4
10-06 16:56:03.698  1319  1584 V SamsungAlarmManager: Sending to uid : 10044 action=com.google.android.location.ALARM_WAKEUP_ACTIVITY_DETECTION alarm=Alarm{87de901 type 2 when 441453786 com.google.android.gms}
10-06 16:56:03.700  1319  1584 I SamsungAlarmManager: setLocked to kernel - T:2 / 20191006T165610, SetElapsed=441462030, nowELAPSED=441454789
10-06 16:56:03.702  1319  1852 D WifiPermissionsUtil: canAccessScanResults: pkgName = android, uid = 1000
10-06 16:56:03.708  1319  4015 I SensorService: createSensorEventConnection package name bevm
10-06 16:56:03.711  1319  4015 D SensorService: Calling batch handle==6 flags=0 rate=20000000 timeout== 0
10-06 16:56:03.711   762   762 I sensors-hal: flush:231, android.sensor.accelerometer/6
10-06 16:56:03.714   762   762 I sensors-hal: flush:237, android.sensor.accelerometer/6 completed
10-06 16:56:03.714  2435  9938 D SensorManager: registerListener :: 6, LSM6DSO Accelerometer, 20000, 0,  
10-06 16:56:03.754  8882  8882 E adbd    : failed to connect to socket 'tcp:6666': Connection refused
10-06 16:56:03.876  1319  1659 D WifiStateMachine: enter getWifiLinkLayerStats
10-06 16:56:03.877  1319  1659 I WifiVendorHal: getWifiLinkLayerStats(l.2972) before calling iface.getLinkLayerStats
