--------- beginning of main
10-06 16:55:41.516  9689  9723 D [[WEATHER](161257@0)] : {[81FBFFC63F3D8FFB4F26A7FD83BEB90E69F89459BD8299A9A6D9EA9155B4FD52BB8110AF4CD262495A1AE17A3BF2C28B]}
10-06 16:55:41.516  9689  9723 D [[WEATHER](161257@0)] : {[81FBFFC63F3D8FFB4F26A7FD83BEB90EA09A57C9021F7D402CCC36853CCA455A905D97729DDA51CC26D132A7CF9FE9EA]}
10-06 16:55:41.517  9689  9723 D [[WEATHER](161257@0)] : {[81FBFFC63F3D8FFB4F26A7FD83BEB90EA5F23F11519C0F0FBC1FE4BACA2701DA087D844BEC0F2CA6508E926920E1F20EDD72B54A35D3FB100098270A26E2FE328D8AB9D0F23EB186C6C7F806259E2DFD]}
10-06 16:55:41.518  9689  9723 D [[WEATHER](161257@0)] : {[81FBFFC63F3D8FFB4F26A7FD83BEB90E68F4E20AC8E438C7E409733F9D2A18EA4C9D97871FCB83D56F558ED03FD8FD2761F5D00FBC5F9A94CB4BAE076FF35D3F66CA10AD3D2F2D733BC0A472FCDBBDB3]}
10-06 16:55:41.518  9689  9723 D [[WEATHER](161257@0)] : {[81FBFFC63F3D8FFB4F26A7FD83BEB90E9E327FDA9AF51F42B288784B68C7987721BE1AB61045B55F4AEBF61DE4841B068F113C060A023007E9B9DCBEC95440AE141DA5C3E75148C9F904CAEEAD6CB609]}
--------- beginning of system
10-06 16:55:41.522  1319  3966 D SamsungAlarmManager: setExact Intent (T:1/F:1/AC:false) 20191006T215059 - CU:10139/CP:9689
10-06 16:55:41.523  1319  3966 I SamsungAlarmManager: setLocked to kernel - T:2 / 20191006T165549, SetElapsed=441440191, nowELAPSED=441432611
10-06 16:55:41.541  1319  3966 I ActivityManager: Killing 9049:com.sec.spp.push:RemoteDlcProcess/u0a69 (adj 906): empty #31
10-06 16:55:41.542  1319  1360 W libprocessgroup: kill(-9049, 9) failed: No such process
10-06 16:55:41.563  1319  1360 I chatty  : uid=1000(system) ActivityManager identical 4 lines
10-06 16:55:41.569  1319  1360 W libprocessgroup: kill(-9049, 9) failed: No such process
10-06 16:55:41.573   694   694 I Zygote  : Process 9049 exited due to signal (9)
10-06 16:55:41.574  2189  3443 D ForegroundUtils: could not check pending caller
10-06 16:55:41.575  1319  1360 W libprocessgroup: kill(-9049, 9) failed: No such process
10-06 16:55:41.575  1319  1360 I libprocessgroup: Successfully killed process cgroup uid 10069 pid 9049 in 33ms
10-06 16:55:41.650  8882  8882 E adbd    : failed to connect to socket 'tcp:6666': Connection refused
10-06 16:55:41.659   762   837 D SensorsBio: Als_common::readEvents, enabled : 0, data : 9.000000, 1.000000, 1.000000, 1.000000, 2.000000, 50000.000000, 64000.000000
10-06 16:55:41.659  1319  1558 I SensorService: [FLICKERLIGHT] lux value : 86, code value : 255, als value : 2
10-06 16:55:41.822  1319  4010 I ActivityManager: START u0 {act=null typ=null flg=0x10000000 cmp=ComponentInfo{com.YourCompany.CSC567Final/com.epicgames.ue4.SplashActivity}} from uid 2000
10-06 16:55:41.828   774   819 E ANDR-PERF-MPCTL: Invalid profile no. 0, total profiles 0 only
10-06 16:55:41.832  1319  4010 D CustomFrequencyManagerService: acquireDVFSLockLocked : type : DVFS_MIN_LIMIT  frequency : 2841600  uid : 1000  pid : 1319  pkgName : AMS_APP_SWITCH@CPU_MIN@42
10-06 16:55:41.832  1319  4010 D ActivityManagerPerformance: AMP_acquire() APP_SWITCH
10-06 16:55:41.833  1319  4010 I ActivityManager: [IOP] sourceDir : /data/app/com.YourCompany.CSC567Final-OilVkiPj8vFuU2xpjMxr9Q== in ActivityStacksupervisor
10-06 16:55:41.833  1319  4010 E ANDR-PERF-JNI: com_qualcomm_qtiperformance_native_perf_io_prefetch_start
10-06 16:55:41.833   773   773 E ANDR-IOP: IOP HAL: Received pkg_name = com.YourCompany.CSC567Final pid = -1
10-06 16:55:41.835   806   806 I SurfaceFlinger: id=17493 createSurf (4560x4560),2 flag=4, Stack=251#0
10-06 16:55:41.838   806   806 I SurfaceFlinger: id=17494 createSurf (4560x4560),-1 flag=20004, animation background stackId=251#0
10-06 16:55:41.840   806   806 I SurfaceFlinger: id=17495 createSurf (4560x4560),2 flag=4, Task=195#0
10-06 16:55:41.845   806   806 I SurfaceFlinger: id=17496 createSurf (4560x4560),2 flag=4, AppWindowToken{399fb57 token=Token{5cfacd6 ActivityRecord{5b548f1 u0 com.YourCompany.CSC567Final/com.epicgames.ue4.SplashActivity t195}}}#0
10-06 16:55:41.847   773   815 E ANDR-IOP: io prefetch is disabled
10-06 16:55:41.847  1319  4010 D ActivityManager: [PIP] Update supportsEnterPipOnTaskSwitch(startActivityLocked
10-06 16:55:41.849 10914 10914 V Launcher: Launcher.onPause()
10-06 16:55:41.849 10914 10914 D HotwordClientUtils: setHotWordDetection : call requestHotWordDetection false
10-06 16:55:41.850  8376  8400 I WorkerManager: Releasing worker: [sharedmicrodetection]/[17]/[com.google.android.apps.gsa.staticplugins.microdetection.ao]
10-06 16:55:41.850  8376  8400 I WorkerManager: Releasing worker: [sharedmicrodetection]/[17]/[com.google.android.apps.gsa.staticplugins.microdetection.ao]
10-06 16:55:41.850  8376  8400 I WorkerManager: Releasing worker: [sharebear]/[124]/[com.google.android.apps.gsa.staticplugins.sharebear.az]
10-06 16:55:41.851  8376  8400 I chatty  : uid=10115(com.google.android.googlequicksearchbox) EventBus0 identical 2 lines
10-06 16:55:41.851  8376  8400 I WorkerManager: Releasing worker: [sharebear]/[124]/[com.google.android.apps.gsa.staticplugins.sharebear.az]
10-06 16:55:41.852  1319  1319 D CS_HdrController: updateMultiWindowState : 0
10-06 16:55:41.857  1319  1319 D MdnieScenarioControlService: MultiWindowState : false , mode : 0
10-06 16:55:41.859  1319  3966 D StorageManagerService: getExternalStorageMountMode : 3
10-06 16:55:41.859  1319  3966 D StorageManagerService: getExternalStorageMountMode : 3
10-06 16:55:41.859  1319  3966 D StorageManagerService: getExternalStorageMountMode : final mountMode=3, uid : 10271, packageName : com.YourCompany.CSC567Final
10-06 16:55:41.859  1319  3966 I ApplicationPolicy: isApplicationExternalStorageWhitelisted:com.YourCompany.CSC567Final user:0
10-06 16:55:41.859  1319  3966 D ApplicationPolicy: isApplicationExternalStorageWhitelisted: DO is not enabled on user 0. Allowed.
10-06 16:55:41.859  1319  3966 D ActivityManager: package  com.YourCompany.CSC567Final, user - 0 is SDcard whitelisted
10-06 16:55:41.859  1319  3966 I ApplicationPolicy: isApplicationExternalStorageBlacklisted:com.YourCompany.CSC567Final user:0
10-06 16:55:41.859  1319  3966 D ApplicationPolicy: isApplicationExternalStorageBlacklisted: DO is not enabled on user 0. Allowed.
10-06 16:55:41.859  1319  3966 I ApplicationPolicy: isApplicationExternalStorageBlacklisted:com.YourCompany.CSC567Final user:0
10-06 16:55:41.859  1319  3966 D ApplicationPolicy: isApplicationExternalStorageBlacklisted: DO is not enabled on user 0. Allowed.
10-06 16:55:41.860  1319  1319 D Telecom:SamsungPrebindingServiceImpl: onTopActivityChanged ComponentInfo{com.YourCompany.CSC567Final/com.epicgames.ue4.SplashActivity}
10-06 16:55:41.861  1319  3966 V ActivityManager: Scheduling idle now: forceIdle=trueimmediate=true
10-06 16:55:41.861  8376  8400 I WorkerManager: Releasing worker: [searchwidget]/[59]/[com.google.android.apps.gsa.staticplugins.searchwidget.ai]
10-06 16:55:41.861  8376  8400 I WorkerManager: Releasing worker: [searchwidget]/[59]/[com.google.android.apps.gsa.staticplugins.searchwidget.ai]
10-06 16:55:41.862  8376  8400 I WorkerManager: Releasing worker: [searchplate]/[26]/[com.google.android.apps.gsa.staticplugins.ec.c]
10-06 16:55:41.862  8376  8400 I chatty  : uid=10115(com.google.android.googlequicksearchbox) EventBus0 identical 2 lines
10-06 16:55:41.862  8376  8400 I WorkerManager: Releasing worker: [searchplate]/[26]/[com.google.android.apps.gsa.staticplugins.ec.c]
10-06 16:55:41.863  1319  3966 V WindowManager: Relayout Window{545fdb1 u0 com.sec.android.app.launcher/com.sec.android.app.launcher.activities.LauncherActivity}: viewVisibility=0 req=1080x2280 {(0,0)(fillxfill) sim={adjust=nothing} layoutInDisplayCutoutMode=always ty=BASE_APPLICATION fmt=TRANSPARENT wanim=0x10302ec
10-06 16:55:41.863  1319  3966 V WindowManager:   fl=81910d00
10-06 16:55:41.863  1319  3966 V WindowManager:   pfl=20000
10-06 16:55:41.863  1319  3966 V WindowManager:   vsysui=700 dimDuration=100 naviIconColor=0}
10-06 16:55:41.870  1319  3966 V WindowOrientationListener: getProposedRotation :-1
10-06 16:55:41.870  1319  3966 V WindowManager: rotationForOrientationLw(orient=4, last=0); user=0  sensorRotation=-1 mLidState=-1 mDockMode=0 mHdmiPlugged=false
10-06 16:55:41.871  8376  8400 I WorkerManager: Releasing worker: [searchboxroot]/[24]/[com.google.android.apps.gsa.staticplugins.searchboxroot.w]
10-06 16:55:41.871  8376  8400 I WorkerManager: Releasing worker: [searchboxroot]/[24]/[com.google.android.apps.gsa.staticplugins.searchboxroot.w]
10-06 16:55:41.872 10914 10914 D ViewRootImpl@b25260b[LauncherActivity]: Relayout returned: old=[0,0][1080,2280] new=[0,0][1080,2280] result=0x1 surface={valid=true 490749825024} changed=false
10-06 16:55:41.872  8376  8400 I WorkerManager: Releasing worker: [searchboxroot]/[24]/[com.google.android.apps.gsa.staticplugins.searchboxroot.w]
10-06 16:55:41.872  8376  8400 I WorkerManager: Releasing worker: [searchboxroot]/[24]/[com.google.android.apps.gsa.staticplugins.searchboxroot.w]
10-06 16:55:41.872  8376  8421 I PBSessionCacheImpl: Deleted sessionId[36839607979441478] from persistence.
10-06 16:55:41.873  8376  8400 I WorkerManager: Releasing worker: [actions]/[1]/[com.google.android.apps.gsa.staticplugins.actions.q]
10-06 16:55:41.873  8376  8400 I WorkerManager: Releasing worker: [actions]/[1]/[com.google.android.apps.gsa.staticplugins.actions.q]
10-06 16:55:41.874  1319  1368 D PowerManagerService: [api] setScreenDimDurationOverrideFromWindowManagerInternal: timeoutMillis: -1
10-06 16:55:41.874  9776  9776 E Zygote  : isWhitelistProcess - Process is Whitelisted
10-06 16:55:41.874  1319  1546 I DecorView: createDecorCaptionView >> DecorView@6c2f2b0[CSC567Final], isFloating: false, isApplication: false, hasWindowDecorCaption: false, hasWindowControllerCallback: false
10-06 16:55:41.874  8376  8400 I WorkerManager: Releasing worker: [searchboxroot]/[24]/[com.google.android.apps.gsa.staticplugins.searchboxroot.w]
10-06 16:55:41.874  9776  9776 E Zygote  : accessInfo : 1
10-06 16:55:41.875  1319  1359 I ActivityManager: Start proc 9776:com.YourCompany.CSC567Final/u0a271 for activity com.YourCompany.CSC567Final/com.epicgames.ue4.SplashActivity
10-06 16:55:41.875  8376  8400 I chatty  : uid=10115(com.google.android.googlequicksearchbox) EventBus0 expire 2 lines
10-06 16:55:41.875  8376  8400 I WorkerManager: Releasing worker: [searchboxroot]/[24]/[com.google.android.apps.gsa.staticplugins.searchboxroot.w]
10-06 16:55:41.875  8376  8400 I WorkerManager: Releasing worker: [actions]/[1]/[com.google.android.apps.gsa.staticplugins.actions.q]
10-06 16:55:41.875  8376  8400 I WorkerManager: Releasing worker: [actions]/[1]/[com.google.android.apps.gsa.staticplugins.actions.q]
10-06 16:55:41.876  8376  8400 I WorkerManager: Releasing worker: [legacyui]/[63]/[com.google.android.apps.gsa.staticplugins.by.a]
10-06 16:55:41.876  8376  8400 I WorkerManager: Releasing worker: [legacyui]/[63]/[com.google.android.apps.gsa.staticplugins.by.a]
10-06 16:55:41.876  1319  1546 D InputTransport: Input channel constructed: fd=707
10-06 16:55:41.876  1319  1546 D InputTransport: Input channel constructed: fd=708
10-06 16:55:41.876  8376  8400 I WorkerManager: Releasing worker: [searchplate]/[26]/[com.google.android.apps.gsa.staticplugins.ec.c]
10-06 16:55:41.877  8376  8400 I chatty  : uid=10115(com.google.android.googlequicksearchbox) EventBus0 identical 2 lines
10-06 16:55:41.877  8376  8400 I WorkerManager: Releasing worker: [searchplate]/[26]/[com.google.android.apps.gsa.staticplugins.ec.c]
10-06 16:55:41.877  8376  8400 I WorkerManager: Releasing worker: [conversation]/[44]/[com.google.android.apps.gsa.staticplugins.ai.a]
10-06 16:55:41.877  8376  8400 I WorkerManager: Releasing worker: [conversation]/[44]/[com.google.android.apps.gsa.staticplugins.ai.a]
10-06 16:55:41.877   806   806 I SurfaceFlinger: id=17497 createSurf (4560x4560),2 flag=4, f0feae5 Splash Screen com.YourCompany.CSC567Final#0
10-06 16:55:41.877  8376  8400 I WorkerManager: Releasing worker: [message]/[68]/[com.google.android.apps.gsa.staticplugins.messages.p]
10-06 16:55:41.877  8376  8400 I WorkerManager: Releasing worker: [message]/[68]/[com.google.android.apps.gsa.staticplugins.messages.p]
10-06 16:55:41.877  8376  8400 I WorkerManager: Releasing worker: [context]/[50]/[com.google.android.apps.gsa.staticplugins.ah.n]
10-06 16:55:41.878  8376  8400 I WorkerManager: Releasing worker: [context]/[50]/[com.google.android.apps.gsa.staticplugins.ah.n]
10-06 16:55:41.878  8376  8400 I WorkerManager: Releasing worker: [actionvelogging]/[2]/[com.google.android.apps.gsa.staticplugins.a.d]
10-06 16:55:41.878  8376  8400 I WorkerManager: Releasing worker: [actionvelogging]/[2]/[com.google.android.apps.gsa.staticplugins.a.d]
10-06 16:55:41.878  8376  8400 I WorkerManager: Releasing worker: [sharedmicrodetection]/[17]/[com.google.android.apps.gsa.staticplugins.microdetection.ao]
10-06 16:55:41.879  8376  8400 I WorkerManager: Releasing worker: [sharedmicrodetection]/[17]/[com.google.android.apps.gsa.staticplugins.microdetection.ao]
10-06 16:55:41.879  8376  8400 I WorkerManager: Releasing worker: [audio]/[4]/[com.google.android.apps.gsa.staticplugins.m.n]
10-06 16:55:41.879  8376  8400 I chatty  : uid=10115(com.google.android.googlequicksearchbox) EventBus0 identical 2 lines
10-06 16:55:41.879  8376  8400 I WorkerManager: Releasing worker: [audio]/[4]/[com.google.android.apps.gsa.staticplugins.m.n]
10-06 16:55:41.879  1319  1546 D ViewRootImpl@fdc89dc[CSC567Final]: setView = DecorView@6c2f2b0[CSC567Final] TM=true MM=false
10-06 16:55:41.879  8376  8400 I WorkerManager: Releasing worker: [progress]/[379]/[com.google.android.apps.gsa.staticplugins.de.a]
10-06 16:55:41.880  8376  8400 I WorkerManager: Releasing worker: [progress]/[379]/[com.google.android.apps.gsa.staticplugins.de.a]
10-06 16:55:41.880  8376  8400 I WorkerManager: Releasing worker: [sharebear]/[124]/[com.google.android.apps.gsa.staticplugins.sharebear.az]
10-06 16:55:41.880  8376  8400 I WorkerManager: Releasing worker: [sharebear]/[124]/[com.google.android.apps.gsa.staticplugins.sharebear.az]
10-06 16:55:41.880  8376  8400 I WorkerManager: Releasing worker: [logo_header]/[71]/[com.google.android.apps.gsa.staticplugins.cc.a]
10-06 16:55:41.880  8376  8400 I WorkerManager: Releasing worker: [logo_header]/[71]/[com.google.android.apps.gsa.staticplugins.cc.a]
10-06 16:55:41.881  8376  8400 I WorkerManager: Releasing worker: [sharebear]/[124]/[com.google.android.apps.gsa.staticplugins.sharebear.az]
10-06 16:55:41.881  8376  8400 I WorkerManager: Releasing worker: [sharebear]/[124]/[com.google.android.apps.gsa.staticplugins.sharebear.az]
10-06 16:55:41.881  8376  8400 I WorkerManager: Releasing worker: [searchboxroot]/[24]/[com.google.android.apps.gsa.staticplugins.searchboxroot.w]
10-06 16:55:41.881  8376  8400 I WorkerManager: Releasing worker: [searchboxroot]/[24]/[com.google.android.apps.gsa.staticplugins.searchboxroot.w]
10-06 16:55:41.881  8376  8400 I WorkerManager: Releasing worker: [actions]/[1]/[com.google.android.apps.gsa.staticplugins.actions.q]
10-06 16:55:41.882  8376  8400 I chatty  : uid=10115(com.google.android.googlequicksearchbox) EventBus0 identical 2 lines
10-06 16:55:41.882  8376  8400 I WorkerManager: Releasing worker: [actions]/[1]/[com.google.android.apps.gsa.staticplugins.actions.q]
10-06 16:55:41.883  8376  8400 I WorkerManager: Releasing worker: [sharedmicrodetection]/[17]/[com.google.android.apps.gsa.staticplugins.microdetection.ao]
10-06 16:55:41.883  8376  8400 I WorkerManager: Releasing worker: [sharedmicrodetection]/[17]/[com.google.android.apps.gsa.staticplugins.microdetection.ao]
10-06 16:55:41.883  8376  8400 I WorkerManager: Releasing worker: [audio]/[4]/[com.google.android.apps.gsa.staticplugins.m.n]
10-06 16:55:41.883  8376  8400 I WorkerManager: Releasing worker: [audio]/[4]/[com.google.android.apps.gsa.staticplugins.m.n]
10-06 16:55:41.884  8376  8400 W SearchServiceCore: Abort, client detached.
10-06 16:55:41.888  9776  9776 I any.CSC567Fina: Late-enabling -Xcheck:jni
10-06 16:55:41.891  1319  1546 D ViewRootImpl@fdc89dc[CSC567Final]: dispatchAttachedToWindow
10-06 16:55:41.891  1319  1546 V WindowManager: Relayout Window{f0feae5 u0 Splash Screen com.YourCompany.CSC567Final}: viewVisibility=0 req=1080x2136 {(0,0)(fillxfill) sim={adjust=pan} ty=APPLICATION_STARTING wanim=0x1030001
10-06 16:55:41.891  1319  1546 V WindowManager:   fl=1830518
10-06 16:55:41.891  1319  1546 V WindowManager:   pfl=1000011
10-06 16:55:41.891  1319  1546 V WindowManager:   vsysui=10 naviIconColor=0}
10-06 16:55:41.894   806   806 I SurfaceFlinger: id=17498 createSurf (1080x2019),1 flag=404, Splash Screen com.YourCompany.CSC567Final#0
10-06 16:55:41.895  1319  1546 D WindowManager: makeSurface duration=2 name=Splash Screen com.YourCompany.CSC567Final
10-06 16:55:41.896  1319  1546 V WindowManager: Changing focus from Window{545fdb1 u0 com.sec.android.app.launcher/com.sec.android.app.launcher.activities.LauncherActivity} to null Callers=com.android.server.wm.WindowManagerService.relayoutWindow:2522 com.android.server.wm.Session.relayoutForTranslate:302 android.view.ViewRootImpl.relayoutWindow:7718 android.view.ViewRootImpl.performTraversals:2468 
10-06 16:55:41.896  1319  1546 D InputDispatcher: Focus left window (10914): 545fdb1 0
10-06 16:55:41.897  1319  1546 D ViewRootImpl@fdc89dc[CSC567Final]: Relayout returned: old=[0,0][1080,2136] new=[0,117][1080,2136] result=0x7 surface={valid=true 490934308864} changed=true
10-06 16:55:41.897  1319  1368 D WindowManager: reportFocusChangedSerialized, focused=false, inTouchMode=true, win=Window{545fdb1 u0 com.sec.android.app.launcher/com.sec.android.app.launcher.activities.LauncherActivity}
10-06 16:55:41.897 10914 10914 D ViewRootImpl@b25260b[LauncherActivity]: MSG_WINDOW_FOCUS_CHANGED 0 1
10-06 16:55:41.897 10914 10914 D InputMethodManager: prepareNavigationBarInfo() DecorView@b14a842[LauncherActivity]
10-06 16:55:41.897 10914 10914 D InputMethodManager: getNavigationBarColor() 0
10-06 16:55:41.911  2940  2940 D io_stats: !@   8,0 r 4965827 181671900 w 2652506 60204724 d 266048 121187516 f 706065 962726 iot 3900200 2999452 th 102400 0 0 pt 0 inp 0 0 315764.200
10-06 16:55:41.924  1319  1546 D WindowManager: finishDrawingWindow: Window{f0feae5 u0 Splash Screen com.YourCompany.CSC567Final} mDrawState=DRAW_PENDING
10-06 16:55:41.925  1319  1546 I WindowManager: commitFinishDrawingLocked: mDrawState=READY_TO_SHOW Surface(name=Splash Screen com.YourCompany.CSC567Final)/@0x576f9ba
10-06 16:55:41.927   806   806 I SurfaceFlinger: id=17499 createSurf (4560x4560),-1 flag=20004, Letterbox - top#0
10-06 16:55:41.928   806   806 I SurfaceFlinger: id=17500 createSurf (4560x4560),-1 flag=20004, Letterbox - bottom#0
10-06 16:55:41.929  1319  1546 V WindowManager: Resize reasons for w=Window{f0feae5 u0 Splash Screen com.YourCompany.CSC567Final}:  contentInsetsChanged=false [0,0][0,0] visibleInsetsChanged=false [0,0][0,0] stableInsetsChanged=false [0,0][0,0] outsetsChanged=false [0,0][0,0] surfaceResized=false configChanged=false dragResizingChanged=false reportOrientationChanged=false displayCutoutChanged=false nextForceRelayoutToClient=false
10-06 16:55:41.931  1319  1546 D ViewRootImpl@fdc89dc[CSC567Final]: MSG_RESIZED: frame=Rect(0, 117 - 1080, 2136) ci=Rect(0, 0 - 0, 0) vi=Rect(0, 0 - 0, 0) or=1
10-06 16:55:41.931  9776  9776 W any.CSC567Fina: Using default instruction set features for ARM CPU variant (cortex-a9) using conservative defaults
10-06 16:55:41.951  1319  3966 I ActivityManager: DSS on for com.YourCompany.CSC567Final and scale is 1.0
10-06 16:55:41.953  1319  3966 V WindowOrientationListener: getProposedRotation :-1
10-06 16:55:41.953  1319  3966 V WindowManager: rotationForOrientationLw(orient=4, last=0); user=0  sensorRotation=-1 mLidState=-1 mDockMode=0 mHdmiPlugged=false
10-06 16:55:41.954  1319  3966 I WindowManager: commitFinishDrawingLocked: mDrawState=READY_TO_SHOW Surface(name=Splash Screen com.YourCompany.CSC567Final)/@0x576f9ba
10-06 16:55:41.957  1319  3966 D GamePkgDataHelper: notifyAppCreate(), pkgName: com.YourCompany.CSC567Final, sendRet: true
10-06 16:55:41.957  1319  1875 D GamePkgDataHelper: getGamePkgData(). com.YourCompany.CSC567Final
10-06 16:55:41.957  1319  1875 D GameManagerService: handleMessage(), MSG_APP_CREATE. ignore. pkgName: com.YourCompany.CSC567Final
10-06 16:55:41.957  1319  3966 D InputDispatcher: Focused application set to: 399fb57
10-06 16:55:41.957  1319  3966 W ActivityManager: Request to remove task ignored for non-existent task 194
10-06 16:55:41.961  1319  3966 D GamePkgDataHelper: getSosPolicy(). com.YourCompany.CSC567Final
10-06 16:55:41.962  1319  3966 D GameManagerService: identifyGamePackage. com.YourCompany.CSC567Final
10-06 16:55:41.962  1319  3966 D GamePkgDataHelper: getGamePkgData(). com.YourCompany.CSC567Final
10-06 16:55:41.962  1319  3966 D GameManagerService: noteResumeComponent(), resumeComponent: com.YourCompany.CSC567Final
10-06 16:55:41.962  1319  3966 D MARsPolicyManager: onPackageResumedFG pkgName = com.YourCompany.CSC567Final, userId = 0
10-06 16:55:41.962  1319  1875 D GameManagerService: handleForegroundChange(). pkgName: com.YourCompany.CSC567Final, clsName: com.epicgames.ue4.SplashActivity,FgActivityName:com.YourCompany.CSC567Final/com.epicgames.ue4.SplashActivity
10-06 16:55:41.962  1319  1875 D GameManagerService:   handleForegroundChange(). set mFgApp: com.YourCompany.CSC567Final
10-06 16:55:41.962  1319  1875 D GameManagerService: notifyResumePause(). pkg: com.YourCompany.CSC567Final, type: 4, isMinimized: false, isTunableApp: false
10-06 16:55:41.962  1319  1875 D GameManagerService:   notifyResumePause(). do nothing. mKillNotiCount: 3
10-06 16:55:41.962  1319  1685 D GamePkgDataHelper: getGamePkgDataIncServer(). com.YourCompany.CSC567Final
10-06 16:55:41.963  1319  1546 I WindowManager: commitFinishDrawingLocked: mDrawState=READY_TO_SHOW Surface(name=Splash Screen com.YourCompany.CSC567Final)/@0x576f9ba
10-06 16:55:41.964  3745  4101 D SDHMS:at: writeSysfs:: path = /sys/class/scsi_host/host0/../../../clkscale_enable, value = 0
10-06 16:55:41.965  1319  1546 I WindowManager: Cancelling animation restarting=true, leash=null, surface=Surface(name=AppWindowToken{bf9f362 token=Token{651a22d ActivityRecord{310f144 u0 com.sec.android.app.launcher/.activities.LauncherActivity t27}}})/@0xb32d10e, parent=Surface(name=Task=27)/@0xf29772f
10-06 16:55:41.965  1319  1546 I WindowManager: Reparenting to leash, surface=Surface(name=AppWindowToken{bf9f362 token=Token{651a22d ActivityRecord{310f144 u0 com.sec.android.app.launcher/.activities.LauncherActivity t27}}})/@0xb32d10e
10-06 16:55:41.965  1319  1358 D CodecSolution: isMaxAspectPackageEx: com.YourCompany.CSC567Final : false(0)
10-06 16:55:41.965   806   806 I SurfaceFlinger: id=17501 createSurf (4560x4560),2 flag=4, Surface(name=AppWindowToken{bf9f362 token=Token{651a22d ActivityRecord{310f144 u0 com.sec.android.app.launcher/.activities.LauncherActivity t27}}})/@0xb32d10e - animation-leash#0
10-06 16:55:41.966   803  9119 V APM_AudioPolicyManager: AudioPolicyManager:setRecordSilenced(uid:10271, silenced:0)
10-06 16:55:41.967  1319  1546 D SurfaceControl: reparent is called, sc=Surface(name=AppWindowToken{bf9f362 token=Token{651a22d ActivityRecord{310f144 u0 com.sec.android.app.launcher/.activities.LauncherActivity t27}}})/@0xb32d10e, newParentHandle=android.os.BinderProxy@8f0612, transaction=android.view.SurfaceControl$Transaction@74e3ec5
10-06 16:55:41.967  2189  3443 D ForegroundUtils: could not check pending caller
10-06 16:55:41.968  1319  1546 I WindowManager: Cancelling animation restarting=true, leash=null, surface=Surface(name=AppWindowToken{399fb57 token=Token{5cfacd6 ActivityRecord{5b548f1 u0 com.YourCompany.CSC567Final/com.epicgames.ue4.SplashActivity t195}}})/@0x161456a, parent=Surface(name=Task=195)/@0x38d0a5b
10-06 16:55:41.969  1319  1546 I WindowManager: Reparenting to leash, surface=Surface(name=AppWindowToken{399fb57 token=Token{5cfacd6 ActivityRecord{5b548f1 u0 com.YourCompany.CSC567Final/com.epicgames.ue4.SplashActivity t195}}})/@0x161456a
10-06 16:55:41.969   806   806 I SurfaceFlinger: id=17502 createSurf (4560x4560),2 flag=4, Surface(name=AppWindowToken{399fb57 token=Token{5cfacd6 ActivityRecord{5b548f1 u0 com.YourCompany.CSC567Final/com.epicgames.ue4.SplashActivity t195}}})/@0x161456a - animation-leash#0
10-06 16:55:41.971  1319  1546 D SurfaceControl: reparent is called, sc=Surface(name=AppWindowToken{399fb57 token=Token{5cfacd6 ActivityRecord{5b548f1 u0 com.YourCompany.CSC567Final/com.epicgames.ue4.SplashActivity t195}}})/@0x161456a, newParentHandle=android.os.BinderProxy@99752f8, transaction=android.view.SurfaceControl$Transaction@48613d1
10-06 16:55:41.971  1319  1546 V WindowManager: performShowLocked: mDrawState=HAS_DRAWN in Window{f0feae5 u0 Splash Screen com.YourCompany.CSC567Final}
10-06 16:55:41.972  1319  9616 D GameManagerService: identifyGamePackage. null
10-06 16:55:41.972  1319  1658 D WifiPermissionsUtil: canAccessScanResults: pkgName = android, uid = 1000
10-06 16:55:41.973  1940  1940 D SecStatusBarWifiView: updateState: WifiIconState(resId=2131232605, visible=true, activityId=2131232611)
10-06 16:55:41.974  1319  1546 I WindowManager: Cancelling animation restarting=true, leash=null, surface=Surface(name=81a624 StatusBar)/@0xa565158, parent=Surface(name=WindowToken{5784551 android.os.BinderProxy@2155a78})/@0x599a2b1
10-06 16:55:41.974  1319  1546 I WindowManager: Reparenting to leash, surface=Surface(name=81a624 StatusBar)/@0xa565158
10-06 16:55:41.974   806   806 I SurfaceFlinger: id=17503 createSurf (4560x4560),2 flag=4, Surface(name=81a624 StatusBar)/@0xa565158 - animation-leash#0
10-06 16:55:41.976  1319  1546 D SurfaceControl: reparent is called, sc=Surface(name=81a624 StatusBar)/@0xa565158, newParentHandle=android.os.BinderProxy@c071c0d, transaction=android.view.SurfaceControl$Transaction@1e4a22f
10-06 16:55:41.976  1319  1358 D WindowManager: setSystemUiVisibility: vis= 0x710, fullscreenVis= 0x0, dockedVis= 0x0, win=Window{545fdb1 u0 com.sec.android.app.launcher/com.sec.android.app.launcher.activities.LauncherActivity}
10-06 16:55:41.977   806  2896 D Layer   : [81a624 StatusBar#0]::reparent oldParent:[WindowToken{5784551 android.os.BinderProxy@2155a78}#0], newParent:[Surface(name=81a624 StatusBar)/@0xa565158 - animation-leash#0]
10-06 16:55:41.977   806  2896 D Layer   : [AppWindowToken{399fb57 token=Token{5cfacd6 ActivityRecord{5b548f1 u0 com.YourCompany.CSC567Final/com.epicgames.ue4.SplashActivity t195}}}#0]::reparent oldParent:[Task=195#0], newParent:[Surface(name=AppWindowToken{399fb57 token=Token{5cfacd6 ActivityRecord{5b548f1 u0 com.YourCompany.CSC567Final/com.epicgames.ue4.SplashActivity t195}}})/@0x161456a - animation-leash#0]
10-06 16:55:41.978   806  2896 D Layer   : [AppWindowToken{bf9f362 token=Token{651a22d ActivityRecord{310f144 u0 com.sec.android.app.launcher/.activities.LauncherActivity t27}}}#0]::reparent oldParent:[Task=27#0], newParent:[Surface(name=AppWindowToken{bf9f362 token=Token{651a22d ActivityRecord{310f144 u0 com.sec.android.app.launcher/.activities.LauncherActivity t27}}})/@0xb32d10e - animation-leash#0]
10-06 16:55:41.981  9776  9776 I any.CSC567Fina: The ClassLoaderContext is a special shared library.
10-06 16:55:41.981  1319  9616 D GamePkgDataHelper: getSosPolicy(). com.YourCompany.CSC567Final
10-06 16:55:41.982 10914 10931 D RecentsTaskLoadPlan: lastReportedWindowingMode is not exist.
10-06 16:55:41.983  1319  4010 D GameManagerService: identifyGamePackage. com.YourCompany.CSC567Final
10-06 16:55:41.983  1319  4010 D GamePkgDataHelper: getGamePkgData(). com.YourCompany.CSC567Final
10-06 16:55:41.983 10914 10931 D RecentsTaskLoadPlan: lastReportedWindowingMode is not exist.
10-06 16:55:41.983  3745  4101 D SDHMS:at: writeSysfs:: path = /sys/class/scsi_host/host0/../../../clkscale_enable, value = 0
10-06 16:55:41.987  6365  6502 D DeviceData: buildFlatBuffer - building flatbuffer 
10-06 16:55:41.987  1319  4001 D GameManagerService: identifyGamePackage. com.YourCompany.CSC567Final
10-06 16:55:41.987  6365  6502 D DeviceData: buildFlatBuffer composed: ms = 0bufflen = 1264
10-06 16:55:41.987  6365  6536 I 1_0_0.25_MPSD_UMD_CHOREOGRAPHER: triggerEventInModels 132 EVENT:[12]
10-06 16:55:41.988  6365  6536 I 1_0_0.25_MPSD_IAD_MANAGER: update EVENT:[12]
10-06 16:55:41.988  6365  9791 I 1_0_0.25_MPSD_UMD_CUPA_PREPROCESS: 6 Inp Sz
10-06 16:55:41.988  6365  9791 I 1_0_0.25_MPSD_UMD_CUPA_PREPROCESS: [CUPA Shuffle] No. of Samples => 14 speed => 2.000015 mics
10-06 16:55:41.988  6365  9791 I 1_0_0.25_MPSD_UMD_CUPA_MODEL: sess_train start 14
10-06 16:55:41.988  6365  9791 D SIML_ADAFOBOS: train_buf
10-06 16:55:41.989  1319  4001 D GamePkgDataHelper: getGamePkgData(). com.YourCompany.CSC567Final
10-06 16:55:41.991  6365  9792 D SIML_MSGDR: train_buf
10-06 16:55:41.992  6365  9792 D SIML_REGRESSION_IMPL: training accuracy: 1.0000
10-06 16:55:41.992  6365  9792 D SIML_REGRESSION_IMPL: training time: 0.001 seconds
10-06 16:55:41.992  6365  9792 D SIML_REGRESSION_IMPL: model sparsity: 96.4167%
10-06 16:55:41.992  1940  1940 I StackScroller: ADJUST STACK.TRANSLATION
10-06 16:55:41.992  1940  1940 I StackScroller: ADJUST STACK.TRANSLATION
10-06 16:55:41.993  1940  1940 D KeyguardCircleAffordanceView: setPreviewView: mRight=true,preview=null
10-06 16:55:41.993  1940  1940 I StackScroller: ADJUST STACK.TRANSLATION
10-06 16:55:41.993  1940  1940 I StackScroller: ADJUST STACK.TRANSLATION
10-06 16:55:41.993  1940  1940 I PanelView: n.B.P.E.C:false, false, false, false, false, false
10-06 16:55:41.993  1940  1940 D BarTransitions.PhoneStatusBarView: MODE_TRANSPARENT -> MODE_OPAQUE animate=true
10-06 16:55:41.994  1319  4001 D SamsungPhoneWindowManager: adjustSystemUiVisibilityLw: vis=0x710
10-06 16:55:41.994  1319  4001 D InputManager-JNI: setSystemUiVisibility dexmode: false changed: true displayid: 0 visibility: 0x710 DD: 0x710 OD: 0x0
10-06 16:55:41.995  1940  1940 D BarTransitions.SecNavigationBarView: MODE_TRANSPARENT -> MODE_OPAQUE animate=true
10-06 16:55:41.995  1940  1940 D Navbar.ImmersiveControllerAdapter: onSystemUiVisibilityChanged - 1808,0
10-06 16:55:41.995  1940  1940 I Navbar.ImmersiveController: handleEvent - VISIBLE, BAR_MODE_CHANGED
10-06 16:55:41.995  1940  1940 D LightBarController: onNavigationVisibilityChanged : vis = 710, nbModeChanged = true navigationBarMode = 0
10-06 16:55:41.996  6365  9791 D SIML_CLASSIFIER_IMPL: buffer acc : 0.8254
10-06 16:55:41.996  6365  9791 D SIML_CLASSIFIER_IMPL: training time: 0.008 seconds
10-06 16:55:41.996  6365  9791 D SIML_CLASSIFIER_IMPL: model sparsity: 94.6386%
10-06 16:55:42.009  1940  1940 I StackScroller: ADJUST STACK.TRANSLATION
10-06 16:55:42.009  1940  1940 I chatty  : uid=10010(com.samsung.android.app.aodservice) com.android.systemui identical 1 line
10-06 16:55:42.009  1940  1940 I StackScroller: ADJUST STACK.TRANSLATION
10-06 16:55:42.030  6365  9791 I 1_0_0.25_MPSD_UMD_CUPA_MODEL: Backup Taken
10-06 16:55:42.033  1319  1659 D WifiStateMachine: enter getWifiLinkLayerStats
10-06 16:55:42.034  1319  1659 I WifiVendorHal: getWifiLinkLayerStats(l.2972) before calling iface.getLinkLayerStats
10-06 16:55:42.037  1319  1338 I system_server: NativeAlloc concurrent copying GC freed 403839(19MB) AllocSpace objects, 49(1560KB) LOS objects, 22% free, 80MB/104MB, paused 608us total 173.635ms
10-06 16:55:42.047  1036  1700 D bauth_FPBAuthService: pcf : 0x1012, 0 ,2 ,0 ,0 ,0 ,2, 2.0.4.1
10-06 16:55:42.047  1036  1700 D bauth_FPBAuthService: thread id : 2, preenroll_flag : 0, nd cnt : 1, cso : 2, et : 0
10-06 16:55:42.047  1036  1700 D bauth_FPBAuthService: FPBAuthService, 9962
10-06 16:55:42.063  1319  1336 D SurfaceControl: finalize(protected), animation-leash is released by finalize, sc=Surface(name=Surface(name=AppWindowToken{b1a580a token=Token{7e79075 ActivityRecord{6fc0bac u0 com.android.settings/.Settings$DevelopmentSettingsDashboardActivity t193}}})/@0x6fed00c - animation-leash)/@0xce34f90, nativeObject=491609229344, caller=java.lang.Daemons$FinalizerDaemon.doFinalize:250 java.lang.Daemons$FinalizerDaemon.runInternal:237 java.lang.Daemons$Daemon.run:103 java.lang.Thread.run:764 <bottom of call stack> <bottom of call stack> <bottom of call stack> 
10-06 16:55:42.063  1319  1336 D SurfaceControl: finalize(protected), animation-leash is released by finalize, sc=Surface(name=Surface(name=AppWindowToken{bf9f362 token=Token{651a22d ActivityRecord{310f144 u0 com.sec.android.app.launcher/.activities.LauncherActivity t27}}})/@0xb32d10e - animation-leash)/@0xb3f3a53, nativeObject=491079832864, caller=java.lang.Daemons$FinalizerDaemon.doFinalize:250 java.lang.Daemons$FinalizerDaemon.runInternal:237 java.lang.Daemons$Daemon.run:103 java.lang.Thread.run:764 <bottom of call stack> <bottom of call stack> <bottom of call stack> 
10-06 16:55:42.063  1319  1336 D SurfaceControl: finalize(protected), animation-leash is released by finalize, sc=Surface(name=Surface(name=42b860f com.android.systemui.ImageWallpaper)/@0x92b14c9 - animation-leash)/@0x6eeda42, nativeObject=491608053664, caller=java.lang.Daemons$FinalizerDaemon.doFinalize:250 java.lang.Daemons$FinalizerDaemon.runInternal:237 java.lang.Daemons$Daemon.run:103 java.lang.Thread.run:764 <bottom of call stack> <bottom of call stack> <bottom of call stack> 
10-06 16:55:42.064   806   806 I SurfaceFlinger: Display 0 HWC layers:
10-06 16:55:42.064   806   806 I SurfaceFlinger:     type    |    handle    | flag |  format   |   source crop (l,t,r,b)    |         frame       | name 
10-06 16:55:42.064   806   806 I SurfaceFlinger: ------------+--------------+------+-----------+----------------------------+---------------------+------
10-06 16:55:42.064   806   806 I SurfaceFlinger:      Device | 0x784fc3e0e0 | 0002 | RGBA_8888 |   5.0    0.0 1085.0 2280.0 |    0    0 1080 2280 | com.android.systemui.ImageWallpaper[1940]#0
10-06 16:55:42.064   806   806 I SurfaceFlinger:      Device | 0x7850238b10 | 0000 | RGBA_8888 |  73.0  155.0 1007.0 2125.0 |    0    0 1080 2280 | com.sec.android.app.launcher/com.sec[...]activities.LauncherActivity[10914]#0
10-06 16:55:42.064   806   806 I SurfaceFlinger:  SolidColor |              | 0004 |  Unknown  |   0.0    0.0   -1.0   -1.0 |   89  188  991  286 | Letterbox - top#0
10-06 16:55:42.064   806   806 I SurfaceFlinger:  SolidColor |              | 0004 |  Unknown  |   0.0    0.0   -1.0   -1.0 |   89 1971  991 2092 | Letterbox - bottom#0
10-06 16:55:42.064   806   806 I SurfaceFlinger:      Device | 0x784fc3e230 | 0002 | RGBA_8888 |   0.0    0.0 1080.0 2019.0 |   89  286  991 1971 | Splash Screen com.YourCompany.CSC567Final#0
10-06 16:55:42.064   806   806 I SurfaceFlinger:      Device | 0x78502392f0 | 0000 | RGBA_8888 |   0.0    0.0 1080.0  116.0 |    0    0 1080
10-06 16:55:42.064   806   806 I SurfaceFlinger:   116 | StatusBar[1940]#0
10-06 16:55:42.064   806   806 I SurfaceFlinger:      Device | 0x784fc3e1c0 | 0000 | RGBA_8888 |   0.0    0.0   67.0  419.0 | 1013  332 1080  751 | com.samsung.android.app.cocktailbars[...]arservice.CocktailBarService[6188]#0
10-06 16:55:42.064   806   806 I SurfaceFlinger:      Device | 0x7850238800 | 0000 | RGBA_8888 |   0.0    0.0 1080.0  144.0 |    0 2136 1080 2280 | NavigationBar[1940]#0
10-06 16:55:42.064   806   806 I SurfaceFlinger: 
10-06 16:55:42.065  1319  2128 D MdnieScenarioControlService:  packageName : com.YourCompany.CSC567Final    className : com.epicgames.ue4.SplashActivity
10-06 16:55:42.065  1319  2128 V MdnieScenarioControlService: setUIMode from UI function(3)
10-06 16:55:42.071  1319  1659 I WifiVendorHal: getWifiLinkLayerStats(l.2972) after calling iface.getLinkLayerStats
10-06 16:55:42.078   806   806 I SurfaceFlinger: Display 0 HWC layers:
10-06 16:55:42.078   806   806 I SurfaceFlinger:     type    |    handle    | flag |  format   |   source crop (l,t,r,b)    |         frame       | name 
10-06 16:55:42.078   806   806 I SurfaceFlinger: ------------+--------------+------+-----------+----------------------------+---------------------+------
10-06 16:55:42.078   806   806 I SurfaceFlinger:      Device | 0x784fc3e0e0 | 0002 | RGBA_8888 |   5.0    0.0 1085.0 2280.0 |    0    0 1080 2280 | com.android.systemui.ImageWallpaper[1940]#0
10-06 16:55:42.078   806   806 I SurfaceFlinger:  SolidColor |              | 0004 |  Unknown  |   0.0    0.0   -1.0   -1.0 |   67  141 1013  244 | Letterbox - top#0
10-06 16:55:42.078   806   806 I SurfaceFlinger:  SolidColor |              | 0004 |  Unknown  |   0.0    0.0   -1.0   -1.0 |   67 2013 1013 2139 | Letterbox - bottom#0
10-06 16:55:42.078   806   806 I SurfaceFlinger:      Device | 0x784fc3e230 | 0002 | RGBA_8888 |   0.0    0.0 1080.0 2019.0 |   67  244 1013 2013 | Splash Screen com.YourCompany.CSC567Final#0
10-06 16:55:42.078   806   806 I SurfaceFlinger:      Device | 0x7850238c60 | 0000 | RGBA_8888 |   0.0    0.0 1080.0  116.0 |    0    0 1080  116 | StatusBar[1940]#0
10-06 16:55:42.078   806   806 I SurfaceFlinger:      Device | 0x784fc3e1c0 | 0000 | RGBA_8888 |   0.0    0.0   67.0  419.0 | 1013  332 1080  751 | com.samsung.android.app.cocktailbars[...]arservice.C
10-06 16:55:42.078   806   806 I SurfaceFlinger: ocktailBarService[6188]#0
10-06 16:55:42.078   806   806 I SurfaceFlinger:      Device | 0x7850238bf0 | 0000 | RGBA_8888 |   0.0    0.0 1080.0  144.0 |    0 2136 1080 2280 | NavigationBar[1940]#0
10-06 16:55:42.078   806   806 I SurfaceFlinger: 
10-06 16:55:42.090  9776  9776 D ConnectivityManager: requestNetwork; CallingUid : 10271, CallingPid : 9776
10-06 16:55:42.093  1319  4010 D ConnectivityService: listenForNetwork for uid/pid:10271/9776 NetworkRequest [ LISTEN id=1854, [ Capabilities: NOT_RESTRICTED&TRUSTED&NOT_VPN&FOREGROUND Unwanted:  Uid: 10271] ]
10-06 16:55:42.093  1319  1674 D ConnectivityService: rematching NetworkAgentInfo [WIFI () - 502]
10-06 16:55:42.093  1319  1674 D ConnectivityService:  network has: [ Transports: WIFI Capabilities: NOT_METERED&INTERNET&NOT_RESTRICTED&TRUSTED&NOT_VPN&VALIDATED&NOT_ROAMING&FOREGROUND&NOT_CONGESTED&NOT_SUSPENDED Unwanted:  LinkUpBandwidth>=1048576Kbps LinkDnBandwidth>=1048576Kbps SignalStrength: -60 SSID: "DDNC"]
10-06 16:55:42.093  1319  1674 D ConnectivityService: Network NetworkAgentInfo [WIFI () - 502] was already satisfying request 1128. No change.
10-06 16:55:42.093  1319  1674 D ConnectivityService: Network NetworkAgentInfo [WIFI () - 502] was already satisfying request 1766. No change.
10-06 16:55:42.093  1319  1674 D ConnectivityService: Network NetworkAgentInfo [WIFI () - 502] was already satisfying request 1765. No change.
10-06 16:55:42.093  1319  1674 D ConnectivityService: Network NetworkAgentInfo [WIFI () - 502] was already satisfying request 1809. No change.
10-06 16:55:42.093  1319  1674 D ConnectivityService: Network NetworkAgentInfo [WIFI () - 502] was already satisfying request 1. No change.
10-06 16:55:42.093  1319  1674 D ConnectivityService: Network NetworkAgentInfo [WIFI () - 502] was already satisfying request 12. No change.
10-06 16:55:42.093  1319  1674 D ConnectivityService: Network NetworkAgentInfo [WIFI () - 502] was already satisfying request 1852. No change.
10-06 16:55:42.093  1319  1674 D ConnectivityService: Network NetworkAgentInfo [WIFI () - 502] was already satisfying request 1126. No change.
10-06 16:55:42.093  1319  1674 D ConnectivityService:   checking if request is : NetworkRequest [ REQUEST id=1827, [ Transports: CELLULAR Capabilities: IMS&TRUSTED&NOT_VPN Unwanted:  Uid: 1000] ], satisfies : false
10-06 16:55:42.093  1319  1674 D ConnectivityService: Network NetworkAgentInfo [WIFI () - 502] was already satisfying request 9. No change.
10-06 16:55:42.093  1319  1674 D ConnectivityService: Network NetworkAgentInfo [WIFI () - 502] was already satisfying request 1811. No change.
10-06 16:55:42.093  1319  1674 D ConnectivityService: Network NetworkAgentInfo [WIFI () - 502] was already satisfying request 73. No change.
10-06 16:55:42.093  1319  1674 D ConnectivityService: Network NetworkAgentInfo [WIFI () - 502] was already satisfying request 1850. No change.
10-06 16:55:42.093  1319  1674 D ConnectivityService: sending notification CALLBACK_AVAILABLE for NetworkRequest [ LISTEN id=1854, [ Capabilities: NOT_RESTRICTED&TRUSTED&NOT_VPN&FOREGROUND Unwanted:  Uid: 10271] ]
10-06 16:55:42.093  1319  1674 D ConnectivityService: rematching NetworkAgentInfo [MOBILE (LTE) - 662]
10-06 16:55:42.093  1319  1674 D ConnectivityService:  network has: [ Transports: CELLULAR Capabilities: IMS&NOT_METERED&TRUSTED&NOT_VPN&VALIDATED&NOT_ROAMING&FOREGROUND&NOT_CONGESTED&NOT_SUSPENDED Unwanted:  LinkDnBandwidth>=11529Kbps Specifier: <2>]
10-06 16:55:42.093  1319  1674 D ConnectivityService:   checking if request is : NetworkRequest [ TRACK_DEFAULT id=1128, [ Capabilities: INTERNET&NOT_RESTRICTED&TRUSTED Unwanted:  Uid: 10044] ], satisfies : false
10-06 16:55:42.093  1319  1674 D ConnectivityService:   checking if request is : NetworkRequest [ TRACK_DEFAULT id=1766, [ Capabilities: INTERNET&NOT_RESTRICTED&TRUSTED Unwanted:  Uid: 10181] ], satisfies : false
10-06 16:55:42.093  1319  1674 D ConnectivityService:   checking if request is : NetworkRequest [ TRACK_DEFAULT id=1765, [ Capabilities: INTERNET&NOT_RESTRICTED&TRUSTED Unwanted:  Uid: 1000] ], satisfies : false
10-06 16:55:42.093  1319  1674 D ConnectivityService:   checking if request is : NetworkRequest [ TRACK_DEFAULT id=1809, [ Capabilities: INTERNET&NOT_RESTRICTED&TRUSTED Unwanted:  Uid: 10193] ], satisfies : false
10-06 16:55:42.093  1319  1674 D ConnectivityService:   checking if request is : NetworkRequest [ REQUEST id=1, [ Capabilities: INTERNET&NOT_RESTRICTED&TRUSTED&NOT_VPN Unwanted: ] ], satisfies : false
10-06 16:55:42.093  1319  1674 D ConnectivityService:   checking if request is : NetworkRequest [ TRACK_DEFAULT id=12, [ Capabilities: INTERNET&NOT_RESTRICTED&TRUSTED Unwanted:  Uid: 10010] ], satisfies : false
10-06 16:55:42.093  1319  1674 D ConnectivityService:   checking if request is : NetworkRequest [ TRACK_DEFAULT id=1852, [ Capabilities: INTERNET&NOT_RESTRICTED&TRUSTED Unwanted:  Uid: 10115] ], satisfies : false
10-06 16:55:42.093  1319  1674 D ConnectivityService:   checking if request is : NetworkRequest [ TRACK_DEFAULT id=1126, [ Capabilities: INTERNET&NOT_RESTRICTED&TRUSTED Unwanted:  Uid: 10044] ], satisfies : false
10-06 16:55:42.093  1319  1674 D ConnectivityService: Network NetworkAgentInfo [MOBILE (LTE) - 662] was already satisfying request 1827. No change.
10-06 16:55:42.093  1319  1674 D ConnectivityService:   checking if request is : NetworkRequest [ TRACK_DEFAULT id=9, [ Capabilities: INTERNET&NOT_RESTRICTED&TRUSTED Unwanted:  Uid: 1000] ], satisfies : false
10-06 16:55:42.093  1319  1674 D ConnectivityService:   checking if request is : NetworkRequest [ TRACK_DEFAULT id=1811, [ Capabilities: INTERNET&NOT_RESTRICTED&TRUSTED Unwanted:  Uid: 10193] ], satisfies : false
10-06 16:55:42.094  1319  1674 D ConnectivityService:   checking if request is : NetworkRequest [ TRACK_DEFAULT id=73, [ Capabilities: INTERNET&NOT_RESTRICTED&TRUSTED Unwanted:  Uid: 10044] ], satisfies : false
10-06 16:55:42.094  1319  1674 D ConnectivityService:   checking if request is : NetworkRequest [ TRACK_DEFAULT id=1850, [ Capabilities: INTERNET&NOT_RESTRICTED&TRUSTED Unwanted:  Uid: 10067] ], satisfies : false
10-06 16:55:42.095  9776  9798 V UE4-NetworkChangedManager: Network Available
10-06 16:55:42.111   762   837 D SensorsBio: Als_common::readEvents, enabled : 0, data : 11.000000, 0.000000, 1.000000, 1.000000, 1.000000, 50000.000000, 64000.000000
10-06 16:55:42.114  9776  9799 D libEGL  : loaded /vendor/lib/egl/libEGL_adreno.so
10-06 16:55:42.120  1319  4010 I ActivityManager: START u0 {act=null typ=null flg=0x10000 cmp=ComponentInfo{com.YourCompany.CSC567Final/com.epicgames.ue4.GameActivity}} from uid 10271
10-06 16:55:42.122   806   806 I SurfaceFlinger: id=17504 createSurf (4560x4560),2 flag=4, AppWindowToken{69a263c token=Token{1bdd02f ActivityRecord{e6cee0e u0 com.YourCompany.CSC567Final/com.epicgames.ue4.GameActivity t195}}}#0
10-06 16:55:42.124  1319  4010 D WindowManager: onParentSet, reparentSurfaceControl is called, surface=Surface(name=f0feae5 Splash Screen com.YourCompany.CSC567Final)/@0x5b0bfc5, newParent=AppWindowToken{69a263c token=Token{1bdd02f ActivityRecord{e6cee0e u0 com.YourCompany.CSC567Final/com.epicgames.ue4.GameActivity t195}}}, caller=com.android.server.wm.WindowState.onParentSet:1035 com.android.server.wm.WindowContainer.setParent:187 com.android.server.wm.WindowContainer.addChild:264 com.android.server.wm.WindowToken.addWindow:211 com.android.server.wm.AppWindowToken.addWindow:1155 com.android.server.wm.AppWindowToken.transferStartingWindow:1431 com.android.server.wm.AppWindowContainerController.addStartingWindow:605 
10-06 16:55:42.124  1319  4010 D SurfaceControl: reparent is called, sc=Surface(name=f0feae5 Splash Screen com.YourCompany.CSC567Final)/@0x5b0bfc5, newParentHandle=android.os.BinderProxy@e0ddd1a, transaction=android.view.SurfaceControl$Transaction@161404b
10-06 16:55:42.124  1319  4010 I WindowManager: transferAnimation,, surface=Surface(name=AppWindowToken{69a263c token=Token{1bdd02f ActivityRecord{e6cee0e u0 com.YourCompany.CSC567Final/com.epicgames.ue4.GameActivity t195}}})/@0xd016a28, parent=Surface(name=animationLayer)/@0x23f3f5c, parentNativeHandle=android.os.BinderProxy@ae29341, caller=com.android.server.wm.WindowContainer.transferAnimation:1217 com.android.server.wm.AppWindowToken.transferStartingWindow:1450 com.android.server.wm.AppWindowContainerController.addStartingWindow:605 com.android.server.am.ActivityRecord.showStartingWindow:2707 com.android.server.am.ActivityRecord.showStartingWindow:2671 
10-06 16:55:42.124  1319  4010 I WindowManager: Cancelling animation restarting=true, leash=null, surface=Surface(name=AppWindowToken{69a263c token=Token{1bdd02f ActivityRecord{e6cee0e u0 com.YourCompany.CSC567Final/com.epicgames.ue4.GameActivity t195}}})/@0xd016a28, parent=Surface(name=Task=195)/@0x38d0a5b
10-06 16:55:42.124  1319  4010 I WindowManager: Cancelling animation restarting=false, leash=Surface(name=Surface(name=AppWindowToken{399fb57 token=Token{5cfacd6 ActivityRecord{5b548f1 u0 com.YourCompany.CSC567Final/com.epicgames.ue4.SplashActivity t195}}})/@0x161456a - animation-leash)/@0xbc64e36, surface=Surface(name=AppWindowToken{399fb57 token=Token{5cfacd6 ActivityRecord{5b548f1 u0 com.YourCompany.CSC567Final/com.epicgames.ue4.SplashActivity t195}}})/@0x161456a, parent=Surface(name=Task=195)/@0x38d0a5b
10-06 16:55:42.125  1319  4010 I WindowManager: reset, Reparenting to original parent, shouldDeferScheduleAnimation=false, destroyLeash=false, surface=Surface(name=AppWindowToken{399fb57 token=Token{5cfacd6 ActivityRecord{5b548f1 u0 com.YourCompany.CSC567Final/com.epicgames.ue4.SplashActivity t195}}})/@0x161456a, parent=Surface(name=Task=195)/@0x38d0a5b, parentNativeHandle=android.os.BinderProxy@9cb0e6, caller=com.android.server.wm.SurfaceAnimator.cancelAnimation:293 com.android.server.wm.SurfaceAnimator.transferAnimation:257 com.android.server.wm.WindowContainer.transferAnimation:1217 com.android.server.wm.AppWindowToken.transferStartingWindow:1450 com.android.server.wm.AppWindowContainerController.addStartingWindow:605 
10-06 16:55:42.125  1319  4010 D SurfaceControl: reparent is called, sc=Surface(name=AppWindowToken{399fb57 token=Token{5cfacd6 ActivityRecord{5b548f1 u0 com.YourCompany.CSC567Final/com.epicgames.ue4.SplashActivity t195}}})/@0x161456a, newParentHandle=android.os.BinderProxy@9cb0e6, transaction=android.view.SurfaceControl$Transaction@8819627
10-06 16:55:42.125  1319  4010 D SurfaceControl: reparent is called, sc=Surface(name=AppWindowToken{69a263c token=Token{1bdd02f ActivityRecord{e6cee0e u0 com.YourCompany.CSC567Final/com.epicgames.ue4.GameActivity t195}}})/@0xd016a28, newParentHandle=android.os.BinderProxy@99752f8, transaction=android.view.SurfaceControl$Transaction@8819627
10-06 16:55:42.125  1319  4010 D SurfaceControl: reparent is called, sc=Surface(name=Surface(name=AppWindowToken{399fb57 token=Token{5cfacd6 ActivityRecord{5b548f1 u0 com.YourCompany.CSC567Final/com.epicgames.ue4.SplashActivity t195}}})/@0x161456a - animation-leash)/@0xbc64e36, newParentHandle=android.os.BinderProxy@ae29341, transaction=android.view.SurfaceControl$Transaction@8819627
10-06 16:55:42.126   806   865 D Layer   : [f0feae5 Splash Screen com.YourCompany.CSC567Final#0]::reparent oldParent:[AppWindowToken{399fb57 token=Token{5cfacd6 ActivityRecord{5b548f1 u0 com.YourCompany.CSC567Final/com.epicgames.ue4.SplashActivity t195}}}#0], newParent:[AppWindowToken{69a263c token=Token{1bdd02f ActivityRecord{e6cee0e u0 com.YourCompany.CSC567Final/com.epicgames.ue4.GameActivity t195}}}#0]
10-06 16:55:42.126   806   865 D Layer   : [AppWindowToken{69a263c token=Token{1bdd02f ActivityRecord{e6cee0e u0 com.YourCompany.CSC567Final/com.epicgames.ue4.GameActivity t195}}}#0]::reparent oldParent:[Task=195#0], newParent:[Surface(name=AppWindowToken{399fb57 token=Token{5cfacd6 ActivityRecord{5b548f1 u0 com.YourCompany.CSC567Final/com.epicgames.ue4.SplashActivity t195}}})/@0x161456a - animation-leash#0]
10-06 16:55:42.126   806   865 D Layer   : [AppWindowToken{399fb57 token=Token{5cfacd6 ActivityRecord{5b548f1 u0 com.YourCompany.CSC567Final/com.epicgames.ue4.SplashActivity t195}}}#0]::reparent oldParent:[Surface(name=AppWindowToken{399fb57 token=Token{5cfacd6 ActivityRecord{5b548f1 u0 com.YourCompany.CSC567Final/com.epicgames.ue4.SplashActivity t195}}})/@0x161456a - animation-leash#0], newParent:[Task=195#0]
10-06 16:55:42.126   806   865 D Layer   : [Surface(name=AppWindowToken{399fb57 token=Token{5cfacd6 ActivityRecord{5b548f1 u0 com.YourCompany.CSC567Final/com.epicgames.ue4.SplashActivity t195}}})/@0x161456a - animation-leash#0]::reparent oldParent:[animationLayer#0], newParent:[animationLayer#0]
10-06 16:55:42.129   806   806 D SurfaceFlinger: duplicate layer name: changing Letterbox - top to Letterbox - top#1
