01-15 16:30:26.104  1389  1389 I MotionRecognitionService: Plugged

01-15 16:30:26.104  1389  1389 D MotionRecognitionService:   cableConnection= 1

01-15 16:30:26.104  1389  1389 D MotionRecognitionService: setPowerConnected | current backoffstate  = 1024 , state =1024

01-15 16:30:26.104  1389  1389 D MotionRecognitionService: skip setTransmitPower. 

01-15 16:30:26.134  2701  2701 D BatteryMeterView: ACTION_BATTERY_CHANGED : level:100 status:5 health:2

01-15 16:30:26.134  2701  2701 D BatteryMeterView: ACTION_BATTERY_CHANGED : level:100 status:5 health:2

01-15 16:30:26.134  2701  2701 D BatteryMeterView: ACTION_BATTERY_CHANGED : level:100 status:5 health:2

01-15 16:30:26.164  1389  3605 V AlarmManager:  remove PendingIntent] PendingIntent{4ddd9e2: PendingIntentRecord{d20f27f com.android.phone broadcastIntent}}

01-15 16:30:27.874  1389  6516 D SSRM:n  : SIOP:: AP = 260, PST = 260 (W:30), LCD = 0

01-15 16:30:37.954  1389  6516 D SSRM:n  : SIOP:: AP = 260, PST = 260 (W:30), LCD = 0

01-15 16:30:48.054  1389  6516 D SSRM:n  : SIOP:: AP = 260, PST = 260 (W:30), LCD = 0

01-15 16:30:50.134  1389  3119 E Watchdog: !@Sync 7489 [01-15 16:30:50.140]

01-15 16:30:56.454  1389  3257 D BatteryService: !@BatteryListener : batteryPropertiesChanged!

01-15 16:30:56.454  1389  3257 D BatteryService: level:100, scale:100, status:5, health:2, present:true, voltage: 4354, temperature: 242, technology: Li-ion, AC powered:false, USB powered:true, POGO powered:false, Wireless powered:false, icon:17303590, invalid charger:0, maxChargingCurrent:0

01-15 16:30:56.454  1389  3257 D BatteryService: online:4, current avg:0, charge type:0, power sharing:false, high voltage charger:false, capacity:280000, batterySWSelfDischarging:false, current_now:0

01-15 16:30:56.454  1389  3257 D BatteryService: stay LED for fully charged

01-15 16:30:56.454  1389  1389 D BatteryService: Sending ACTION_BATTERY_CHANGED.

01-15 16:30:56.464  1389  1389 I MotionRecognitionService: Plugged

01-15 16:30:56.464  1389  1389 D MotionRecognitionService:   cableConnection= 1

01-15 16:30:56.464  1389  1389 D MotionRecognitionService: setPowerConnected | current backoffstate  = 1024 , state =1024

01-15 16:30:56.464  1389  1389 D MotionRecognitionService: skip setTransmitPower. 

01-15 16:30:56.484  2701  2701 D BatteryMeterView: ACTION_BATTERY_CHANGED : level:100 status:5 health:2

01-15 16:30:56.484  2701  2701 D BatteryMeterView: ACTION_BATTERY_CHANGED : level:100 status:5 health:2

01-15 16:30:56.484  2701  2701 D BatteryMeterView: ACTION_BATTERY_CHANGED : level:100 status:5 health:2

01-15 16:30:56.534  1389  2745 V AlarmManager:  remove PendingIntent] PendingIntent{1a4d173: PendingIntentRecord{d20f27f com.android.phone broadcastIntent}}

01-15 16:30:58.134  1389  6516 D SSRM:n  : SIOP:: AP = 260, PST = 260 (W:30), LCD = 0

01-15 16:31:08.204  1389  6516 D SSRM:n  : SIOP:: AP = 260, PST = 260 (W:30), LCD = 0

01-15 16:31:18.284  1389  6516 D SSRM:n  : SIOP:: AP = 260, PST = 260 (W:30), LCD = 0

01-15 16:31:20.134  1389  3119 E Watchdog: !@Sync 7490 [01-15 16:31:20.143]

01-15 16:31:26.824  1389  2745 D BatteryService: !@BatteryListener : batteryPropertiesChanged!

01-15 16:31:26.824  1389  2745 D BatteryService: level:100, scale:100, status:5, health:2, present:true, voltage: 4355, temperature: 242, technology: Li-ion, AC powered:false, USB powered:true, POGO powered:false, Wireless powered:false, icon:17303590, invalid charger:0, maxChargingCurrent:0

01-15 16:31:26.824  1389  2745 D BatteryService: online:4, current avg:0, charge type:0, power sharing:false, high voltage charger:false, capacity:280000, batterySWSelfDischarging:false, current_now:0

01-15 16:31:26.824  1389  1389 D BatteryService: Sending ACTION_BATTERY_CHANGED.

01-15 16:31:26.834  1389  2745 D BatteryService: stay LED for fully charged

01-15 16:31:26.834  1389  1389 I MotionRecognitionService: Plugged

01-15 16:31:26.834  1389  1389 D MotionRecognitionService:   cableConnection= 1

01-15 16:31:26.834  1389  1389 D MotionRecognitionService: setPowerConnected | current backoffstate  = 1024 , state =1024

01-15 16:31:26.834  1389  1389 D MotionRecognitionService: skip setTransmitPower. 

01-15 16:31:26.864  2701  2701 D BatteryMeterView: ACTION_BATTERY_CHANGED : level:100 status:5 health:2

01-15 16:31:26.864  2701  2701 D BatteryMeterView: ACTION_BATTERY_CHANGED : level:100 status:5 health:2

01-15 16:31:26.864  2701  2701 D BatteryMeterView: ACTION_BATTERY_CHANGED : level:100 status:5 health:2

01-15 16:31:26.944  1389  3602 V AlarmManager:  remove PendingIntent] PendingIntent{cf06830: PendingIntentRecord{d20f27f com.android.phone broadcastIntent}}

01-15 16:31:28.364  1389  6516 D SSRM:n  : SIOP:: AP = 260, PST = 260 (W:30), LCD = 0

01-15 16:31:37.714  1389  2382 V AlarmManager: Expired Alarm result :4

01-15 16:31:37.744  1389  1389 D LightsService: [api] onReceive : SvcLEDReceiver re-enables LightSenor and sends MSG_FORCEDSVCLEDTASK

01-15 16:31:37.964  1389  1779 D LightsService: [SvcLED]  onSensorChanged::light value = 0

01-15 16:31:37.974  1389  1779 D LightsService: [SvcLED]  setSvcLedLightLocked :: Current SvcLED(id=5) maintains its priority right

01-15 16:31:37.974  1389  1779 V AlarmManager:  remove PendingIntent] PendingIntent{92f92bb: PendingIntentRecord{6f9c331 android broadcastIntent}}

01-15 16:31:38.454  1389  6516 D SSRM:n  : SIOP:: AP = 260, PST = 260 (W:30), LCD = 0

01-15 16:31:39.644  1389  3118 D AlarmManager: setTimeZone : America/Denver calling from uid: 1001 pid :3232

01-15 16:31:39.664  1389  1389 D WifiService: onServiceStateChanged : 0

01-15 16:31:39.694  1389  1606 V BroadcastQueue: [background] Process cur broadcast BroadcastRecord{72bd75c u-1 android.intent.action.NETWORK_SET_TIMEZONE qIdx=4}, state= (APP_RECEIVE) DELIVERED for app ProcessRecord{ab9c74 13002:com.sec.android.app.popupuireceiver/1000}

01-15 16:31:39.754  1389  1389 D WifiService: onDataConnectionStateChanged: state --1, networkType - CDMA - 1xRTT

01-15 16:31:39.824  1389  3605 V BroadcastQueue: [background] Process cur broadcast BroadcastRecord{670ea65 u-1 android.intent.action.SERVICE_STATE qIdx=4}, state= (APP_RECEIVE) DELIVERED for app ProcessRecord{c23eda7 25781:com.sec.android.app.mt/1000}

01-15 16:31:39.874  1389  3605 V BroadcastQueue: [background] Process cur broadcast BroadcastRecord{670ea65 u-1 android.intent.action.SERVICE_STATE qIdx=4}, state= (APP_RECEIVE) DELIVERED for app ProcessRecord{2ff3c2e 20273:com.verizon.messaging.vzmsgs/u0a90}

01-15 16:31:47.034  1389  2626 D WifiP2pService: InactiveState{ what=147461 }

01-15 16:31:47.034  1389  2626 D WifiP2pService: P2pEnabledState{ what=147461 }

01-15 16:31:47.044  1389  2626 D WifiP2pService: DefaultState{ what=147461 }

01-15 16:31:47.154  1389  1606 V BroadcastQueue: [background] Process cur broadcast BroadcastRecord{49cc33a u-1 android.net.wifi.SCAN_RESULTS qIdx=4}, state= (APP_RECEIVE) DELIVERED for app ProcessRecord{658e338 2701:com.android.systemui/u0a29}

01-15 16:31:48.564  1389  6516 D SSRM:n  : SIOP:: AP = 260, PST = 260 (W:30), LCD = 0

01-15 16:31:49.824  1389  2382 V AlarmManager: Expired Alarm result :4

01-15 16:31:50.144  1389  3119 E Watchdog: !@Sync 7491 [01-15 16:31:50.145]

01-15 16:31:56.064  3232  3232 D MccTable: updateMccMncConfiguration mccmnc='00000' fromServiceState=true

01-15 16:31:56.064  3232  3232 D MccTable: updateMccMncConfiguration defaultMccMnc=311480

01-15 16:31:56.064  3232  3232 D MccTable: updateMccMncConfiguration: mcc=0, mnc=0

01-15 16:31:56.064  3232  3232 D MccTable: WIFI_COUNTRY_CODE set to 

01-15 16:31:56.064  1389  3695 I WifiService: WifiService trying to set country code to  with persist set to true

01-15 16:31:56.154  1389  1389 D WifiService: onServiceStateChanged : 1

01-15 16:31:56.154  1389  1389 D WifiService: [FCC]STATE_OUT_OF_SERVICE & Airplane off, setFccChannel(0)!!!

01-15 16:31:56.234  1389  1389 D WifiService: onDataConnectionStateChanged: state --1, networkType - CDMA - EvDo rev. A

01-15 16:31:56.264  1389  1606 V BroadcastQueue: [background] Process cur broadcast BroadcastRecord{44d0d48 u-1 android.intent.action.SERVICE_STATE qIdx=4}, state= (APP_RECEIVE) DELIVERED for app ProcessRecord{c23eda7 25781:com.sec.android.app.mt/1000}

01-15 16:31:56.324  1389  3058 V BroadcastQueue: [background] Process cur broadcast BroadcastRecord{44d0d48 u-1 android.intent.action.SERVICE_STATE qIdx=4}, state= (APP_RECEIVE) DELIVERED for app ProcessRecord{2ff3c2e 20273:com.verizon.messaging.vzmsgs/u0a90}

01-15 16:31:56.394  1389  3255 I Telecom : PhoneAccountRegistrar: [ComponentInfo{com.android.phone/com.android.services.telephony.TelephonyConnectionService}, [406b9cce917dceae5a392405bf42879017fb8c6e], UserHandle{0}(icon: Icon(typ=BITMAP size=96x96) -> Icon(typ=BITMAP size=96x96))(lbl: Searching for Service -> Verizon Wireless)(desc: Searching for Service -> Verizon Wireless)]

01-15 16:31:56.414  1389  3255 I Telecom : : Sending phone-account intent as user

01-15 16:31:56.424  1389  1606 V BroadcastQueue: [background] Process cur broadcast BroadcastRecord{c8ac7e1 u-1 android.telecom.action.PHONE_ACCOUNT_REGISTERED qIdx=4}, state= (APP_RECEIVE) DELIVERED for app ProcessRecord{32b9a9d 3060:android.process.acore/u0a47}

01-15 16:31:56.444  1389  3373 W Telecom : : No account found for the calling user

01-15 16:31:56.474  1389  3605 I Telecom : PhoneAccountRegistrar: [ComponentInfo{com.android.phone/com.android.services.telephony.TelephonyConnectionService}, [406b9cce917dceae5a392405bf42879017fb8c6e], UserHandle{0}(icon: Icon(typ=BITMAP size=96x96) -> Icon(typ=BITMAP size=96x96))]

01-15 16:31:56.484  1389  3605 I Telecom : : Sending phone-account intent as user

01-15 16:31:56.494  1389  1606 V BroadcastQueue: [background] Process cur broadcast BroadcastRecord{8200cbf u-1 android.telecom.action.PHONE_ACCOUNT_REGISTERED qIdx=4}, state= (APP_RECEIVE) DELIVERED for app ProcessRecord{32b9a9d 3060:android.process.acore/u0a47}

01-15 16:31:57.184  1389  3257 D BatteryService: !@BatteryListener : batteryPropertiesChanged!

01-15 16:31:57.184  1389  3257 D BatteryService: level:100, scale:100, status:5, health:2, present:true, voltage: 4353, temperature: 242, technology: Li-ion, AC powered:false, USB powered:true, POGO powered:false, Wireless powered:false, icon:17303590, invalid charger:0, maxChargingCurrent:0

01-15 16:31:57.184  1389  3257 D BatteryService: online:4, current avg:0, charge type:0, power sharing:false, high voltage charger:false, capacity:280000, batterySWSelfDischarging:false, current_now:0

01-15 16:31:57.184  1389  3257 D BatteryService: stay LED for fully charged

01-15 16:31:57.184  1389  1389 D BatteryService: Sending ACTION_BATTERY_CHANGED.

01-15 16:31:57.194  1389  1389 I MotionRecognitionService: Plugged

01-15 16:31:57.194  1389  1389 D MotionRecognitionService:   cableConnection= 1

01-15 16:31:57.194  1389  1389 D MotionRecognitionService: setPowerConnected | current backoffstate  = 1024 , state =1024

01-15 16:31:57.194  1389  1389 D MotionRecognitionService: skip setTransmitPower. 

01-15 16:31:57.224  2701  2701 D BatteryMeterView: ACTION_BATTERY_CHANGED : level:100 status:5 health:2

01-15 16:31:57.224  2701  2701 D BatteryMeterView: ACTION_BATTERY_CHANGED : level:100 status:5 health:2

01-15 16:31:57.224  2701  2701 D BatteryMeterView: ACTION_BATTERY_CHANGED : level:100 status:5 health:2

01-15 16:31:57.314  1389  3255 V AlarmManager:  remove PendingIntent] PendingIntent{441cf8c: PendingIntentRecord{d20f27f com.android.phone broadcastIntent}}

01-15 16:31:58.644  1389  6516 D SSRM:n  : SIOP:: AP = 260, PST = 260 (W:30), LCD = 0

01-15 16:31:59.604  3232  3232 D MccTable: updateMccMncConfiguration mccmnc='311480' fromServiceState=true

01-15 16:31:59.614  3232  3232 D MccTable: updateMccMncConfiguration defaultMccMnc=311480

01-15 16:31:59.614  3232  3232 D MccTable: updateMccMncConfiguration: mcc=311, mnc=480

01-15 16:31:59.614  3232  3232 D MccTable: WIFI_COUNTRY_CODE set to us

01-15 16:31:59.614  1389  1407 I WifiService: WifiService trying to set country code to us with persist set to true

01-15 16:31:59.634  1389  3397 D AlarmManager: setTimeZone : America/Denver calling from uid: 1001 pid :3232

01-15 16:31:59.664  1389  1606 V BroadcastQueue: [background] Process cur broadcast BroadcastRecord{f8a36d5 u-1 android.intent.action.NETWORK_SET_TIMEZONE qIdx=4}, state= (APP_RECEIVE) DELIVERED for app ProcessRecord{ab9c74 13002:com.sec.android.app.popupuireceiver/1000}

01-15 16:31:59.754  1389  1389 D WifiService: onServiceStateChanged : 0

01-15 16:31:59.834  1389  1606 V BroadcastQueue: [background] Process cur broadcast BroadcastRecord{84c6eea u-1 android.intent.action.SERVICE_STATE qIdx=4}, state= (APP_RECEIVE) DELIVERED for app ProcessRecord{c23eda7 25781:com.sec.android.app.mt/1000}

01-15 16:31:59.854  1389  3118 V BroadcastQueue: [background] Process cur broadcast BroadcastRecord{84c6eea u-1 android.intent.action.SERVICE_STATE qIdx=4}, state= (APP_RECEIVE) DELIVERED for app ProcessRecord{2ff3c2e 20273:com.verizon.messaging.vzmsgs/u0a90}

01-15 16:31:59.934  1389  3058 I Telecom : PhoneAccountRegistrar: [ComponentInfo{com.android.phone/com.android.services.telephony.TelephonyConnectionService}, [406b9cce917dceae5a392405bf42879017fb8c6e], UserHandle{0}(icon: Icon(typ=BITMAP size=96x96) -> Icon(typ=BITMAP size=96x96))(lbl: Verizon Wireless -> Searching for Service)(desc: Verizon Wireless -> Searching for Service)]

01-15 16:31:59.954  1389  3058 I Telecom : : Sending phone-account intent as user

01-15 16:31:59.964  1389  1606 V BroadcastQueue: [background] Process cur broadcast BroadcastRecord{552b5db u-1 android.telecom.action.PHONE_ACCOUNT_REGISTERED qIdx=4}, state= (APP_RECEIVE) DELIVERED for app ProcessRecord{32b9a9d 3060:android.process.acore/u0a47}

01-15 16:31:59.984  1389  1408 W Telecom : : No account found for the calling user

01-15 16:31:59.994  1389  2382 V AlarmManager: Expired Alarm result :8

01-15 16:32:00.014  1389  3397 I Telecom : PhoneAccountRegistrar: [ComponentInfo{com.android.phone/com.android.services.telephony.TelephonyConnectionService}, [406b9cce917dceae5a392405bf42879017fb8c6e], UserHandle{0}(icon: Icon(typ=BITMAP size=96x96) -> Icon(typ=BITMAP size=96x96))]

01-15 16:32:00.024  1389  3397 I Telecom : : Sending phone-account intent as user

01-15 16:32:00.034  1389  1606 V BroadcastQueue: [background] Process cur broadcast BroadcastRecord{1d83389 u-1 android.telecom.action.PHONE_ACCOUNT_REGISTERED qIdx=4}, state= (APP_RECEIVE) DELIVERED for app ProcessRecord{32b9a9d 3060:android.process.acore/u0a47}

01-15 16:32:00.044  1389  3695 W Telecom : : No account found for the calling user

01-15 16:32:00.064  1389  3257 I Telecom : PhoneAccountRegistrar: [ComponentInfo{com.android.phone/com.android.services.telephony.TelephonyConnectionService}, [406b9cce917dceae5a392405bf42879017fb8c6e], UserHandle{0}(icon: Icon(typ=BITMAP size=96x96) -> Icon(typ=BITMAP size=96x96))]

01-15 16:32:00.074  1389  3257 I Telecom : : Sending phone-account intent as user

01-15 16:32:00.084  1389  2745 I Telecom : PhoneAccountRegistrar: [ComponentInfo{com.android.phone/com.android.services.telephony.TelephonyConnectionService}, [406b9cce917dceae5a392405bf42879017fb8c6e], UserHandle{0}(icon: Icon(typ=BITMAP size=96x96) -> Icon(typ=BITMAP size=96x96))]

01-15 16:32:00.084  1389  1606 V BroadcastQueue: [background] Process cur broadcast BroadcastRecord{a7659a7 u-1 android.telecom.action.PHONE_ACCOUNT_REGISTERED qIdx=4}, state= (APP_RECEIVE) DELIVERED for app ProcessRecord{32b9a9d 3060:android.process.acore/u0a47}

01-15 16:32:00.094  1389  2745 I Telecom : : Sending phone-account intent as user

01-15 16:32:00.104  1389  1606 V BroadcastQueue: [background] Process cur broadcast BroadcastRecord{1df3e54 u-1 android.telecom.action.PHONE_ACCOUNT_REGISTERED qIdx=4}, state= (APP_RECEIVE) DELIVERED for app ProcessRecord{32b9a9d 3060:android.process.acore/u0a47}

01-15 16:32:06.994  3232  3232 D MccTable: updateMccMncConfiguration mccmnc='00000' fromServiceState=true

01-15 16:32:06.994  3232  3232 D MccTable: updateMccMncConfiguration defaultMccMnc=311480

01-15 16:32:06.994  3232  3232 D MccTable: updateMccMncConfiguration: mcc=0, mnc=0

01-15 16:32:06.994  3232  3232 D MccTable: WIFI_COUNTRY_CODE set to 

01-15 16:32:06.994  1389  3602 I WifiService: WifiService trying to set country code to  with persist set to true

01-15 16:32:07.094  1389  1389 D WifiService: onServiceStateChanged : 1

01-15 16:32:07.094  1389  1389 D WifiService: [FCC]STATE_OUT_OF_SERVICE & Airplane off, setFccChannel(0)!!!

01-15 16:32:07.164  1389  1606 V BroadcastQueue: [background] Process cur broadcast BroadcastRecord{a0351fd u-1 android.intent.action.SERVICE_STATE qIdx=4}, state= (APP_RECEIVE) DELIVERED for app ProcessRecord{c23eda7 25781:com.sec.android.app.mt/1000}

01-15 16:32:07.204  1389  3373 V BroadcastQueue: [background] Process cur broadcast BroadcastRecord{a0351fd u-1 android.intent.action.SERVICE_STATE qIdx=4}, state= (APP_RECEIVE) DELIVERED for app ProcessRecord{2ff3c2e 20273:com.verizon.messaging.vzmsgs/u0a90}

01-15 16:32:07.334  1389  3373 I Telecom : PhoneAccountRegistrar: [ComponentInfo{com.android.phone/com.android.services.telephony.TelephonyConnectionService}, [406b9cce917dceae5a392405bf42879017fb8c6e], UserHandle{0}(icon: Icon(typ=BITMAP size=96x96) -> Icon(typ=BITMAP size=96x96))(lbl: Searching for Service -> Verizon Wireless)(desc: Searching for Service -> Verizon Wireless)]

01-15 16:32:07.374  1389  3373 I Telecom : : Sending phone-account intent as user

01-15 16:32:07.394  1389  1606 V BroadcastQueue: [background] Process cur broadcast BroadcastRecord{d132ef2 u-1 android.telecom.action.PHONE_ACCOUNT_REGISTERED qIdx=4}, state= (APP_RECEIVE) DELIVERED for app ProcessRecord{32b9a9d 3060:android.process.acore/u0a47}

01-15 16:32:07.434  1389  2745 W Telecom : : No account found for the calling user

01-15 16:32:07.454  1389  3695 I Telecom : PhoneAccountRegistrar: [ComponentInfo{com.android.phone/com.android.services.telephony.TelephonyConnectionService}, [406b9cce917dceae5a392405bf42879017fb8c6e], UserHandle{0}(icon: Icon(typ=BITMAP size=96x96) -> Icon(typ=BITMAP size=96x96))]

01-15 16:32:07.464  1389  3695 I Telecom : : Sending phone-account intent as user

01-15 16:32:07.474  1389  1606 V BroadcastQueue: [background] Process cur broadcast BroadcastRecord{bd372d8 u-1 android.telecom.action.PHONE_ACCOUNT_REGISTERED qIdx=4}, state= (APP_RECEIVE) DELIVERED for app ProcessRecord{32b9a9d 3060:android.process.acore/u0a47}

01-15 16:32:08.724  1389  6516 D SSRM:n  : SIOP:: AP = 260, PST = 260 (W:30), LCD = 0

01-15 16:32:10.414  3232  3232 D MccTable: updateMccMncConfiguration mccmnc='311480' fromServiceState=true

01-15 16:32:10.414  3232  3232 D MccTable: updateMccMncConfiguration defaultMccMnc=311480

01-15 16:32:10.414  3232  3232 D MccTable: updateMccMncConfiguration: mcc=311, mnc=480

01-15 16:32:10.414  3232  3232 D MccTable: WIFI_COUNTRY_CODE set to us

01-15 16:32:10.414  1389  2745 I WifiService: WifiService trying to set country code to us with persist set to true

01-15 16:32:10.434  1389  3406 D AlarmManager: setTimeZone : America/Denver calling from uid: 1001 pid :3232

01-15 16:32:10.474  1389  1606 V BroadcastQueue: [background] Process cur broadcast BroadcastRecord{115e631 u-1 android.intent.action.NETWORK_SET_TIMEZONE qIdx=4}, state= (APP_RECEIVE) DELIVERED for app ProcessRecord{ab9c74 13002:com.sec.android.app.popupuireceiver/1000}

01-15 16:32:10.564  1389  1389 D WifiService: onServiceStateChanged : 0

01-15 16:32:10.644  1389  1606 V BroadcastQueue: [background] Process cur broadcast BroadcastRecord{d5c2116 u-1 android.intent.action.SERVICE_STATE qIdx=4}, state= (APP_RECEIVE) DELIVERED for app ProcessRecord{c23eda7 25781:com.sec.android.app.mt/1000}

01-15 16:32:10.684  1389  3695 V BroadcastQueue: [background] Process cur broadcast BroadcastRecord{d5c2116 u-1 android.intent.action.SERVICE_STATE qIdx=4}, state= (APP_RECEIVE) DELIVERED for app ProcessRecord{2ff3c2e 20273:com.verizon.messaging.vzmsgs/u0a90}

01-15 16:32:10.814  1389  3605 I Telecom : PhoneAccountRegistrar: [ComponentInfo{com.android.phone/com.android.services.telephony.TelephonyConnectionService}, [406b9cce917dceae5a392405bf42879017fb8c6e], UserHandle{0}(icon: Icon(typ=BITMAP size=96x96) -> Icon(typ=BITMAP size=96x96))(lbl: Verizon Wireless -> Searching for Service)(desc: Verizon Wireless -> Searching for Service)]

01-15 16:32:10.834  1389  3605 I Telecom : : Sending phone-account intent as user

01-15 16:32:10.844  1389  1606 V BroadcastQueue: [background] Process cur broadcast BroadcastRecord{f52fa97 u-1 android.telecom.action.PHONE_ACCOUNT_REGISTERED qIdx=4}, state= (APP_RECEIVE) DELIVERED for app ProcessRecord{32b9a9d 3060:android.process.acore/u0a47}

01-15 16:32:10.874  1389  2357 W Telecom : : No account found for the calling user

01-15 16:32:10.904  1389  3058 I Telecom : PhoneAccountRegistrar: [ComponentInfo{com.android.phone/com.android.services.telephony.TelephonyConnectionService}, [406b9cce917dceae5a392405bf42879017fb8c6e], UserHandle{0}(icon: Icon(typ=BITMAP size=96x96) -> Icon(typ=BITMAP size=96x96))]

01-15 16:32:10.914  1389  3058 I Telecom : : Sending phone-account intent as user

01-15 16:32:10.924  1389  1606 V BroadcastQueue: [background] Process cur broadcast BroadcastRecord{dca0425 u-1 android.telecom.action.PHONE_ACCOUNT_REGISTERED qIdx=4}, state= (APP_RECEIVE) DELIVERED for app ProcessRecord{32b9a9d 3060:android.process.acore/u0a47}

01-15 16:32:10.944  1389  3373 W Telecom : : No account found for the calling user

01-15 16:32:10.954  1389  1407 I Telecom : PhoneAccountRegistrar: [ComponentInfo{com.android.phone/com.android.services.telephony.TelephonyConnectionService}, [406b9cce917dceae5a392405bf42879017fb8c6e], UserHandle{0}(icon: Icon(typ=BITMAP size=96x96) -> Icon(typ=BITMAP size=96x96))]

01-15 16:32:10.964  1389  1407 I Telecom : : Sending phone-account intent as user

01-15 16:32:10.984  1389  1606 V BroadcastQueue: [background] Process cur broadcast BroadcastRecord{e884523 u-1 android.telecom.action.PHONE_ACCOUNT_REGISTERED qIdx=4}, state= (APP_RECEIVE) DELIVERED for app ProcessRecord{32b9a9d 3060:android.process.acore/u0a47}

01-15 16:32:11.004  1389  3694 I Telecom : PhoneAccountRegistrar: [ComponentInfo{com.android.phone/com.android.services.telephony.TelephonyConnectionService}, [406b9cce917dceae5a392405bf42879017fb8c6e], UserHandle{0}(icon: Icon(typ=BITMAP size=96x96) -> Icon(typ=BITMAP size=96x96))]

01-15 16:32:11.014  1389  3694 I Telecom : : Sending phone-account intent as user

01-15 16:32:11.024  1389  1606 V BroadcastQueue: [background] Process cur broadcast BroadcastRecord{1284a20 u-1 android.telecom.action.PHONE_ACCOUNT_REGISTERED qIdx=4}, state= (APP_RECEIVE) DELIVERED for app ProcessRecord{32b9a9d 3060:android.process.acore/u0a47}

01-15 16:32:18.014  3232  3232 D MccTable: updateMccMncConfiguration mccmnc='00000' fromServiceState=true

01-15 16:32:18.014  3232  3232 D MccTable: updateMccMncConfiguration defaultMccMnc=311480

01-15 16:32:18.014  3232  3232 D MccTable: updateMccMncConfiguration: mcc=0, mnc=0

01-15 16:32:18.014  3232  3232 D MccTable: WIFI_COUNTRY_CODE set to 

01-15 16:32:18.014  1389  1407 I WifiService: WifiService trying to set country code to  with persist set to true

01-15 16:32:18.124  1389  1389 D WifiService: onServiceStateChanged : 1

01-15 16:32:18.124  1389  1389 D WifiService: [FCC]STATE_OUT_OF_SERVICE & Airplane off, setFccChannel(0)!!!

01-15 16:32:18.204  1389  1606 V BroadcastQueue: [background] Process cur broadcast BroadcastRecord{97d7fd9 u-1 android.intent.action.SERVICE_STATE qIdx=4}, state= (APP_RECEIVE) DELIVERED for app ProcessRecord{c23eda7 25781:com.sec.android.app.mt/1000}

01-15 16:32:18.244  1389  3255 V BroadcastQueue: [background] Process cur broadcast BroadcastRecord{97d7fd9 u-1 android.intent.action.SERVICE_STATE qIdx=4}, state= (APP_RECEIVE) DELIVERED for app ProcessRecord{2ff3c2e 20273:com.verizon.messaging.vzmsgs/u0a90}

01-15 16:32:18.374  1389  1408 I Telecom : PhoneAccountRegistrar: [ComponentInfo{com.android.phone/com.android.services.telephony.TelephonyConnectionService}, [406b9cce917dceae5a392405bf42879017fb8c6e], UserHandle{0}(icon: Icon(typ=BITMAP size=96x96) -> Icon(typ=BITMAP size=96x96))(lbl: Searching for Service -> Verizon Wireless)(desc: Searching for Service -> Verizon Wireless)]

01-15 16:32:18.414  1389  1408 I Telecom : : Sending phone-account intent as user

01-15 16:32:18.434  1389  1606 V BroadcastQueue: [background] Process cur broadcast BroadcastRecord{239bd9e u-1 android.telecom.action.PHONE_ACCOUNT_REGISTERED qIdx=4}, state= (APP_RECEIVE) DELIVERED for app ProcessRecord{32b9a9d 3060:android.process.acore/u0a47}

01-15 16:32:18.464  1389  1407 W Telecom : : No account found for the calling user

01-15 16:32:18.514  1389  3694 I Telecom : PhoneAccountRegistrar: [ComponentInfo{com.android.phone/com.android.services.telephony.TelephonyConnectionService}, [406b9cce917dceae5a392405bf42879017fb8c6e], UserHandle{0}(icon: Icon(typ=BITMAP size=96x96) -> Icon(typ=BITMAP size=96x96))]

01-15 16:32:18.544  1389  3694 I Telecom : : Sending phone-account intent as user

01-15 16:32:18.564  1389  1606 V BroadcastQueue: [background] Process cur broadcast BroadcastRecord{4a8f4e4 u-1 android.telecom.action.PHONE_ACCOUNT_REGISTERED qIdx=4}, state= (APP_RECEIVE) DELIVERED for app ProcessRecord{32b9a9d 3060:android.process.acore/u0a47}

01-15 16:32:18.804  1389  6516 D SSRM:n  : SIOP:: AP = 260, PST = 260 (W:30), LCD = 0

01-15 16:32:20.144  1389  3119 E Watchdog: !@Sync 7492 [01-15 16:32:20.148]

01-15 16:32:21.444  3232  3232 D MccTable: updateMccMncConfiguration mccmnc='311480' fromServiceState=true

01-15 16:32:21.444  3232  3232 D MccTable: updateMccMncConfiguration defaultMccMnc=311480

01-15 16:32:21.444  3232  3232 D MccTable: updateMccMncConfiguration: mcc=311, mnc=480

01-15 16:32:21.444  3232  3232 D MccTable: WIFI_COUNTRY_CODE set to us

01-15 16:32:21.444  1389  3695 I WifiService: WifiService trying to set country code to us with persist set to true

01-15 16:32:21.474  1389  3605 D AlarmManager: setTimeZone : America/Denver calling from uid: 1001 pid :3232

01-15 16:32:21.504  1389  1606 V BroadcastQueue: [background] Process cur broadcast BroadcastRecord{2e5ed4d u-1 android.intent.action.NETWORK_SET_TIMEZONE qIdx=4}, state= (APP_RECEIVE) DELIVERED for app ProcessRecord{ab9c74 13002:com.sec.android.app.popupuireceiver/1000}

01-15 16:32:21.614  1389  1389 D WifiService: onServiceStateChanged : 0

01-15 16:32:21.694  1389  1606 V BroadcastQueue: [background] Process cur broadcast BroadcastRecord{c1b002 u-1 android.intent.action.SERVICE_STATE qIdx=4}, state= (APP_RECEIVE) DELIVERED for app ProcessRecord{c23eda7 25781:com.sec.android.app.mt/1000}

01-15 16:32:21.734  1389  3605 V BroadcastQueue: [background] Process cur broadcast BroadcastRecord{c1b002 u-1 android.intent.action.SERVICE_STATE qIdx=4}, state= (APP_RECEIVE) DELIVERED for app ProcessRecord{2ff3c2e 20273:com.verizon.messaging.vzmsgs/u0a90}

01-15 16:32:21.844  1389  3605 I Telecom : PhoneAccountRegistrar: [ComponentInfo{com.android.phone/com.android.services.telephony.TelephonyConnectionService}, [406b9cce917dceae5a392405bf42879017fb8c6e], UserHandle{0}(icon: Icon(typ=BITMAP size=96x96) -> Icon(typ=BITMAP size=96x96))(lbl: Verizon Wireless -> Searching for Service)(desc: Verizon Wireless -> Searching for Service)]

01-15 16:32:21.874  1389  3605 I Telecom : : Sending phone-account intent as user

01-15 16:32:21.884  1389  1606 V BroadcastQueue: [background] Process cur broadcast BroadcastRecord{9a4bd13 u-1 android.telecom.action.PHONE_ACCOUNT_REGISTERED qIdx=4}, state= (APP_RECEIVE) DELIVERED for app ProcessRecord{32b9a9d 3060:android.process.acore/u0a47}

01-15 16:32:21.904  1389  3260 W Telecom : : No account found for the calling user

01-15 16:32:21.944  1389  3695 I Telecom : PhoneAccountRegistrar: [ComponentInfo{com.android.phone/com.android.services.telephony.TelephonyConnectionService}, [406b9cce917dceae5a392405bf42879017fb8c6e], UserHandle{0}(icon: Icon(typ=BITMAP size=96x96) -> Icon(typ=BITMAP size=96x96))]

01-15 16:32:21.954  1389  3695 I Telecom : : Sending phone-account intent as user

01-15 16:32:21.974  1389  1606 V BroadcastQueue: [background] Process cur broadcast BroadcastRecord{284a081 u-1 android.telecom.action.PHONE_ACCOUNT_REGISTERED qIdx=4}, state= (APP_RECEIVE) DELIVERED for app ProcessRecord{32b9a9d 3060:android.process.acore/u0a47}

01-15 16:32:21.994  1389  3058 W Telecom : : No account found for the calling user

01-15 16:32:22.014  1389  3373 I Telecom : PhoneAccountRegistrar: [ComponentInfo{com.android.phone/com.android.services.telephony.TelephonyConnectionService}, [406b9cce917dceae5a392405bf42879017fb8c6e], UserHandle{0}(icon: Icon(typ=BITMAP size=96x96) -> Icon(typ=BITMAP size=96x96))]

01-15 16:32:22.024  1389  3373 I Telecom : : Sending phone-account intent as user

01-15 16:32:22.034  1389  1606 V BroadcastQueue: [background] Process cur broadcast BroadcastRecord{9dfba5f u-1 android.telecom.action.PHONE_ACCOUNT_REGISTERED qIdx=4}, state= (APP_RECEIVE) DELIVERED for app ProcessRecord{32b9a9d 3060:android.process.acore/u0a47}

01-15 16:32:22.034  1389  3694 I Telecom : PhoneAccountRegistrar: [ComponentInfo{com.android.phone/com.android.services.telephony.TelephonyConnectionService}, [406b9cce917dceae5a392405bf42879017fb8c6e], UserHandle{0}(icon: Icon(typ=BITMAP size=96x96) -> Icon(typ=BITMAP size=96x96))]

01-15 16:32:22.054  1389  3694 I Telecom : : Sending phone-account intent as user

01-15 16:32:22.064  1389  1606 V BroadcastQueue: [background] Process cur broadcast BroadcastRecord{3857cac u-1 android.telecom.action.PHONE_ACCOUNT_REGISTERED qIdx=4}, state= (APP_RECEIVE) DELIVERED for app ProcessRecord{32b9a9d 3060:android.process.acore/u0a47}

01-15 16:32:27.544  1389  3257 D BatteryService: !@BatteryListener : batteryPropertiesChanged!

01-15 16:32:27.544  1389  3257 D BatteryService: level:100, scale:100, status:5, health:2, present:true, voltage: 4354, temperature: 242, technology: Li-ion, AC powered:false, USB powered:true, POGO powered:false, Wireless powered:false, icon:17303590, invalid charger:0, maxChargingCurrent:0

01-15 16:32:27.544  1389  3257 D BatteryService: online:4, current avg:-2, charge type:0, power sharing:false, high voltage charger:false, capacity:280000, batterySWSelfDischarging:false, current_now:0

01-15 16:32:27.554  1389  3257 D BatteryService: stay LED for fully charged

01-15 16:32:27.554  1389  1389 D BatteryService: Sending ACTION_BATTERY_CHANGED.

01-15 16:32:27.554  1389  1389 I MotionRecognitionService: Plugged

01-15 16:32:27.554  1389  1389 D MotionRecognitionService:   cableConnection= 1

01-15 16:32:27.554  1389  1389 D MotionRecognitionService: setPowerConnected | current backoffstate  = 1024 , state =1024

01-15 16:32:27.554  1389  1389 D MotionRecognitionService: skip setTransmitPower. 

01-15 16:32:27.594  2701  2701 D BatteryMeterView: ACTION_BATTERY_CHANGED : level:100 status:5 health:2

01-15 16:32:27.594  2701  2701 D BatteryMeterView: ACTION_BATTERY_CHANGED : level:100 status:5 health:2

01-15 16:32:27.594  2701  2701 D BatteryMeterView: ACTION_BATTERY_CHANGED : level:100 status:5 health:2

01-15 16:32:27.654  1389  3694 V AlarmManager:  remove PendingIntent] PendingIntent{4daad75: PendingIntentRecord{d20f27f com.android.phone broadcastIntent}}

01-15 16:32:28.874  1389  6516 D SSRM:n  : SIOP:: AP = 260, PST = 260 (W:30), CUR = -2, LCD = 0

01-15 16:32:30.934  1389  2382 V AlarmManager: Expired Alarm result :4

01-15 16:32:38.364  3232  3232 D MccTable: updateMccMncConfiguration mccmnc='00000' fromServiceState=true

01-15 16:32:38.364  3232  3232 D MccTable: updateMccMncConfiguration defaultMccMnc=311480

01-15 16:32:38.364  3232  3232 D MccTable: updateMccMncConfiguration: mcc=0, mnc=0

01-15 16:32:38.364  3232  3232 D MccTable: WIFI_COUNTRY_CODE set to 

01-15 16:32:38.364  1389  1407 I WifiService: WifiService trying to set country code to  with persist set to true

01-15 16:32:38.414  1389  1389 D WifiService: onServiceStateChanged : 1

01-15 16:32:38.414  1389  1389 D WifiService: [FCC]STATE_OUT_OF_SERVICE & Airplane off, setFccChannel(0)!!!

01-15 16:32:38.444  1389  1606 V BroadcastQueue: [background] Process cur broadcast BroadcastRecord{f23b798 u-1 android.intent.action.SERVICE_STATE qIdx=4}, state= (APP_RECEIVE) DELIVERED for app ProcessRecord{c23eda7 25781:com.sec.android.app.mt/1000}

01-15 16:32:38.464  1389  3260 V BroadcastQueue: [background] Process cur broadcast BroadcastRecord{f23b798 u-1 android.intent.action.SERVICE_STATE qIdx=4}, state= (APP_RECEIVE) DELIVERED for app ProcessRecord{2ff3c2e 20273:com.verizon.messaging.vzmsgs/u0a90}

01-15 16:32:38.514  1389  3260 I Telecom : PhoneAccountRegistrar: [ComponentInfo{com.android.phone/com.android.services.telephony.TelephonyConnectionService}, [406b9cce917dceae5a392405bf42879017fb8c6e], UserHandle{0}(icon: Icon(typ=BITMAP size=96x96) -> Icon(typ=BITMAP size=96x96))(lbl: Searching for Service -> Verizon Wireless)(desc: Searching for Service -> Verizon Wireless)]

01-15 16:32:38.524  1389  3260 I Telecom : : Sending phone-account intent as user

01-15 16:32:38.544  1389  1606 V BroadcastQueue: [background] Process cur broadcast BroadcastRecord{bb5abf1 u-1 android.telecom.action.PHONE_ACCOUNT_REGISTERED qIdx=4}, state= (APP_RECEIVE) DELIVERED for app ProcessRecord{32b9a9d 3060:android.process.acore/u0a47}

01-15 16:32:38.574  1389  3255 W Telecom : : No account found for the calling user

01-15 16:32:38.604  1389  2357 I Telecom : PhoneAccountRegistrar: [ComponentInfo{com.android.phone/com.android.services.telephony.TelephonyConnectionService}, [406b9cce917dceae5a392405bf42879017fb8c6e], UserHandle{0}(icon: Icon(typ=BITMAP size=96x96) -> Icon(typ=BITMAP size=96x96))]

01-15 16:32:38.614  1389  2357 I Telecom : : Sending phone-account intent as user

01-15 16:32:38.624  1389  1606 V BroadcastQueue: [background] Process cur broadcast BroadcastRecord{791f94f u-1 android.telecom.action.PHONE_ACCOUNT_REGISTERED qIdx=4}, state= (APP_RECEIVE) DELIVERED for app ProcessRecord{32b9a9d 3060:android.process.acore/u0a47}

01-15 16:32:38.954  1389  6516 D SSRM:n  : SIOP:: AP = 260, PST = 260 (W:30), CUR = -2, LCD = 0

01-15 16:32:42.354  3232  3232 D MccTable: updateMccMncConfiguration mccmnc='311480' fromServiceState=true

01-15 16:32:42.354  3232  3232 D MccTable: updateMccMncConfiguration defaultMccMnc=311480

01-15 16:32:42.354  3232  3232 D MccTable: updateMccMncConfiguration: mcc=311, mnc=480

01-15 16:32:42.354  3232  3232 D MccTable: WIFI_COUNTRY_CODE set to us

01-15 16:32:42.354  1389  3118 I WifiService: WifiService trying to set country code to us with persist set to true

01-15 16:32:42.384  1389  3058 D AlarmManager: setTimeZone : America/Denver calling from uid: 1001 pid :3232

01-15 16:32:42.414  1389  1606 V BroadcastQueue: [background] Process cur broadcast BroadcastRecord{53768dc u-1 android.intent.action.NETWORK_SET_TIMEZONE qIdx=4}, state= (APP_RECEIVE) DELIVERED for app ProcessRecord{ab9c74 13002:com.sec.android.app.popupuireceiver/1000}

01-15 16:32:42.514  1389  1389 D WifiService: onServiceStateChanged : 0

01-15 16:32:42.604  1389  1606 V BroadcastQueue: [background] Process cur broadcast BroadcastRecord{b2dde5 u-1 android.intent.action.SERVICE_STATE qIdx=4}, state= (APP_RECEIVE) DELIVERED for app ProcessRecord{c23eda7 25781:com.sec.android.app.mt/1000}

01-15 16:32:42.644  1389  3602 V BroadcastQueue: [background] Process cur broadcast BroadcastRecord{b2dde5 u-1 android.intent.action.SERVICE_STATE qIdx=4}, state= (APP_RECEIVE) DELIVERED for app ProcessRecord{2ff3c2e 20273:com.verizon.messaging.vzmsgs/u0a90}

01-15 16:32:42.734  1389  3602 I Telecom : PhoneAccountRegistrar: [ComponentInfo{com.android.phone/com.android.services.telephony.TelephonyConnectionService}, [406b9cce917dceae5a392405bf42879017fb8c6e], UserHandle{0}(icon: Icon(typ=BITMAP size=96x96) -> Icon(typ=BITMAP size=96x96))(lbl: Verizon Wireless -> Searching for Service)(desc: Verizon Wireless -> Searching for Service)]

01-15 16:32:42.764  1389  3602 I Telecom : : Sending phone-account intent as user

01-15 16:32:42.774  1389  1606 V BroadcastQueue: [background] Process cur broadcast BroadcastRecord{fe270ba u-1 android.telecom.action.PHONE_ACCOUNT_REGISTERED qIdx=4}, state= (APP_RECEIVE) DELIVERED for app ProcessRecord{32b9a9d 3060:android.process.acore/u0a47}

01-15 16:32:42.794  1389  3260 W Telecom : : No account found for the calling user

01-15 16:32:42.824  1389  3397 I Telecom : PhoneAccountRegistrar: [ComponentInfo{com.android.phone/com.android.services.telephony.TelephonyConnectionService}, [406b9cce917dceae5a392405bf42879017fb8c6e], UserHandle{0}(icon: Icon(typ=BITMAP size=96x96) -> Icon(typ=BITMAP size=96x96))]

01-15 16:32:42.834  1389  3397 I Telecom : : Sending phone-account intent as user

01-15 16:32:42.844  1389  1606 V BroadcastQueue: [background] Process cur broadcast BroadcastRecord{c516e0 u-1 android.telecom.action.PHONE_ACCOUNT_REGISTERED qIdx=4}, state= (APP_RECEIVE) DELIVERED for app ProcessRecord{32b9a9d 3060:android.process.acore/u0a47}

01-15 16:32:42.864  1389  3602 W Telecom : : No account found for the calling user

01-15 16:32:42.874  1389  2745 I Telecom : PhoneAccountRegistrar: [ComponentInfo{com.android.phone/com.android.services.telephony.TelephonyConnectionService}, [406b9cce917dceae5a392405bf42879017fb8c6e], UserHandle{0}(icon: Icon(typ=BITMAP size=96x96) -> Icon(typ=BITMAP size=96x96))]

01-15 16:32:42.884  1389  2745 I Telecom : : Sending phone-account intent as user

01-15 16:32:42.894  1389  1606 V BroadcastQueue: [background] Process cur broadcast BroadcastRecord{939f536 u-1 android.telecom.action.PHONE_ACCOUNT_REGISTERED qIdx=4}, state= (APP_RECEIVE) DELIVERED for app ProcessRecord{32b9a9d 3060:android.process.acore/u0a47}

01-15 16:32:42.904  1389  3694 I Telecom : PhoneAccountRegistrar: [ComponentInfo{com.android.phone/com.android.services.telephony.TelephonyConnectionService}, [406b9cce917dceae5a392405bf42879017fb8c6e], UserHandle{0}(icon: Icon(typ=BITMAP size=96x96) -> Icon(typ=BITMAP size=96x96))]

01-15 16:32:42.914  1389  3694 I Telecom : : Sending phone-account intent as user

01-15 16:32:42.924  1389  1606 V BroadcastQueue: [background] Process cur broadcast BroadcastRecord{4280c37 u-1 android.telecom.action.PHONE_ACCOUNT_REGISTERED qIdx=4}, state= (APP_RECEIVE) DELIVERED for app ProcessRecord{32b9a9d 3060:android.process.acore/u0a47}

01-15 16:32:49.024  1389  6516 D SSRM:n  : SIOP:: AP = 260, PST = 260 (W:30), CUR = -2, LCD = 0

01-15 16:32:50.144  1389  3119 E Watchdog: !@Sync 7493 [01-15 16:32:50.150]

01-15 16:32:55.414  3232  3232 D MccTable: updateMccMncConfiguration mccmnc='00000' fromServiceState=true

01-15 16:32:55.414  3232  3232 D MccTable: updateMccMncConfiguration defaultMccMnc=311480

01-15 16:32:55.414  3232  3232 D MccTable: updateMccMncConfiguration: mcc=0, mnc=0

01-15 16:32:55.414  3232  3232 D MccTable: WIFI_COUNTRY_CODE set to 

01-15 16:32:55.414  1389  3605 I WifiService: WifiService trying to set country code to  with persist set to true

01-15 16:32:55.504  1389  1389 D WifiService: onServiceStateChanged : 1

01-15 16:32:55.504  1389  1389 D WifiService: [FCC]STATE_OUT_OF_SERVICE & Airplane off, setFccChannel(0)!!!

01-15 16:32:55.574  1389  1606 V BroadcastQueue: [background] Process cur broadcast BroadcastRecord{25025a4 u-1 android.intent.action.SERVICE_STATE qIdx=4}, state= (APP_RECEIVE) DELIVERED for app ProcessRecord{c23eda7 25781:com.sec.android.app.mt/1000}

01-15 16:32:55.604  1389  3695 V BroadcastQueue: [background] Process cur broadcast BroadcastRecord{25025a4 u-1 android.intent.action.SERVICE_STATE qIdx=4}, state= (APP_RECEIVE) DELIVERED for app ProcessRecord{2ff3c2e 20273:com.verizon.messaging.vzmsgs/u0a90}

01-15 16:32:55.694  1389  3695 I Telecom : PhoneAccountRegistrar: [ComponentInfo{com.android.phone/com.android.services.telephony.TelephonyConnectionService}, [406b9cce917dceae5a392405bf42879017fb8c6e], UserHandle{0}(icon: Icon(typ=BITMAP size=96x96) -> Icon(typ=BITMAP size=96x96))(lbl: Searching for Service -> Verizon Wireless)(desc: Searching for Service -> Verizon Wireless)]

01-15 16:32:55.724  1389  3695 I Telecom : : Sending phone-account intent as user

01-15 16:32:55.734  1389  1606 V BroadcastQueue: [background] Process cur broadcast BroadcastRecord{8702f0d u-1 android.telecom.action.PHONE_ACCOUNT_REGISTERED qIdx=4}, state= (APP_RECEIVE) DELIVERED for app ProcessRecord{32b9a9d 3060:android.process.acore/u0a47}

01-15 16:32:55.754  1389  3373 W Telecom : : No account found for the calling user

01-15 16:32:55.784  1389  1408 I Telecom : PhoneAccountRegistrar: [ComponentInfo{com.android.phone/com.android.services.telephony.TelephonyConnectionService}, [406b9cce917dceae5a392405bf42879017fb8c6e], UserHandle{0}(icon: Icon(typ=BITMAP size=96x96) -> Icon(typ=BITMAP size=96x96))]

01-15 16:32:55.804  1389  1408 I Telecom : : Sending phone-account intent as user

01-15 16:32:55.824  1389  1606 V BroadcastQueue: [background] Process cur broadcast BroadcastRecord{e966b4b u-1 android.telecom.action.PHONE_ACCOUNT_REGISTERED qIdx=4}, state= (APP_RECEIVE) DELIVERED for app ProcessRecord{32b9a9d 3060:android.process.acore/u0a47}

01-15 16:32:57.924  1389  3373 D BatteryService: !@BatteryListener : batteryPropertiesChanged!

01-15 16:32:57.924  1389  3373 D BatteryService: level:100, scale:100, status:5, health:2, present:true, voltage: 4354, temperature: 243, technology: Li-ion, AC powered:false, USB powered:true, POGO powered:false, Wireless powered:false, icon:17303590, invalid charger:0, maxChargingCurrent:0

01-15 16:32:57.924  1389  3373 D BatteryService: online:4, current avg:0, charge type:0, power sharing:false, high voltage charger:false, capacity:280000, batterySWSelfDischarging:false, current_now:0

01-15 16:32:57.924  1389  3373 D BatteryService: stay LED for fully charged

01-15 16:32:57.924  1389  1389 D BatteryService: Sending ACTION_BATTERY_CHANGED.

01-15 16:32:57.924  1389  1389 I MotionRecognitionService: Plugged

01-15 16:32:57.924  1389  1389 D MotionRecognitionService:   cableConnection= 1

01-15 16:32:57.924  1389  1389 D MotionRecognitionService: setPowerConnected | current backoffstate  = 1024 , state =1024

01-15 16:32:57.924  1389  1389 D MotionRecognitionService: skip setTransmitPower. 

01-15 16:32:57.944  2701  2701 D BatteryMeterView: ACTION_BATTERY_CHANGED : level:100 status:5 health:2

01-15 16:32:57.944  2701  2701 D BatteryMeterView: ACTION_BATTERY_CHANGED : level:100 status:5 health:2

01-15 16:32:57.944  2701  2701 D BatteryMeterView: ACTION_BATTERY_CHANGED : level:100 status:5 health:2

01-15 16:32:58.004  1389  3694 V AlarmManager:  remove PendingIntent] PendingIntent{1beb928: PendingIntentRecord{d20f27f com.android.phone broadcastIntent}}

01-15 16:32:59.114  1389  6516 D SSRM:n  : SIOP:: AP = 260, PST = 260 (W:30), LCD = 0

01-15 16:32:59.994  1389  2382 V AlarmManager: Expired Alarm result :8

01-15 16:33:00.304  3232  3232 D MccTable: updateMccMncConfiguration mccmnc='311480' fromServiceState=true

01-15 16:33:00.304  3232  3232 D MccTable: updateMccMncConfiguration defaultMccMnc=311480

01-15 16:33:00.304  3232  3232 D MccTable: updateMccMncConfiguration: mcc=311, mnc=480

01-15 16:33:00.304  3232  3232 D MccTable: WIFI_COUNTRY_CODE set to us

01-15 16:33:00.304  1389  3257 I WifiService: WifiService trying to set country code to us with persist set to true

01-15 16:33:00.334  1389  3397 D AlarmManager: setTimeZone : America/Denver calling from uid: 1001 pid :3232

01-15 16:33:00.364  1389  1606 V BroadcastQueue: [background] Process cur broadcast BroadcastRecord{78f3641 u-1 android.intent.action.NETWORK_SET_TIMEZONE qIdx=4}, state= (APP_RECEIVE) DELIVERED for app ProcessRecord{ab9c74 13002:com.sec.android.app.popupuireceiver/1000}

01-15 16:33:00.474  1389  1389 D WifiService: onServiceStateChanged : 0

01-15 16:33:00.564  1389  1606 V BroadcastQueue: [background] Process cur broadcast BroadcastRecord{1c817e6 u-1 android.intent.action.SERVICE_STATE qIdx=4}, state= (APP_RECEIVE) DELIVERED for app ProcessRecord{c23eda7 25781:com.sec.android.app.mt/1000}

01-15 16:33:00.604  1389  3406 V BroadcastQueue: [background] Process cur broadcast BroadcastRecord{1c817e6 u-1 android.intent.action.SERVICE_STATE qIdx=4}, state= (APP_RECEIVE) DELIVERED for app ProcessRecord{2ff3c2e 20273:com.verizon.messaging.vzmsgs/u0a90}

01-15 16:33:00.674  1389  3406 I Telecom : PhoneAccountRegistrar: [ComponentInfo{com.android.phone/com.android.services.telephony.TelephonyConnectionService}, [406b9cce917dceae5a392405bf42879017fb8c6e], UserHandle{0}(icon: Icon(typ=BITMAP size=96x96) -> Icon(typ=BITMAP size=96x96))(lbl: Verizon Wireless -> Searching for Service)(desc: Verizon Wireless -> Searching for Service)]

01-15 16:33:00.694  1389  3406 I Telecom : : Sending phone-account intent as user

01-15 16:33:00.714  1389  1606 V BroadcastQueue: [background] Process cur broadcast BroadcastRecord{b5e7127 u-1 android.telecom.action.PHONE_ACCOUNT_REGISTERED qIdx=4}, state= (APP_RECEIVE) DELIVERED for app ProcessRecord{32b9a9d 3060:android.process.acore/u0a47}

01-15 16:33:00.734  1389  3260 W Telecom : : No account found for the calling user

01-15 16:33:00.764  1389  2745 I Telecom : PhoneAccountRegistrar: [ComponentInfo{com.android.phone/com.android.services.telephony.TelephonyConnectionService}, [406b9cce917dceae5a392405bf42879017fb8c6e], UserHandle{0}(icon: Icon(typ=BITMAP size=96x96) -> Icon(typ=BITMAP size=96x96))]

01-15 16:33:00.774  1389  2745 I Telecom : : Sending phone-account intent as user

01-15 16:33:00.784  1389  1606 V BroadcastQueue: [background] Process cur broadcast BroadcastRecord{d355735 u-1 android.telecom.action.PHONE_ACCOUNT_REGISTERED qIdx=4}, state= (APP_RECEIVE) DELIVERED for app ProcessRecord{32b9a9d 3060:android.process.acore/u0a47}

01-15 16:33:00.824  1389  1408 W Telecom : : No account found for the calling user

01-15 16:33:00.834  1389  3373 I Telecom : PhoneAccountRegistrar: [ComponentInfo{com.android.phone/com.android.services.telephony.TelephonyConnectionService}, [406b9cce917dceae5a392405bf42879017fb8c6e], UserHandle{0}(icon: Icon(typ=BITMAP size=96x96) -> Icon(typ=BITMAP size=96x96))]

01-15 16:33:00.844  1389  3373 I Telecom : : Sending phone-account intent as user

01-15 16:33:00.854  1389  1606 V BroadcastQueue: [background] Process cur broadcast BroadcastRecord{d3798b3 u-1 android.telecom.action.PHONE_ACCOUNT_REGISTERED qIdx=4}, state= (APP_RECEIVE) DELIVERED for app ProcessRecord{32b9a9d 3060:android.process.acore/u0a47}

01-15 16:33:00.864  1389  3602 I Telecom : PhoneAccountRegistrar: [ComponentInfo{com.android.phone/com.android.services.telephony.TelephonyConnectionService}, [406b9cce917dceae5a392405bf42879017fb8c6e], UserHandle{0}(icon: Icon(typ=BITMAP size=96x96) -> Icon(typ=BITMAP size=96x96))]

01-15 16:33:00.874  1389  3602 I Telecom : : Sending phone-account intent as user

01-15 16:33:00.874  1389  1606 V BroadcastQueue: [background] Process cur broadcast BroadcastRecord{ea4be70 u-1 android.telecom.action.PHONE_ACCOUNT_REGISTERED qIdx=4}, state= (APP_RECEIVE) DELIVERED for app ProcessRecord{32b9a9d 3060:android.process.acore/u0a47}

01-15 16:33:09.194  1389  6516 D SSRM:n  : SIOP:: AP = 260, PST = 260 (W:30), LCD = 0

01-15 16:33:14.514  1389  2382 V AlarmManager: Expired Alarm result :4

01-15 16:33:19.274  1389  6516 D SSRM:n  : SIOP:: AP = 260, PST = 260 (W:30), LCD = 0

01-15 16:33:20.144  1389  3119 E Watchdog: !@Sync 7494 [01-15 16:33:20.153]

01-15 16:33:28.284  1389  2357 D BatteryService: !@BatteryListener : batteryPropertiesChanged!

01-15 16:33:28.294  1389  2357 D BatteryService: level:100, scale:100, status:5, health:2, present:true, voltage: 4351, temperature: 243, technology: Li-ion, AC powered:false, USB powered:true, POGO powered:false, Wireless powered:false, icon:17303590, invalid charger:0, maxChargingCurrent:0

01-15 16:33:28.294  1389  2357 D BatteryService: online:4, current avg:-1, charge type:0, power sharing:false, high voltage charger:false, capacity:280000, batterySWSelfDischarging:false, current_now:-3

01-15 16:33:28.294  1389  2357 D BatteryService: stay LED for fully charged

01-15 16:33:28.294  1389  1389 D BatteryService: Sending ACTION_BATTERY_CHANGED.

01-15 16:33:28.294  1389  1389 I MotionRecognitionService: Plugged

01-15 16:33:28.294  1389  1389 D MotionRecognitionService:   cableConnection= 1

01-15 16:33:28.294  1389  1389 D MotionRecognitionService: setPowerConnected | current backoffstate  = 1024 , state =1024

01-15 16:33:28.294  1389  1389 D MotionRecognitionService: skip setTransmitPower. 

01-15 16:33:28.324  2701  2701 D BatteryMeterView: ACTION_BATTERY_CHANGED : level:100 status:5 health:2

01-15 16:33:28.324  2701  2701 D BatteryMeterView: ACTION_BATTERY_CHANGED : level:100 status:5 health:2

01-15 16:33:28.324  2701  2701 D BatteryMeterView: ACTION_BATTERY_CHANGED : level:100 status:5 health:2

01-15 16:33:28.384  1389  3373 V AlarmManager:  remove PendingIntent] PendingIntent{a090d0f: PendingIntentRecord{d20f27f com.android.phone broadcastIntent}}

01-15 16:33:29.354  1389  6516 D SSRM:n  : SIOP:: AP = 260, PST = 260 (W:30), CUR = -1, LCD = 0

01-15 16:33:38.424  3232  3232 D MccTable: updateMccMncConfiguration mccmnc='00000' fromServiceState=true

01-15 16:33:38.424  3232  3232 D MccTable: updateMccMncConfiguration defaultMccMnc=311480

01-15 16:33:38.424  3232  3232 D MccTable: updateMccMncConfiguration: mcc=0, mnc=0

01-15 16:33:38.424  3232  3232 D MccTable: WIFI_COUNTRY_CODE set to 

01-15 16:33:38.434  1389  3255 I WifiService: WifiService trying to set country code to  with persist set to true

01-15 16:33:38.504  1389  1389 D WifiService: onServiceStateChanged : 1

